02:06:36 DEBUG : Logs will be stored at 'C:/Users/Jason.Wyche/source/repos/ece383_wksp/Software_Controlled_Datapath/IDE.log'.
02:06:41 INFO  : Launching XSCT server: xsct.bat -n  -interactive C:\Users\Jason.Wyche\source\repos\ece383_wksp\Software_Controlled_Datapath\temp_xsdb_launch_script.tcl
02:06:41 INFO  : Registering command handlers for Vitis TCF services
02:06:41 INFO  : Platform repository initialization has completed.
02:06:46 INFO  : XSCT server has started successfully.
02:06:46 INFO  : plnx-install-location is set to ''
02:06:52 INFO  : Successfully done setting XSCT server connection channel  
02:06:52 INFO  : Successfully done query RDI_DATADIR 
02:06:52 INFO  : Successfully done setting workspace for the tool. 
02:09:08 INFO  : Result from executing command 'getProjects': Software_Controlled_Datapath_wrapper
02:09:08 INFO  : Result from executing command 'getPlatforms': 
02:09:08 WARN  : An unexpected exception occurred in the module 'platform project logging'
02:09:09 INFO  : Platform 'Software_Controlled_Datapath_wrapper' is added to custom repositories.
02:09:12 INFO  : Platform 'Software_Controlled_Datapath_wrapper' is added to custom repositories.
02:13:07 INFO  : Result from executing command 'getProjects': Software_Controlled_Datapath_wrapper
02:13:07 INFO  : Result from executing command 'getPlatforms': Software_Controlled_Datapath_wrapper|C:/Users/Jason.Wyche/source/repos/ece383_wksp/Software_Controlled_Datapath/Software_Controlled_Datapath_wrapper/export/Software_Controlled_Datapath_wrapper/Software_Controlled_Datapath_wrapper.xpfm
02:13:41 INFO  : Checking for BSP changes to sync application flags for project 'Software_Controlled_Datapath_Vitis'...
02:15:40 INFO  : Checking for BSP changes to sync application flags for project 'Software_Controlled_Datapath_Vitis'...
02:19:29 INFO  : Result from executing command 'removePlatformRepo': 
02:19:34 ERROR : Error from executing command 'removePlatformRepo': ERROR: No valid directory exists at given path.
02:19:59 INFO  : Result from executing command 'getProjects': Software_Controlled_Datapath_wrapper
02:19:59 INFO  : Result from executing command 'getPlatforms': 
02:20:05 INFO  : Checking for BSP changes to sync application flags for project 'Software_Controlled_Datapath_Vitis'...
02:22:47 INFO  : Checking for BSP changes to sync application flags for project 'Software_Controlled_Datapath_Vitis'...
02:23:44 INFO  : Result from executing command 'removePlatformRepo': 
02:23:57 INFO  : Result from executing command 'getProjects': Software_Controlled_Datapath_wrapper
02:23:58 INFO  : Result from executing command 'getPlatforms': 
02:23:58 INFO  : Checking for BSP changes to sync application flags for project 'Software_Controlled_Datapath_Vitis'...
09:19:24 DEBUG : Logs will be stored at 'C:/Users/Jason.Wyche/source/repos/ece383_wksp/Software_Controlled_Datapath/IDE.log'.
09:19:25 INFO  : Launching XSCT server: xsct.bat -n  -interactive C:\Users\Jason.Wyche\source\repos\ece383_wksp\Software_Controlled_Datapath\temp_xsdb_launch_script.tcl
09:19:28 INFO  : XSCT server has started successfully.
09:19:28 INFO  : plnx-install-location is set to ''
09:19:28 INFO  : Successfully done setting XSCT server connection channel  
09:19:28 INFO  : Successfully done setting workspace for the tool. 
09:19:28 INFO  : Platform repository initialization has completed.
09:19:33 INFO  : Successfully done query RDI_DATADIR 
09:19:33 INFO  : Registering command handlers for Vitis TCF services
09:21:34 INFO  : Result from executing command 'removePlatformRepo': 
09:21:38 ERROR : Error from executing command 'removePlatformRepo': ERROR: No valid directory exists at given path.
09:22:07 INFO  : Result from executing command 'getProjects': Software_Controlled_Datapath_wrapper
09:22:07 INFO  : Result from executing command 'getPlatforms': 
09:22:30 INFO  : Checking for BSP changes to sync application flags for project 'Software_Controlled_Datapath_Vitis'...
09:33:34 ERROR : Failed to create platform for application project
Reason: Failed to create platform.
09:33:34 WARN  : An unexpected exception occurred in the module 'platform project logging'
09:33:34 INFO  : Platform creation cancelled by the user.
09:36:49 INFO  : Result from executing command 'getProjects': Software_Controlled_Datapath_wrapper_V2
09:36:49 INFO  : Result from executing command 'getPlatforms': 
09:36:50 WARN  : An unexpected exception occurred in the module 'platform project logging'
09:36:50 INFO  : Platform 'Software_Controlled_Datapath_wrapper_V2' is added to custom repositories.
09:36:52 INFO  : Platform 'Software_Controlled_Datapath_wrapper_V2' is added to custom repositories.
09:45:56 INFO  : Result from executing command 'getProjects': Software_Controlled_Datapath_wrapper_V2
09:45:56 INFO  : Result from executing command 'getPlatforms': Software_Controlled_Datapath_wrapper_V2|C:/Users/Jason.Wyche/source/repos/ece383_wksp/Software_Controlled_Datapath/Software_Controlled_Datapath_wrapper_V2/export/Software_Controlled_Datapath_wrapper_V2/Software_Controlled_Datapath_wrapper_V2.xpfm
09:45:57 INFO  : Checking for BSP changes to sync application flags for project 'Software_Controlled_Datapath_Vitis_V2'...
09:58:10 INFO  : Result from executing command 'removePlatformRepo': 
09:58:26 INFO  : Result from executing command 'getProjects': Software_Controlled_Datapath_wrapper_V2
09:58:26 INFO  : Result from executing command 'getPlatforms': 
09:58:26 INFO  : Checking for BSP changes to sync application flags for project 'Software_Controlled_Datapath_Vitis_V2'...
10:11:20 ERROR : Failed to update hardware specification for project 'Software_Controlled_Datapath_wrapper_V2'.
Reason: Failed to execute command 'platform config -updatehw {C:/Users/Jason.Wyche/source/repos/ece383_wksp/Software_Controlled_Datapath/Software_Controlled_Datapath_wrapper.xsa}'. Click on details for more information.
10:11:42 ERROR : Failed to update hardware specification for project 'Software_Controlled_Datapath_wrapper_V2'.
Reason: Failed to execute command 'platform config -updatehw {C:/Users/Jason.Wyche/source/repos/ece383_wksp/Software_Controlled_Datapath/Software_Controlled_Datapath_wrapper.xsa}'. Click on details for more information.
10:20:58 INFO  : Result from executing command 'removePlatformRepo': 
10:21:03 ERROR : Error from executing command 'removePlatformRepo': ERROR: No valid directory exists at given path.
10:21:16 INFO  : Result from executing command 'getProjects': Software_Controlled_Datapath_wrapper_V2
10:21:16 INFO  : Result from executing command 'getPlatforms': 
10:21:34 INFO  : Checking for BSP changes to sync application flags for project 'Software_Controlled_Datapath_Vitis_V2'...
10:24:20 INFO  : Result from executing command 'removePlatformRepo': 
10:24:27 ERROR : Error from executing command 'removePlatformRepo': ERROR: No valid directory exists at given path.
10:24:35 ERROR : Error from executing command 'removePlatformRepo': ERROR: No valid directory exists at given path.
10:27:23 INFO  : Result from executing command 'getProjects': Software_Controlled_Datapath_wrapper_V2
10:27:23 INFO  : Result from executing command 'getPlatforms': 
10:27:23 INFO  : Checking for BSP changes to sync application flags for project 'Software_Controlled_Datapath_Vitis_V2'...
10:31:25 INFO  : Result from executing command 'removePlatformRepo': 
10:31:31 ERROR : Error from executing command 'removePlatformRepo': ERROR: No valid directory exists at given path.
10:32:11 INFO  : Result from executing command 'getProjects': Software_Controlled_Datapath_wrapper_V2
10:32:11 INFO  : Result from executing command 'getPlatforms': 
10:32:25 INFO  : Checking for BSP changes to sync application flags for project 'Software_Controlled_Datapath_Vitis_V2'...
10:36:59 INFO  : Result from executing command 'removePlatformRepo': 
10:37:04 ERROR : Error from executing command 'removePlatformRepo': ERROR: No valid directory exists at given path.
10:37:13 INFO  : Result from executing command 'getProjects': Software_Controlled_Datapath_wrapper_V2
10:37:13 INFO  : Result from executing command 'getPlatforms': 
10:37:24 INFO  : Checking for BSP changes to sync application flags for project 'Software_Controlled_Datapath_Vitis_V2'...
10:43:17 INFO  : Connected to target on host '127.0.0.1' and port '3121'.
10:43:18 INFO  : Jtag cable 'Digilent Nexys Video 210276BA0139B' is selected.
10:43:18 INFO  : 'jtag frequency' command is executed.
10:43:18 INFO  : 'targets -set -filter {jtag_cable_name =~ "Digilent Nexys Video 210276BA0139B" && level==0 && jtag_device_ctx=="jsn-Nexys Video-210276BA0139B-13636093-0"}' command is executed.
10:43:24 INFO  : Device configured successfully with "C:/Users/Jason.Wyche/source/repos/ece383_wksp/Software_Controlled_Datapath/Software_Controlled_Datapath_Vitis_V2/_ide/bitstream/Software_Controlled_Datapath_wrapper.bit"
10:43:24 INFO  : Context for processor 'microblaze_0' is selected.
10:43:24 INFO  : Hardware design and registers information is loaded from 'C:/Users/Jason.Wyche/source/repos/ece383_wksp/Software_Controlled_Datapath/Software_Controlled_Datapath_wrapper_V2/export/Software_Controlled_Datapath_wrapper_V2/hw/Software_Controlled_Datapath_wrapper.xsa'.
10:43:24 INFO  : 'configparams mdm-detect-bscan-mask 2' command is executed.
10:43:24 INFO  : Context for processor 'microblaze_0' is selected.
10:43:24 INFO  : System reset is completed.
10:43:27 INFO  : 'after 3000' command is executed.
10:43:27 INFO  : Context for processor 'microblaze_0' is selected.
10:43:28 INFO  : The application 'C:/Users/Jason.Wyche/source/repos/ece383_wksp/Software_Controlled_Datapath/Software_Controlled_Datapath_Vitis_V2/Debug/Software_Controlled_Datapath_Vitis_V2.elf' is downloaded to processor 'microblaze_0'.
10:43:28 INFO  : ----------------XSDB Script----------------
connect -url tcp:127.0.0.1:3121
targets -set -filter {jtag_cable_name =~ "Digilent Nexys Video 210276BA0139B" && level==0 && jtag_device_ctx=="jsn-Nexys Video-210276BA0139B-13636093-0"}
fpga -file C:/Users/Jason.Wyche/source/repos/ece383_wksp/Software_Controlled_Datapath/Software_Controlled_Datapath_Vitis_V2/_ide/bitstream/Software_Controlled_Datapath_wrapper.bit
targets -set -nocase -filter {name =~ "*microblaze*#0" && bscan=="USER2" }
loadhw -hw C:/Users/Jason.Wyche/source/repos/ece383_wksp/Software_Controlled_Datapath/Software_Controlled_Datapath_wrapper_V2/export/Software_Controlled_Datapath_wrapper_V2/hw/Software_Controlled_Datapath_wrapper.xsa -regs
configparams mdm-detect-bscan-mask 2
targets -set -nocase -filter {name =~ "*microblaze*#0" && bscan=="USER2" }
rst -system
after 3000
targets -set -nocase -filter {name =~ "*microblaze*#0" && bscan=="USER2" }
dow C:/Users/Jason.Wyche/source/repos/ece383_wksp/Software_Controlled_Datapath/Software_Controlled_Datapath_Vitis_V2/Debug/Software_Controlled_Datapath_Vitis_V2.elf
----------------End of Script----------------

10:43:28 INFO  : Context for processor 'microblaze_0' is selected.
10:43:28 INFO  : 'con' command is executed.
10:43:28 INFO  : ----------------XSDB Script (After Launch)----------------
targets -set -nocase -filter {name =~ "*microblaze*#0" && bscan=="USER2" }
con
----------------End of Script----------------

10:43:28 INFO  : Launch script is exported to file 'C:\Users\Jason.Wyche\source\repos\ece383_wksp\Software_Controlled_Datapath\Software_Controlled_Datapath_Vitis_V2_system\_ide\scripts\debugger_software_controlled_datapath_vitis_v2-default.tcl'
