Copyright 1986-2022 Xilinx, Inc. All Rights Reserved. Copyright 2022-2024 Advanced Micro Devices, Inc. All Rights Reserved.
---------------------------------------------------------------------------------------------------------------------------------------------
| Tool Version : Vivado v.2024.2 (win64) Build 5239630 Fri Nov 08 22:35:27 MST 2024
| Date         : Sat Mar 14 21:06:05 2026
| Host         : WycheSurfacePro running 64-bit major release  (build 9200)
| Command      : upgrade_ip
| Device       : xc7a200tsbg484-1
---------------------------------------------------------------------------------------------------------------------------------------------

Upgrade Log for IP 'design_1_OScope_2Channel_IP_0_0'

1. Summary
----------

SUCCESS in the upgrade of design_1_OScope_2Channel_IP_0_0 (xilinx.com:user:OScope_2Channel_IP:1.0) from (Rev. 16) to (Rev. 17)






Copyright 1986-2022 Xilinx, Inc. All Rights Reserved. Copyright 2022-2024 Advanced Micro Devices, Inc. All Rights Reserved.
---------------------------------------------------------------------------------------------------------------------------------------------
| Tool Version : Vivado v.2024.2 (win64) Build 5239630 Fri Nov 08 22:35:27 MST 2024
| Date         : Sat Mar 14 13:53:26 2026
| Host         : WycheSurfacePro running 64-bit major release  (build 9200)
| Command      : upgrade_ip
| Device       : xc7a200tsbg484-1
---------------------------------------------------------------------------------------------------------------------------------------------

Upgrade Log for IP 'design_1_OScope_2Channel_IP_0_0'

1. Summary
----------

SUCCESS in the upgrade of design_1_OScope_2Channel_IP_0_0 (xilinx.com:user:OScope_2Channel_IP:1.0) from (Rev. 15) to (Rev. 16)






Copyright 1986-2022 Xilinx, Inc. All Rights Reserved. Copyright 2022-2024 Advanced Micro Devices, Inc. All Rights Reserved.
---------------------------------------------------------------------------------------------------------------------------------------------
| Tool Version : Vivado v.2024.2 (win64) Build 5239630 Fri Nov 08 22:35:27 MST 2024
| Date         : Sat Mar 14 13:30:33 2026
| Host         : WycheSurfacePro running 64-bit major release  (build 9200)
| Command      : upgrade_ip
| Device       : xc7a200tsbg484-1
---------------------------------------------------------------------------------------------------------------------------------------------

Upgrade Log for IP 'design_1_OScope_2Channel_IP_0_0'

1. Summary
----------

SUCCESS in the upgrade of design_1_OScope_2Channel_IP_0_0 (xilinx.com:user:OScope_2Channel_IP:1.0) from (Rev. 14) to (Rev. 15)






Copyright 1986-2022 Xilinx, Inc. All Rights Reserved. Copyright 2022-2024 Advanced Micro Devices, Inc. All Rights Reserved.
---------------------------------------------------------------------------------------------------------------------------------------------
| Tool Version : Vivado v.2024.2 (win64) Build 5239630 Fri Nov 08 22:35:27 MST 2024
| Date         : Sat Mar 14 01:52:22 2026
| Host         : WycheSurfacePro running 64-bit major release  (build 9200)
| Command      : upgrade_ip
| Device       : xc7a200tsbg484-1
---------------------------------------------------------------------------------------------------------------------------------------------

Upgrade Log for IP 'design_1_OScope_2Channel_IP_0_0'

1. Summary
----------

SUCCESS in the upgrade of design_1_OScope_2Channel_IP_0_0 (xilinx.com:user:OScope_2Channel_IP:1.0) from (Rev. 12) to (Rev. 14)






Copyright 1986-2022 Xilinx, Inc. All Rights Reserved. Copyright 2022-2024 Advanced Micro Devices, Inc. All Rights Reserved.
---------------------------------------------------------------------------------------------------------------------------------------------
| Tool Version : Vivado v.2024.2 (win64) Build 5239630 Fri Nov 08 22:35:27 MST 2024
| Date         : Sat Mar 14 01:34:05 2026
| Host         : WycheSurfacePro running 64-bit major release  (build 9200)
| Command      : upgrade_ip
| Device       : xc7a200tsbg484-1
---------------------------------------------------------------------------------------------------------------------------------------------

Upgrade Log for IP 'design_1_OScope_2Channel_IP_0_0'

1. Summary
----------

SUCCESS in the upgrade of design_1_OScope_2Channel_IP_0_0 (xilinx.com:user:OScope_2Channel_IP:1.0) from (Rev. 11) to (Rev. 12)

