14:22:29 **** Build of project Software_Controlled_Datapath_wrapper_V2 ****
buildplatform.bat 60443 Software_Controlled_Datapath_wrapper_V2  

****** Software Commandline Tool (XSCT) v2024.2.0
  **** SW Build 5239620 on Sun Nov 10 09:56:12 MST 2024
    ** Copyright 1986-2022 Xilinx, Inc. All Rights Reserved.
    ** Copyright 2022-2024 Advanced Micro Devices, Inc. All Rights Reserved.


Warning: XSCT is deprecated and will be removed in future releases.
We recommend using the new Python command-line tool for project management and debugging:
- Run "vitis -i" for interactive mode.
- Run "vitis -s <script>" for script mode.
XSDB Server Channel: tcfchan#4
Failed to generate the platform.
Reason: Failed to generate the bsp sources for domain.standalone_microblaze_0

Details: ERROR: [Hsi 55-1460] Hardware Design design_1_wrapper is not found

ERROR: [Hsi 55-1460] Hardware Design design_1_wrapper is not found

ERROR: [Hsi 55-1593] Current Hardware Design is not set.

ERROR: [Hsi 55-1593] Current Hardware Design is not set.

ERROR: [Hsi 55-1593] Current Hardware Design is not set.

ERROR: [Hsi 55-1497] No Active Hardware Design Present

Error in copy exception raised, while copying C:/Users/Jason.Wyche/source/repos/ece383_wksp/Software_Controlled_Datapath/Software_Controlled_Datapath_wrapper_V2/microblaze_0/standalone_microblaze_0/bsp/system.mss To C:/Users/Jason.Wyche/source/repos/ece383_wksp/Software_Controlled_Datapath/Software_Controlled_Datapath_wrapper_V2/export/Software_Controlled_Datapath_wrapper_V2/sw/Software_Controlled_Datapath_wrapper_V2/standalone_microblaze_0
ERROR: [Hsi 55-1592] Current Software Design is not set

    invoked from within
"::tcf::eval -progress {apply {{msg} {puts $msg}}} {tcf_send_command tcfchan#0 xsdb eval s es {{platform active Software_Controlled_Datapath_wrapper_V2; platform generate }}}"
    (procedure "::tcf::send_command" line 4)
    invoked from within
"tcf send_command $::xsdb::curchan xsdb eval s es [list "platform active $PLATFORM_NAME; platform generate $target"]"
    invoked from within
"if { $iswindows == 1 } {    

    set XSDB_PORT [lindex $argv 0]
    set PLATFORM_NAME [lindex $argv 1]
    set arglen [llength $argv]
    set lastind..."
    (file "C:/Xilinx/Vitis/2024.2\scripts\vitis\util\buildplatform.tcl" line 11)
 Exception Message boost::filesystem::copy_file: The system cannot find the file specified: "C:/Users/Jason.Wyche/source/repos/ece383_wksp/Software_Controlled_Datapath/Software_Controlled_Datapath_wrapper_V2/microblaze_0/standalone_microblaze_0/bsp/system.mss", "C:/Users/Jason.Wyche/source/repos/ece383_wksp/Software_Controlled_Datapath/Software_Controlled_Datapath_wrapper_V2/export/Software_Controlled_Datapath_wrapper_V2/sw/Software_Controlled_Datapath_wrapper_V2/standalone_microblaze_0/system.mss"
ERROR: [Hsi 55-1460] Hardware Design design_1_wrapper is not found

ERROR: [Hsi 55-1460] Hardware Design design_1_wrapper is not found

ERROR: [Hsi 55-1593] Current Hardware Design is not set.

ERROR: [Hsi 55-1593] Current Hardware Design is not set.

ERROR: [Hsi 55-1593] Current Hardware Design is not set.

ERROR: [Hsi 55-1497] No Active Hardware Design Present

ERROR: [Hsi 55-1592] Current Software Design is not set


14:22:31 Build Finished (took 1s.866ms)

