08:57:11 DEBUG : Logs will be stored at 'C:/Users/Jason.Wyche/source/repos/ece383_wksp/ice3/Microblaze_Interrupts/IDE.log'.
08:57:17 INFO  : Registering command handlers for Vitis TCF services
08:57:17 INFO  : Launching XSCT server: xsct.bat -n  -interactive C:\Users\Jason.Wyche\source\repos\ece383_wksp\ice3\Microblaze_Interrupts\temp_xsdb_launch_script.tcl
08:57:17 INFO  : Platform repository initialization has completed.
08:57:24 INFO  : XSCT server has started successfully.
08:57:29 INFO  : plnx-install-location is set to ''
08:57:29 INFO  : Successfully done setting XSCT server connection channel  
08:57:29 INFO  : Successfully done query RDI_DATADIR 
08:57:29 INFO  : Successfully done setting workspace for the tool. 
08:59:29 INFO  : Result from executing command 'getProjects': design_1_wrapper
08:59:29 INFO  : Result from executing command 'getPlatforms': 
08:59:29 WARN  : An unexpected exception occurred in the module 'platform project logging'
08:59:29 INFO  : Platform 'design_1_wrapper' is added to custom repositories.
08:59:33 INFO  : Platform 'design_1_wrapper' is added to custom repositories.
09:01:45 ERROR : An unexpected exception occurred in the module 'reading platform'
09:04:14 INFO  : Platform 'design_1_wrapper' is added to custom repositories.
09:09:47 INFO  : Result from executing command 'getProjects': design_1_wrapper
09:09:47 INFO  : Result from executing command 'getPlatforms': design_1_wrapper|C:/Users/Jason.Wyche/source/repos/ece383_wksp/ice3/Microblaze_Interrupts/design_1_wrapper/export/design_1_wrapper/design_1_wrapper.xpfm
09:09:47 INFO  : Checking for BSP changes to sync application flags for project 'Microblaze_Interrupts_Vitis'...
09:11:46 INFO  : Connected to target on host '127.0.0.1' and port '3121'.
09:11:47 INFO  : Jtag cable 'Digilent Nexys Video 210276BA0139B' is selected.
09:11:47 INFO  : 'jtag frequency' command is executed.
09:11:47 INFO  : 'targets -set -filter {jtag_cable_name =~ "Digilent Nexys Video 210276BA0139B" && level==0 && jtag_device_ctx=="jsn-Nexys Video-210276BA0139B-13636093-0"}' command is executed.
09:11:53 INFO  : Device configured successfully with "C:/Users/Jason.Wyche/source/repos/ece383_wksp/ice3/Microblaze_Interrupts/Microblaze_Interrupts_Vitis/_ide/bitstream/design_1_wrapper.bit"
09:11:53 INFO  : Context for processor 'microblaze_0' is selected.
09:11:53 INFO  : Hardware design and registers information is loaded from 'C:/Users/Jason.Wyche/source/repos/ece383_wksp/ice3/Microblaze_Interrupts/design_1_wrapper/export/design_1_wrapper/hw/design_1_wrapper.xsa'.
09:11:53 INFO  : 'configparams mdm-detect-bscan-mask 2' command is executed.
09:11:53 INFO  : Context for processor 'microblaze_0' is selected.
09:11:53 INFO  : System reset is completed.
09:11:56 INFO  : 'after 3000' command is executed.
09:11:56 INFO  : Context for processor 'microblaze_0' is selected.
09:11:56 INFO  : The application 'C:/Users/Jason.Wyche/source/repos/ece383_wksp/ice3/Microblaze_Interrupts/Microblaze_Interrupts_Vitis/Debug/Microblaze_Interrupts_Vitis.elf' is downloaded to processor 'microblaze_0'.
09:11:56 INFO  : ----------------XSDB Script----------------
connect -url tcp:127.0.0.1:3121
targets -set -filter {jtag_cable_name =~ "Digilent Nexys Video 210276BA0139B" && level==0 && jtag_device_ctx=="jsn-Nexys Video-210276BA0139B-13636093-0"}
fpga -file C:/Users/Jason.Wyche/source/repos/ece383_wksp/ice3/Microblaze_Interrupts/Microblaze_Interrupts_Vitis/_ide/bitstream/design_1_wrapper.bit
targets -set -nocase -filter {name =~ "*microblaze*#0" && bscan=="USER2" }
loadhw -hw C:/Users/Jason.Wyche/source/repos/ece383_wksp/ice3/Microblaze_Interrupts/design_1_wrapper/export/design_1_wrapper/hw/design_1_wrapper.xsa -regs
configparams mdm-detect-bscan-mask 2
targets -set -nocase -filter {name =~ "*microblaze*#0" && bscan=="USER2" }
rst -system
after 3000
targets -set -nocase -filter {name =~ "*microblaze*#0" && bscan=="USER2" }
dow C:/Users/Jason.Wyche/source/repos/ece383_wksp/ice3/Microblaze_Interrupts/Microblaze_Interrupts_Vitis/Debug/Microblaze_Interrupts_Vitis.elf
----------------End of Script----------------

09:11:57 INFO  : Context for processor 'microblaze_0' is selected.
09:11:57 INFO  : 'con' command is executed.
09:11:57 INFO  : ----------------XSDB Script (After Launch)----------------
targets -set -nocase -filter {name =~ "*microblaze*#0" && bscan=="USER2" }
con
----------------End of Script----------------

09:11:57 INFO  : Launch script is exported to file 'C:\Users\Jason.Wyche\source\repos\ece383_wksp\ice3\Microblaze_Interrupts\Microblaze_Interrupts_Vitis_system\_ide\scripts\debugger_microblaze_interrupts_vitis-default.tcl'
09:15:05 INFO  : Checking for BSP changes to sync application flags for project 'Microblaze_Interrupts_Vitis'...
09:15:42 INFO  : Disconnected from the channel tcfchan#2.
09:15:43 INFO  : Connected to target on host '127.0.0.1' and port '3121'.
09:15:43 INFO  : Jtag cable 'Digilent Nexys Video 210276BA0139B' is selected.
09:15:43 INFO  : 'jtag frequency' command is executed.
09:15:43 INFO  : 'targets -set -filter {jtag_cable_name =~ "Digilent Nexys Video 210276BA0139B" && level==0 && jtag_device_ctx=="jsn-Nexys Video-210276BA0139B-13636093-0"}' command is executed.
09:15:49 INFO  : Device configured successfully with "C:/Users/Jason.Wyche/source/repos/ece383_wksp/ice3/Microblaze_Interrupts/Microblaze_Interrupts_Vitis/_ide/bitstream/design_1_wrapper.bit"
09:15:49 INFO  : Context for processor 'microblaze_0' is selected.
09:15:50 INFO  : Hardware design and registers information is loaded from 'C:/Users/Jason.Wyche/source/repos/ece383_wksp/ice3/Microblaze_Interrupts/design_1_wrapper/export/design_1_wrapper/hw/design_1_wrapper.xsa'.
09:15:50 INFO  : 'configparams mdm-detect-bscan-mask 2' command is executed.
09:15:50 INFO  : Context for processor 'microblaze_0' is selected.
09:15:50 INFO  : System reset is completed.
09:15:53 INFO  : 'after 3000' command is executed.
09:15:53 INFO  : Context for processor 'microblaze_0' is selected.
09:15:53 INFO  : The application 'C:/Users/Jason.Wyche/source/repos/ece383_wksp/ice3/Microblaze_Interrupts/Microblaze_Interrupts_Vitis/Debug/Microblaze_Interrupts_Vitis.elf' is downloaded to processor 'microblaze_0'.
09:15:53 INFO  : ----------------XSDB Script----------------
connect -url tcp:127.0.0.1:3121
targets -set -filter {jtag_cable_name =~ "Digilent Nexys Video 210276BA0139B" && level==0 && jtag_device_ctx=="jsn-Nexys Video-210276BA0139B-13636093-0"}
fpga -file C:/Users/Jason.Wyche/source/repos/ece383_wksp/ice3/Microblaze_Interrupts/Microblaze_Interrupts_Vitis/_ide/bitstream/design_1_wrapper.bit
targets -set -nocase -filter {name =~ "*microblaze*#0" && bscan=="USER2" }
loadhw -hw C:/Users/Jason.Wyche/source/repos/ece383_wksp/ice3/Microblaze_Interrupts/design_1_wrapper/export/design_1_wrapper/hw/design_1_wrapper.xsa -regs
configparams mdm-detect-bscan-mask 2
targets -set -nocase -filter {name =~ "*microblaze*#0" && bscan=="USER2" }
rst -system
after 3000
targets -set -nocase -filter {name =~ "*microblaze*#0" && bscan=="USER2" }
dow C:/Users/Jason.Wyche/source/repos/ece383_wksp/ice3/Microblaze_Interrupts/Microblaze_Interrupts_Vitis/Debug/Microblaze_Interrupts_Vitis.elf
----------------End of Script----------------

09:15:53 INFO  : Context for processor 'microblaze_0' is selected.
09:15:53 INFO  : 'con' command is executed.
09:15:53 INFO  : ----------------XSDB Script (After Launch)----------------
targets -set -nocase -filter {name =~ "*microblaze*#0" && bscan=="USER2" }
con
----------------End of Script----------------

09:15:53 INFO  : Launch script is exported to file 'C:\Users\Jason.Wyche\source\repos\ece383_wksp\ice3\Microblaze_Interrupts\Microblaze_Interrupts_Vitis_system\_ide\scripts\debugger_microblaze_interrupts_vitis-default.tcl'
09:19:06 INFO  : Disconnected from the channel tcfchan#3.
19:31:37 DEBUG : Logs will be stored at 'C:/Users/Jason.Wyche/source/repos/ece383_wksp/ice3/Microblaze_Interrupts/IDE.log'.
19:31:38 INFO  : Launching XSCT server: xsct.bat -n  -interactive C:\Users\Jason.Wyche\source\repos\ece383_wksp\ice3\Microblaze_Interrupts\temp_xsdb_launch_script.tcl
19:31:41 INFO  : Platform repository initialization has completed.
19:31:43 INFO  : Registering command handlers for Vitis TCF services
19:31:46 INFO  : XSCT server has started successfully.
19:31:46 INFO  : Successfully done setting XSCT server connection channel  
19:31:54 INFO  : plnx-install-location is set to ''
19:31:54 INFO  : Successfully done query RDI_DATADIR 
19:31:54 INFO  : Successfully done setting workspace for the tool. 
19:34:08 INFO  : Connected to target on host '127.0.0.1' and port '3121'.
19:34:10 INFO  : Jtag cable 'Digilent Nexys Video 210276BA0139B' is selected.
19:34:10 INFO  : 'jtag frequency' command is executed.
19:34:10 INFO  : 'targets -set -filter {jtag_cable_name =~ "Digilent Nexys Video 210276BA0139B" && level==0 && jtag_device_ctx=="jsn-Nexys Video-210276BA0139B-13636093-0"}' command is executed.
19:34:16 INFO  : Device configured successfully with "C:/Users/Jason.Wyche/source/repos/ece383_wksp/ice3/Microblaze_Interrupts/Microblaze_Interrupts_Vitis/_ide/bitstream/design_1_wrapper.bit"
19:34:16 INFO  : Context for processor 'microblaze_0' is selected.
19:34:16 INFO  : Hardware design and registers information is loaded from 'C:/Users/Jason.Wyche/source/repos/ece383_wksp/ice3/Microblaze_Interrupts/design_1_wrapper/export/design_1_wrapper/hw/design_1_wrapper.xsa'.
19:34:16 INFO  : 'configparams mdm-detect-bscan-mask 2' command is executed.
19:34:16 INFO  : Context for processor 'microblaze_0' is selected.
19:34:16 INFO  : System reset is completed.
19:34:19 INFO  : 'after 3000' command is executed.
19:34:19 INFO  : Context for processor 'microblaze_0' is selected.
19:34:19 INFO  : The application 'C:/Users/Jason.Wyche/source/repos/ece383_wksp/ice3/Microblaze_Interrupts/Microblaze_Interrupts_Vitis/Debug/Microblaze_Interrupts_Vitis.elf' is downloaded to processor 'microblaze_0'.
19:34:19 INFO  : ----------------XSDB Script----------------
connect -url tcp:127.0.0.1:3121
targets -set -filter {jtag_cable_name =~ "Digilent Nexys Video 210276BA0139B" && level==0 && jtag_device_ctx=="jsn-Nexys Video-210276BA0139B-13636093-0"}
fpga -file C:/Users/Jason.Wyche/source/repos/ece383_wksp/ice3/Microblaze_Interrupts/Microblaze_Interrupts_Vitis/_ide/bitstream/design_1_wrapper.bit
targets -set -nocase -filter {name =~ "*microblaze*#0" && bscan=="USER2" }
loadhw -hw C:/Users/Jason.Wyche/source/repos/ece383_wksp/ice3/Microblaze_Interrupts/design_1_wrapper/export/design_1_wrapper/hw/design_1_wrapper.xsa -regs
configparams mdm-detect-bscan-mask 2
targets -set -nocase -filter {name =~ "*microblaze*#0" && bscan=="USER2" }
rst -system
after 3000
targets -set -nocase -filter {name =~ "*microblaze*#0" && bscan=="USER2" }
dow C:/Users/Jason.Wyche/source/repos/ece383_wksp/ice3/Microblaze_Interrupts/Microblaze_Interrupts_Vitis/Debug/Microblaze_Interrupts_Vitis.elf
----------------End of Script----------------

19:34:19 INFO  : Context for processor 'microblaze_0' is selected.
19:34:19 INFO  : 'con' command is executed.
19:34:19 INFO  : ----------------XSDB Script (After Launch)----------------
targets -set -nocase -filter {name =~ "*microblaze*#0" && bscan=="USER2" }
con
----------------End of Script----------------

19:34:19 INFO  : Launch script is exported to file 'C:\Users\Jason.Wyche\source\repos\ece383_wksp\ice3\Microblaze_Interrupts\Microblaze_Interrupts_Vitis_system\_ide\scripts\systemdebugger_microblaze_interrupts_vitis_system_standalone.tcl'
20:10:24 INFO  : Result from executing command 'getProjects': design_1_wrapper
20:10:24 INFO  : Result from executing command 'getPlatforms': design_1_wrapper|C:/Users/Jason.Wyche/source/repos/ece383_wksp/ice3/Microblaze_Interrupts/design_1_wrapper/export/design_1_wrapper/design_1_wrapper.xpfm
20:10:24 WARN  : An unexpected exception occurred in the module 'platform project logging'
20:10:24 INFO  : Platform 'design_1_wrapper' is added to custom repositories.
20:10:28 INFO  : Platform 'design_1_wrapper' is added to custom repositories.
20:13:11 INFO  : Result from executing command 'getProjects': design_1_wrapper
20:13:11 INFO  : Result from executing command 'getPlatforms': design_1_wrapper|C:/Users/Jason.Wyche/source/repos/ece383_wksp/ice3/Microblaze_Interrupts/design_1_wrapper/export/design_1_wrapper/design_1_wrapper.xpfm
20:13:11 INFO  : Checking for BSP changes to sync application flags for project 'Microblaze_Interrupts_Vitis'...
20:13:48 INFO  : Disconnected from the channel tcfchan#1.
20:13:49 INFO  : Connected to target on host '127.0.0.1' and port '3121'.
20:13:50 INFO  : Jtag cable 'Digilent Nexys Video 210276BA0139B' is selected.
20:13:50 INFO  : 'jtag frequency' command is executed.
20:13:50 INFO  : 'targets -set -filter {jtag_cable_name =~ "Digilent Nexys Video 210276BA0139B" && level==0 && jtag_device_ctx=="jsn-Nexys Video-210276BA0139B-13636093-0"}' command is executed.
20:13:56 INFO  : Device configured successfully with "C:/Users/Jason.Wyche/source/repos/ece383_wksp/ice3/Microblaze_Interrupts/Microblaze_Interrupts_Vitis/_ide/bitstream/design_1_wrapper.bit"
20:13:56 INFO  : Context for processor 'microblaze_0' is selected.
20:13:56 INFO  : Hardware design and registers information is loaded from 'C:/Users/Jason.Wyche/source/repos/ece383_wksp/ice3/Microblaze_Interrupts/design_1_wrapper/export/design_1_wrapper/hw/design_1_wrapper.xsa'.
20:13:56 INFO  : 'configparams mdm-detect-bscan-mask 2' command is executed.
20:13:56 INFO  : Context for processor 'microblaze_0' is selected.
20:13:56 INFO  : System reset is completed.
20:13:59 INFO  : 'after 3000' command is executed.
20:13:59 INFO  : Context for processor 'microblaze_0' is selected.
20:13:59 INFO  : The application 'C:/Users/Jason.Wyche/source/repos/ece383_wksp/ice3/Microblaze_Interrupts/Microblaze_Interrupts_Vitis/Debug/Microblaze_Interrupts_Vitis.elf' is downloaded to processor 'microblaze_0'.
20:13:59 INFO  : ----------------XSDB Script----------------
connect -url tcp:127.0.0.1:3121
targets -set -filter {jtag_cable_name =~ "Digilent Nexys Video 210276BA0139B" && level==0 && jtag_device_ctx=="jsn-Nexys Video-210276BA0139B-13636093-0"}
fpga -file C:/Users/Jason.Wyche/source/repos/ece383_wksp/ice3/Microblaze_Interrupts/Microblaze_Interrupts_Vitis/_ide/bitstream/design_1_wrapper.bit
targets -set -nocase -filter {name =~ "*microblaze*#0" && bscan=="USER2" }
loadhw -hw C:/Users/Jason.Wyche/source/repos/ece383_wksp/ice3/Microblaze_Interrupts/design_1_wrapper/export/design_1_wrapper/hw/design_1_wrapper.xsa -regs
configparams mdm-detect-bscan-mask 2
targets -set -nocase -filter {name =~ "*microblaze*#0" && bscan=="USER2" }
rst -system
after 3000
targets -set -nocase -filter {name =~ "*microblaze*#0" && bscan=="USER2" }
dow C:/Users/Jason.Wyche/source/repos/ece383_wksp/ice3/Microblaze_Interrupts/Microblaze_Interrupts_Vitis/Debug/Microblaze_Interrupts_Vitis.elf
----------------End of Script----------------

20:13:59 INFO  : Context for processor 'microblaze_0' is selected.
20:13:59 INFO  : 'con' command is executed.
20:13:59 INFO  : ----------------XSDB Script (After Launch)----------------
targets -set -nocase -filter {name =~ "*microblaze*#0" && bscan=="USER2" }
con
----------------End of Script----------------

20:13:59 INFO  : Launch script is exported to file 'C:\Users\Jason.Wyche\source\repos\ece383_wksp\ice3\Microblaze_Interrupts\Microblaze_Interrupts_Vitis_system\_ide\scripts\debugger_microblaze_interrupts_vitis-default.tcl'
20:15:00 INFO  : Checking for BSP changes to sync application flags for project 'Microblaze_Interrupts_Vitis'...
20:15:21 INFO  : Disconnected from the channel tcfchan#3.
20:15:22 INFO  : Connected to target on host '127.0.0.1' and port '3121'.
20:15:22 INFO  : Jtag cable 'Digilent Nexys Video 210276BA0139B' is selected.
20:15:22 INFO  : 'jtag frequency' command is executed.
20:15:22 INFO  : 'targets -set -filter {jtag_cable_name =~ "Digilent Nexys Video 210276BA0139B" && level==0 && jtag_device_ctx=="jsn-Nexys Video-210276BA0139B-13636093-0"}' command is executed.
20:15:28 INFO  : Device configured successfully with "C:/Users/Jason.Wyche/source/repos/ece383_wksp/ice3/Microblaze_Interrupts/Microblaze_Interrupts_Vitis/_ide/bitstream/design_1_wrapper.bit"
20:15:28 INFO  : Context for processor 'microblaze_0' is selected.
20:15:28 INFO  : Hardware design and registers information is loaded from 'C:/Users/Jason.Wyche/source/repos/ece383_wksp/ice3/Microblaze_Interrupts/design_1_wrapper/export/design_1_wrapper/hw/design_1_wrapper.xsa'.
20:15:28 INFO  : 'configparams mdm-detect-bscan-mask 2' command is executed.
20:15:28 INFO  : Context for processor 'microblaze_0' is selected.
20:15:28 INFO  : System reset is completed.
20:15:31 INFO  : 'after 3000' command is executed.
20:15:31 INFO  : Context for processor 'microblaze_0' is selected.
20:15:31 INFO  : The application 'C:/Users/Jason.Wyche/source/repos/ece383_wksp/ice3/Microblaze_Interrupts/Microblaze_Interrupts_Vitis/Debug/Microblaze_Interrupts_Vitis.elf' is downloaded to processor 'microblaze_0'.
20:15:31 INFO  : ----------------XSDB Script----------------
connect -url tcp:127.0.0.1:3121
targets -set -filter {jtag_cable_name =~ "Digilent Nexys Video 210276BA0139B" && level==0 && jtag_device_ctx=="jsn-Nexys Video-210276BA0139B-13636093-0"}
fpga -file C:/Users/Jason.Wyche/source/repos/ece383_wksp/ice3/Microblaze_Interrupts/Microblaze_Interrupts_Vitis/_ide/bitstream/design_1_wrapper.bit
targets -set -nocase -filter {name =~ "*microblaze*#0" && bscan=="USER2" }
loadhw -hw C:/Users/Jason.Wyche/source/repos/ece383_wksp/ice3/Microblaze_Interrupts/design_1_wrapper/export/design_1_wrapper/hw/design_1_wrapper.xsa -regs
configparams mdm-detect-bscan-mask 2
targets -set -nocase -filter {name =~ "*microblaze*#0" && bscan=="USER2" }
rst -system
after 3000
targets -set -nocase -filter {name =~ "*microblaze*#0" && bscan=="USER2" }
dow C:/Users/Jason.Wyche/source/repos/ece383_wksp/ice3/Microblaze_Interrupts/Microblaze_Interrupts_Vitis/Debug/Microblaze_Interrupts_Vitis.elf
----------------End of Script----------------

20:15:31 INFO  : Context for processor 'microblaze_0' is selected.
20:15:31 INFO  : 'con' command is executed.
20:15:31 INFO  : ----------------XSDB Script (After Launch)----------------
targets -set -nocase -filter {name =~ "*microblaze*#0" && bscan=="USER2" }
con
----------------End of Script----------------

20:15:31 INFO  : Launch script is exported to file 'C:\Users\Jason.Wyche\source\repos\ece383_wksp\ice3\Microblaze_Interrupts\Microblaze_Interrupts_Vitis_system\_ide\scripts\debugger_microblaze_interrupts_vitis-default.tcl'
20:18:31 INFO  : Disconnected from the channel tcfchan#4.
