#-----------------------------------------------------------
# Vivado v2024.2 (64-bit)
# SW Build 5239630 on Fri Nov 08 22:35:27 MST 2024
# IP Build 5239520 on Sun Nov 10 16:12:51 MST 2024
# SharedData Build 5239561 on Fri Nov 08 14:39:27 MST 2024
# Start of session at: Fri Feb  6 19:45:06 2026
# Process ID         : 13948
# Current directory  : C:/Users/Jason.Wyche/source/repos/ece383_wksp/hw8/Scancode_Converter
# Command line       : vivado.exe -gui_launcher_event rodinguilauncherevent5132 C:\Users\Jason.Wyche\source\repos\ece383_wksp\hw8\Scancode_Converter\Scancode_Converter.xpr
# Log file           : C:/Users/Jason.Wyche/source/repos/ece383_wksp/hw8/Scancode_Converter/vivado.log
# Journal file       : C:/Users/Jason.Wyche/source/repos/ece383_wksp/hw8/Scancode_Converter\vivado.jou
# Running On         : WycheSurfacePro
# Platform           : Windows Server 2016 or Windows 10
# Operating System   : 22631
# Processor Detail   : 12th Gen Intel(R) Core(TM) i5-1245U
# CPU Frequency      : 2496 MHz
# CPU Physical cores : 10
# CPU Logical cores  : 12
# Host memory        : 16995 MB
# Swap memory        : 2550 MB
# Total Virtual      : 19545 MB
# Available Virtual  : 10433 MB
#-----------------------------------------------------------
start_gui
open_project C:/Users/Jason.Wyche/source/repos/ece383_wksp/hw8/Scancode_Converter/Scancode_Converter.xpr
INFO: [Project 1-313] Project file moved from 'C:/Users/Jason.Wyche/source/repos/ece383_wksp/hw7/Scancode_Converter' since last save.
INFO: [filemgmt 56-3] Default IP Output Path : Could not find the directory 'C:/Users/Jason.Wyche/source/repos/ece383_wksp/hw8/Scancode_Converter/Scancode_Converter.gen/sources_1'.
Scanning sources...
Finished scanning sources
INFO: [IP_Flow 19-234] Refreshing IP repositories
INFO: [IP_Flow 19-1704] No user IP repositories specified
INFO: [IP_Flow 19-2313] Loaded Vivado IP repository 'C:/Xilinx/Vivado/2024.2/data/ip'.
add_files -norecurse {C:/Users/Jason.Wyche/source/repos/ece383_wksp/hw8/Scancode_Converter/src/keyboard.vhd C:/Users/Jason.Wyche/source/repos/ece383_wksp/hw8/Scancode_Converter/src/lec11.vhdl C:/Users/Jason.Wyche/source/repos/ece383_wksp/hw8/Scancode_Converter/src/lec11_dp.vhdl}
update_compile_order -fileset sources_1
update_compile_order -fileset sources_1
set_property target_language VHDL [current_project]
set_property SOURCE_SET sources_1 [get_filesets sim_1]
add_files -fileset sim_1 -norecurse C:/Users/Jason.Wyche/source/repos/ece383_wksp/hw8/Scancode_Converter/src/lec11_tb.vhdl
update_compile_order -fileset sim_1
update_compile_order -fileset sim_1
close [ open C:/Users/Jason.Wyche/source/repos/ece383_wksp/hw8/Scancode_Converter/src/lec11_cu.vhd w ]
add_files C:/Users/Jason.Wyche/source/repos/ece383_wksp/hw8/Scancode_Converter/src/lec11_cu.vhd
update_compile_order -fileset sources_1
add_files -norecurse C:/Users/Jason.Wyche/source/repos/ece383_wksp/hw8/Scancode_Converter/src/counter.vhd
update_compile_order -fileset sources_1
remove_files  C:/Users/Jason.Wyche/source/repos/ece383_wksp/hw8/Scancode_Converter/src/counter.vhd
add_files -norecurse C:/Users/Jason.Wyche/source/repos/ece383_wksp/hw8/Scancode_Converter/src/counter.vhd
update_compile_order -fileset sources_1
WARNING: [filemgmt 56-199] Attempt to get parsing info during refresh. "On-the-fly" syntax checking information may be incorrect. [C:\Users\Jason.Wyche\source\repos\ece383_wksp\hw8\Scancode_Converter\src\lec11_cu.vhd:]
WARNING: [filemgmt 56-199] Attempt to get parsing info during refresh. "On-the-fly" syntax checking information may be incorrect. [C:\Users\Jason.Wyche\source\repos\ece383_wksp\hw8\Scancode_Converter\src\counter.vhd:]
WARNING: [filemgmt 56-199] Attempt to get parsing info during refresh. "On-the-fly" syntax checking information may be incorrect. [C:\Users\Jason.Wyche\source\repos\ece383_wksp\hw8\Scancode_Converter\src\counter.vhd:]
WARNING: [filemgmt 56-199] Attempt to get parsing info during refresh. "On-the-fly" syntax checking information may be incorrect. [C:\Users\Jason.Wyche\source\repos\ece383_wksp\hw8\Scancode_Converter\src\counter.vhd:]
ERROR: [Common 17-180] Spawn failed: No error
WARNING: [filemgmt 56-199] Attempt to get parsing info during refresh. "On-the-fly" syntax checking information may be incorrect. [C:\Users\Jason.Wyche\source\repos\ece383_wksp\hw8\Scancode_Converter\src\lec11_cu.vhd:]
WARNING: [filemgmt 56-199] Attempt to get parsing info during refresh. "On-the-fly" syntax checking information may be incorrect. [C:\Users\Jason.Wyche\source\repos\ece383_wksp\hw8\Scancode_Converter\src\counter.vhd:]
WARNING: [filemgmt 56-199] Attempt to get parsing info during refresh. "On-the-fly" syntax checking information may be incorrect. [C:\Users\Jason.Wyche\source\repos\ece383_wksp\hw8\Scancode_Converter\src\lec11_cu.vhd:]
WARNING: [filemgmt 56-199] Attempt to get parsing info during refresh. "On-the-fly" syntax checking information may be incorrect. [C:\Users\Jason.Wyche\source\repos\ece383_wksp\hw8\Scancode_Converter\src\lec11_cu.vhd:]
ERROR: [Common 17-180] Spawn failed: No error
WARNING: [filemgmt 56-199] Attempt to get parsing info during refresh. "On-the-fly" syntax checking information may be incorrect. [C:\Users\Jason.Wyche\source\repos\ece383_wksp\hw8\Scancode_Converter\src\lec11_cu.vhd:]
WARNING: [filemgmt 56-199] Attempt to get parsing info during refresh. "On-the-fly" syntax checking information may be incorrect. [C:\Users\Jason.Wyche\source\repos\ece383_wksp\hw8\Scancode_Converter\src\counter.vhd:]
WARNING: [filemgmt 56-199] Attempt to get parsing info during refresh. "On-the-fly" syntax checking information may be incorrect. [C:\Users\Jason.Wyche\source\repos\ece383_wksp\hw8\Scancode_Converter\src\lec11_cu.vhd:]
WARNING: [filemgmt 56-199] Attempt to get parsing info during refresh. "On-the-fly" syntax checking information may be incorrect. [C:\Users\Jason.Wyche\source\repos\ece383_wksp\hw8\Scancode_Converter\src\lec11_cu.vhd:]
ERROR: [Common 17-180] Spawn failed: No error
WARNING: [filemgmt 56-199] Attempt to get parsing info during refresh. "On-the-fly" syntax checking information may be incorrect. [C:\Users\Jason.Wyche\source\repos\ece383_wksp\hw8\Scancode_Converter\src\lec11_cu.vhd:]
WARNING: [filemgmt 56-199] Attempt to get parsing info during refresh. "On-the-fly" syntax checking information may be incorrect. [C:\Users\Jason.Wyche\source\repos\ece383_wksp\hw8\Scancode_Converter\src\counter.vhd:]
WARNING: [filemgmt 56-199] Attempt to get parsing info during refresh. "On-the-fly" syntax checking information may be incorrect. [C:\Users\Jason.Wyche\source\repos\ece383_wksp\hw8\Scancode_Converter\src\counter.vhd:]
WARNING: [filemgmt 56-199] Attempt to get parsing info during refresh. "On-the-fly" syntax checking information may be incorrect. [C:\Users\Jason.Wyche\source\repos\ece383_wksp\hw8\Scancode_Converter\src\counter.vhd:]
ERROR: [Common 17-180] Spawn failed: No error
update_compile_order -fileset sources_1
WARNING: [filemgmt 56-199] Attempt to get parsing info during refresh. "On-the-fly" syntax checking information may be incorrect. [C:\Users\Jason.Wyche\source\repos\ece383_wksp\hw8\Scancode_Converter\src\lec11_cu.vhd:]
WARNING: [filemgmt 56-199] Attempt to get parsing info during refresh. "On-the-fly" syntax checking information may be incorrect. [C:\Users\Jason.Wyche\source\repos\ece383_wksp\hw8\Scancode_Converter\src\counter.vhd:]
WARNING: [filemgmt 56-199] Attempt to get parsing info during refresh. "On-the-fly" syntax checking information may be incorrect. [C:\Users\Jason.Wyche\source\repos\ece383_wksp\hw8\Scancode_Converter\src\counter.vhd:]
WARNING: [filemgmt 56-199] Attempt to get parsing info during refresh. "On-the-fly" syntax checking information may be incorrect. [C:\Users\Jason.Wyche\source\repos\ece383_wksp\hw8\Scancode_Converter\src\counter.vhd:]
ERROR: [Common 17-180] Spawn failed: No error
WARNING: [filemgmt 56-199] Attempt to get parsing info during refresh. "On-the-fly" syntax checking information may be incorrect. [C:\Users\Jason.Wyche\source\repos\ece383_wksp\hw8\Scancode_Converter\src\lec11_cu.vhd:]
WARNING: [filemgmt 56-199] Attempt to get parsing info during refresh. "On-the-fly" syntax checking information may be incorrect. [C:\Users\Jason.Wyche\source\repos\ece383_wksp\hw8\Scancode_Converter\src\counter.vhd:]
WARNING: [filemgmt 56-199] Attempt to get parsing info during refresh. "On-the-fly" syntax checking information may be incorrect. [C:\Users\Jason.Wyche\source\repos\ece383_wksp\hw8\Scancode_Converter\src\lec11_cu.vhd:]
WARNING: [filemgmt 56-199] Attempt to get parsing info during refresh. "On-the-fly" syntax checking information may be incorrect. [C:\Users\Jason.Wyche\source\repos\ece383_wksp\hw8\Scancode_Converter\src\lec11_cu.vhd:]
ERROR: [Common 17-180] Spawn failed: No error
update_compile_order -fileset sources_1
WARNING: [filemgmt 56-199] Attempt to get parsing info during refresh. "On-the-fly" syntax checking information may be incorrect. [C:\Users\Jason.Wyche\source\repos\ece383_wksp\hw8\Scancode_Converter\src\lec11_cu.vhd:]
WARNING: [filemgmt 56-199] Attempt to get parsing info during refresh. "On-the-fly" syntax checking information may be incorrect. [C:\Users\Jason.Wyche\source\repos\ece383_wksp\hw8\Scancode_Converter\src\counter.vhd:]
WARNING: [filemgmt 56-199] Attempt to get parsing info during refresh. "On-the-fly" syntax checking information may be incorrect. [C:\Users\Jason.Wyche\source\repos\ece383_wksp\hw8\Scancode_Converter\src\lec11_dp.vhdl:]
WARNING: [filemgmt 56-199] Attempt to get parsing info during refresh. "On-the-fly" syntax checking information may be incorrect. [C:\Users\Jason.Wyche\source\repos\ece383_wksp\hw8\Scancode_Converter\src\counter.vhd:]
WARNING: [filemgmt 56-199] Attempt to get parsing info during refresh. "On-the-fly" syntax checking information may be incorrect. [C:\Users\Jason.Wyche\source\repos\ece383_wksp\hw8\Scancode_Converter\src\counter.vhd:]
WARNING: [filemgmt 56-199] Attempt to get parsing info during refresh. "On-the-fly" syntax checking information may be incorrect. [C:\Users\Jason.Wyche\source\repos\ece383_wksp\hw8\Scancode_Converter\src\lec11_cu.vhd:]
WARNING: [filemgmt 56-199] Attempt to get parsing info during refresh. "On-the-fly" syntax checking information may be incorrect. [C:\Users\Jason.Wyche\source\repos\ece383_wksp\hw8\Scancode_Converter\src\counter.vhd:]
WARNING: [filemgmt 56-199] Attempt to get parsing info during refresh. "On-the-fly" syntax checking information may be incorrect. [C:\Users\Jason.Wyche\source\repos\ece383_wksp\hw8\Scancode_Converter\src\lec11_dp.vhdl:]
WARNING: [filemgmt 56-199] Attempt to get parsing info during refresh. "On-the-fly" syntax checking information may be incorrect. [C:\Users\Jason.Wyche\source\repos\ece383_wksp\hw8\Scancode_Converter\src\lec11_cu.vhd:]
WARNING: [filemgmt 56-199] Attempt to get parsing info during refresh. "On-the-fly" syntax checking information may be incorrect. [C:\Users\Jason.Wyche\source\repos\ece383_wksp\hw8\Scancode_Converter\src\lec11_cu.vhd:]
WARNING: [filemgmt 56-199] Attempt to get parsing info during refresh. "On-the-fly" syntax checking information may be incorrect. [C:\Users\Jason.Wyche\source\repos\ece383_wksp\hw8\Scancode_Converter\src\lec11_cu.vhd:]
WARNING: [filemgmt 56-199] Attempt to get parsing info during refresh. "On-the-fly" syntax checking information may be incorrect. [C:\Users\Jason.Wyche\source\repos\ece383_wksp\hw8\Scancode_Converter\src\counter.vhd:]
WARNING: [filemgmt 56-199] Attempt to get parsing info during refresh. "On-the-fly" syntax checking information may be incorrect. [C:\Users\Jason.Wyche\source\repos\ece383_wksp\hw8\Scancode_Converter\src\lec11_dp.vhdl:]
WARNING: [filemgmt 56-199] Attempt to get parsing info during refresh. "On-the-fly" syntax checking information may be incorrect. [C:\Users\Jason.Wyche\source\repos\ece383_wksp\hw8\Scancode_Converter\src\counter.vhd:]
WARNING: [filemgmt 56-199] Attempt to get parsing info during refresh. "On-the-fly" syntax checking information may be incorrect. [C:\Users\Jason.Wyche\source\repos\ece383_wksp\hw8\Scancode_Converter\src\counter.vhd:]
update_compile_order -fileset sources_1
WARNING: [filemgmt 56-199] Attempt to get parsing info during refresh. "On-the-fly" syntax checking information may be incorrect. [C:\Users\Jason.Wyche\source\repos\ece383_wksp\hw8\Scancode_Converter\src\lec11_cu.vhd:]
WARNING: [filemgmt 56-199] Attempt to get parsing info during refresh. "On-the-fly" syntax checking information may be incorrect. [C:\Users\Jason.Wyche\source\repos\ece383_wksp\hw8\Scancode_Converter\src\counter.vhd:]
WARNING: [filemgmt 56-199] Attempt to get parsing info during refresh. "On-the-fly" syntax checking information may be incorrect. [C:\Users\Jason.Wyche\source\repos\ece383_wksp\hw8\Scancode_Converter\src\lec11_dp.vhdl:]
WARNING: [filemgmt 56-199] Attempt to get parsing info during refresh. "On-the-fly" syntax checking information may be incorrect. [C:\Users\Jason.Wyche\source\repos\ece383_wksp\hw8\Scancode_Converter\src\lec11_dp.vhdl:]
WARNING: [filemgmt 56-199] Attempt to get parsing info during refresh. "On-the-fly" syntax checking information may be incorrect. [C:\Users\Jason.Wyche\source\repos\ece383_wksp\hw8\Scancode_Converter\src\lec11_dp.vhdl:]
WARNING: [filemgmt 56-199] Attempt to get parsing info during refresh. "On-the-fly" syntax checking information may be incorrect. [C:\Users\Jason.Wyche\source\repos\ece383_wksp\hw8\Scancode_Converter\src\lec11_cu.vhd:]
WARNING: [filemgmt 56-199] Attempt to get parsing info during refresh. "On-the-fly" syntax checking information may be incorrect. [C:\Users\Jason.Wyche\source\repos\ece383_wksp\hw8\Scancode_Converter\src\counter.vhd:]
WARNING: [filemgmt 56-199] Attempt to get parsing info during refresh. "On-the-fly" syntax checking information may be incorrect. [C:\Users\Jason.Wyche\source\repos\ece383_wksp\hw8\Scancode_Converter\src\lec11_dp.vhdl:]
WARNING: [filemgmt 56-199] Attempt to get parsing info during refresh. "On-the-fly" syntax checking information may be incorrect. [C:\Users\Jason.Wyche\source\repos\ece383_wksp\hw8\Scancode_Converter\src\counter.vhd:]
WARNING: [filemgmt 56-199] Attempt to get parsing info during refresh. "On-the-fly" syntax checking information may be incorrect. [C:\Users\Jason.Wyche\source\repos\ece383_wksp\hw8\Scancode_Converter\src\counter.vhd:]
WARNING: [filemgmt 56-199] Attempt to get parsing info during refresh. "On-the-fly" syntax checking information may be incorrect. [C:\Users\Jason.Wyche\source\repos\ece383_wksp\hw8\Scancode_Converter\src\lec11_cu.vhd:]
WARNING: [filemgmt 56-199] Attempt to get parsing info during refresh. "On-the-fly" syntax checking information may be incorrect. [C:\Users\Jason.Wyche\source\repos\ece383_wksp\hw8\Scancode_Converter\src\counter.vhd:]
WARNING: [filemgmt 56-199] Attempt to get parsing info during refresh. "On-the-fly" syntax checking information may be incorrect. [C:\Users\Jason.Wyche\source\repos\ece383_wksp\hw8\Scancode_Converter\src\lec11_dp.vhdl:]
WARNING: [filemgmt 56-199] Attempt to get parsing info during refresh. "On-the-fly" syntax checking information may be incorrect. [C:\Users\Jason.Wyche\source\repos\ece383_wksp\hw8\Scancode_Converter\src\lec11_cu.vhd:]
WARNING: [filemgmt 56-199] Attempt to get parsing info during refresh. "On-the-fly" syntax checking information may be incorrect. [C:\Users\Jason.Wyche\source\repos\ece383_wksp\hw8\Scancode_Converter\src\lec11_cu.vhd:]
WARNING: [filemgmt 56-199] Attempt to get parsing info during refresh. "On-the-fly" syntax checking information may be incorrect. [C:\Users\Jason.Wyche\source\repos\ece383_wksp\hw8\Scancode_Converter\src\lec11_cu.vhd:]
WARNING: [filemgmt 56-199] Attempt to get parsing info during refresh. "On-the-fly" syntax checking information may be incorrect. [C:\Users\Jason.Wyche\source\repos\ece383_wksp\hw8\Scancode_Converter\src\counter.vhd:]
WARNING: [filemgmt 56-199] Attempt to get parsing info during refresh. "On-the-fly" syntax checking information may be incorrect. [C:\Users\Jason.Wyche\source\repos\ece383_wksp\hw8\Scancode_Converter\src\lec11_dp.vhdl:]
WARNING: [filemgmt 56-199] Attempt to get parsing info during refresh. "On-the-fly" syntax checking information may be incorrect. [C:\Users\Jason.Wyche\source\repos\ece383_wksp\hw8\Scancode_Converter\src\lec11_cu.vhd:]
WARNING: [filemgmt 56-199] Attempt to get parsing info during refresh. "On-the-fly" syntax checking information may be incorrect. [C:\Users\Jason.Wyche\source\repos\ece383_wksp\hw8\Scancode_Converter\src\lec11_cu.vhd:]
WARNING: [filemgmt 56-199] Attempt to get parsing info during refresh. "On-the-fly" syntax checking information may be incorrect. [C:\Users\Jason.Wyche\source\repos\ece383_wksp\hw8\Scancode_Converter\src\lec11_cu.vhd:]
WARNING: [filemgmt 56-199] Attempt to get parsing info during refresh. "On-the-fly" syntax checking information may be incorrect. [C:\Users\Jason.Wyche\source\repos\ece383_wksp\hw8\Scancode_Converter\src\counter.vhd:]
WARNING: [filemgmt 56-199] Attempt to get parsing info during refresh. "On-the-fly" syntax checking information may be incorrect. [C:\Users\Jason.Wyche\source\repos\ece383_wksp\hw8\Scancode_Converter\src\lec11_dp.vhdl:]
WARNING: [filemgmt 56-199] Attempt to get parsing info during refresh. "On-the-fly" syntax checking information may be incorrect. [C:\Users\Jason.Wyche\source\repos\ece383_wksp\hw8\Scancode_Converter\src\lec11_cu.vhd:]
WARNING: [filemgmt 56-199] Attempt to get parsing info during refresh. "On-the-fly" syntax checking information may be incorrect. [C:\Users\Jason.Wyche\source\repos\ece383_wksp\hw8\Scancode_Converter\src\lec11_cu.vhd:]
WARNING: [filemgmt 56-199] Attempt to get parsing info during refresh. "On-the-fly" syntax checking information may be incorrect. [C:\Users\Jason.Wyche\source\repos\ece383_wksp\hw8\Scancode_Converter\src\lec11_cu.vhd:]
WARNING: [filemgmt 56-199] Attempt to get parsing info during refresh. "On-the-fly" syntax checking information may be incorrect. [C:\Users\Jason.Wyche\source\repos\ece383_wksp\hw8\Scancode_Converter\src\counter.vhd:]
WARNING: [filemgmt 56-199] Attempt to get parsing info during refresh. "On-the-fly" syntax checking information may be incorrect. [C:\Users\Jason.Wyche\source\repos\ece383_wksp\hw8\Scancode_Converter\src\lec11_dp.vhdl:]
WARNING: [filemgmt 56-199] Attempt to get parsing info during refresh. "On-the-fly" syntax checking information may be incorrect. [C:\Users\Jason.Wyche\source\repos\ece383_wksp\hw8\Scancode_Converter\src\lec11_dp.vhdl:]
WARNING: [filemgmt 56-199] Attempt to get parsing info during refresh. "On-the-fly" syntax checking information may be incorrect. [C:\Users\Jason.Wyche\source\repos\ece383_wksp\hw8\Scancode_Converter\src\lec11_dp.vhdl:]
WARNING: [filemgmt 56-199] Attempt to get parsing info during refresh. "On-the-fly" syntax checking information may be incorrect. [C:\Users\Jason.Wyche\source\repos\ece383_wksp\hw8\Scancode_Converter\src\lec11_cu.vhd:]
WARNING: [filemgmt 56-199] Attempt to get parsing info during refresh. "On-the-fly" syntax checking information may be incorrect. [C:\Users\Jason.Wyche\source\repos\ece383_wksp\hw8\Scancode_Converter\src\counter.vhd:]
WARNING: [filemgmt 56-199] Attempt to get parsing info during refresh. "On-the-fly" syntax checking information may be incorrect. [C:\Users\Jason.Wyche\source\repos\ece383_wksp\hw8\Scancode_Converter\src\lec11_dp.vhdl:]
WARNING: [filemgmt 56-199] Attempt to get parsing info during refresh. "On-the-fly" syntax checking information may be incorrect. [C:\Users\Jason.Wyche\source\repos\ece383_wksp\hw8\Scancode_Converter\src\lec11_dp.vhdl:]
WARNING: [filemgmt 56-199] Attempt to get parsing info during refresh. "On-the-fly" syntax checking information may be incorrect. [C:\Users\Jason.Wyche\source\repos\ece383_wksp\hw8\Scancode_Converter\src\lec11_dp.vhdl:]
WARNING: [filemgmt 56-199] Attempt to get parsing info during refresh. "On-the-fly" syntax checking information may be incorrect. [C:\Users\Jason.Wyche\source\repos\ece383_wksp\hw8\Scancode_Converter\src\lec11_cu.vhd:]
WARNING: [filemgmt 56-199] Attempt to get parsing info during refresh. "On-the-fly" syntax checking information may be incorrect. [C:\Users\Jason.Wyche\source\repos\ece383_wksp\hw8\Scancode_Converter\src\counter.vhd:]
WARNING: [filemgmt 56-199] Attempt to get parsing info during refresh. "On-the-fly" syntax checking information may be incorrect. [C:\Users\Jason.Wyche\source\repos\ece383_wksp\hw8\Scancode_Converter\src\lec11_dp.vhdl:]
WARNING: [filemgmt 56-199] Attempt to get parsing info during refresh. "On-the-fly" syntax checking information may be incorrect. [C:\Users\Jason.Wyche\source\repos\ece383_wksp\hw8\Scancode_Converter\src\counter.vhd:]
WARNING: [filemgmt 56-199] Attempt to get parsing info during refresh. "On-the-fly" syntax checking information may be incorrect. [C:\Users\Jason.Wyche\source\repos\ece383_wksp\hw8\Scancode_Converter\src\counter.vhd:]
WARNING: [filemgmt 56-199] Attempt to get parsing info during refresh. "On-the-fly" syntax checking information may be incorrect. [C:\Users\Jason.Wyche\source\repos\ece383_wksp\hw8\Scancode_Converter\src\lec11_cu.vhd:]
WARNING: [filemgmt 56-199] Attempt to get parsing info during refresh. "On-the-fly" syntax checking information may be incorrect. [C:\Users\Jason.Wyche\source\repos\ece383_wksp\hw8\Scancode_Converter\src\counter.vhd:]
WARNING: [filemgmt 56-199] Attempt to get parsing info during refresh. "On-the-fly" syntax checking information may be incorrect. [C:\Users\Jason.Wyche\source\repos\ece383_wksp\hw8\Scancode_Converter\src\lec11_dp.vhdl:]
WARNING: [filemgmt 56-199] Attempt to get parsing info during refresh. "On-the-fly" syntax checking information may be incorrect. [C:\Users\Jason.Wyche\source\repos\ece383_wksp\hw8\Scancode_Converter\src\counter.vhd:]
WARNING: [filemgmt 56-199] Attempt to get parsing info during refresh. "On-the-fly" syntax checking information may be incorrect. [C:\Users\Jason.Wyche\source\repos\ece383_wksp\hw8\Scancode_Converter\src\counter.vhd:]
WARNING: [filemgmt 56-199] Attempt to get parsing info during refresh. "On-the-fly" syntax checking information may be incorrect. [C:\Users\Jason.Wyche\source\repos\ece383_wksp\hw8\Scancode_Converter\src\lec11_cu.vhd:]
WARNING: [filemgmt 56-199] Attempt to get parsing info during refresh. "On-the-fly" syntax checking information may be incorrect. [C:\Users\Jason.Wyche\source\repos\ece383_wksp\hw8\Scancode_Converter\src\lec11_cu.vhd:]
WARNING: [filemgmt 56-199] Attempt to get parsing info during refresh. "On-the-fly" syntax checking information may be incorrect. [C:\Users\Jason.Wyche\source\repos\ece383_wksp\hw8\Scancode_Converter\src\counter.vhd:]
WARNING: [filemgmt 56-199] Attempt to get parsing info during refresh. "On-the-fly" syntax checking information may be incorrect. [C:\Users\Jason.Wyche\source\repos\ece383_wksp\hw8\Scancode_Converter\src\lec11_dp.vhdl:]
WARNING: [filemgmt 56-199] Attempt to get parsing info during refresh. "On-the-fly" syntax checking information may be incorrect. [C:\Users\Jason.Wyche\source\repos\ece383_wksp\hw8\Scancode_Converter\src\counter.vhd:]
WARNING: [filemgmt 56-199] Attempt to get parsing info during refresh. "On-the-fly" syntax checking information may be incorrect. [C:\Users\Jason.Wyche\source\repos\ece383_wksp\hw8\Scancode_Converter\src\counter.vhd:]
update_compile_order -fileset sources_1
WARNING: [filemgmt 56-199] Attempt to get parsing info during refresh. "On-the-fly" syntax checking information may be incorrect. [C:\Users\Jason.Wyche\source\repos\ece383_wksp\hw8\Scancode_Converter\src\lec11_cu.vhd:]
WARNING: [filemgmt 56-199] Attempt to get parsing info during refresh. "On-the-fly" syntax checking information may be incorrect. [C:\Users\Jason.Wyche\source\repos\ece383_wksp\hw8\Scancode_Converter\src\counter.vhd:]
WARNING: [filemgmt 56-199] Attempt to get parsing info during refresh. "On-the-fly" syntax checking information may be incorrect. [C:\Users\Jason.Wyche\source\repos\ece383_wksp\hw8\Scancode_Converter\src\lec11_dp.vhdl:]
WARNING: [filemgmt 56-199] Attempt to get parsing info during refresh. "On-the-fly" syntax checking information may be incorrect. [C:\Users\Jason.Wyche\source\repos\ece383_wksp\hw8\Scancode_Converter\src\lec11_dp.vhdl:]
WARNING: [filemgmt 56-199] Attempt to get parsing info during refresh. "On-the-fly" syntax checking information may be incorrect. [C:\Users\Jason.Wyche\source\repos\ece383_wksp\hw8\Scancode_Converter\src\lec11_dp.vhdl:]
remove_files  C:/Users/Jason.Wyche/source/repos/ece383_wksp/hw8/Scancode_Converter/src/counter.vhd
WARNING: [filemgmt 56-199] Attempt to get parsing info during refresh. "On-the-fly" syntax checking information may be incorrect. [C:\Users\Jason.Wyche\source\repos\ece383_wksp\hw8\Scancode_Converter\src\lec11_cu.vhd:]
WARNING: [filemgmt 56-199] Attempt to get parsing info during refresh. "On-the-fly" syntax checking information may be incorrect. [C:\Users\Jason.Wyche\source\repos\ece383_wksp\hw8\Scancode_Converter\src\lec11_dp.vhdl:]
WARNING: [filemgmt 56-199] Attempt to get parsing info during refresh. "On-the-fly" syntax checking information may be incorrect. [C:\Users\Jason.Wyche\source\repos\ece383_wksp\hw8\Scancode_Converter\src\lec11_dp.vhdl:]
WARNING: [filemgmt 56-199] Attempt to get parsing info during refresh. "On-the-fly" syntax checking information may be incorrect. [C:\Users\Jason.Wyche\source\repos\ece383_wksp\hw8\Scancode_Converter\src\lec11_dp.vhdl:]
ERROR: [Common 17-180] Spawn failed: No error
WARNING: [filemgmt 56-199] Attempt to get parsing info during refresh. "On-the-fly" syntax checking information may be incorrect. [C:\Users\Jason.Wyche\source\repos\ece383_wksp\hw8\Scancode_Converter\src\lec11_cu.vhd:]
WARNING: [filemgmt 56-199] Attempt to get parsing info during refresh. "On-the-fly" syntax checking information may be incorrect. [C:\Users\Jason.Wyche\source\repos\ece383_wksp\hw8\Scancode_Converter\src\lec11_dp.vhdl:]
WARNING: [filemgmt 56-199] Attempt to get parsing info during refresh. "On-the-fly" syntax checking information may be incorrect. [C:\Users\Jason.Wyche\source\repos\ece383_wksp\hw8\Scancode_Converter\src\lec11_dp.vhdl:]
WARNING: [filemgmt 56-199] Attempt to get parsing info during refresh. "On-the-fly" syntax checking information may be incorrect. [C:\Users\Jason.Wyche\source\repos\ece383_wksp\hw8\Scancode_Converter\src\lec11_dp.vhdl:]
ERROR: [Common 17-180] Spawn failed: No error
WARNING: [filemgmt 56-199] Attempt to get parsing info during refresh. "On-the-fly" syntax checking information may be incorrect. [C:\Users\Jason.Wyche\source\repos\ece383_wksp\hw8\Scancode_Converter\src\lec11_cu.vhd:]
WARNING: [filemgmt 56-199] Attempt to get parsing info during refresh. "On-the-fly" syntax checking information may be incorrect. [C:\Users\Jason.Wyche\source\repos\ece383_wksp\hw8\Scancode_Converter\src\lec11_dp.vhdl:]
WARNING: [filemgmt 56-199] Attempt to get parsing info during refresh. "On-the-fly" syntax checking information may be incorrect. [C:\Users\Jason.Wyche\source\repos\ece383_wksp\hw8\Scancode_Converter\src\lec11_dp.vhdl:]
WARNING: [filemgmt 56-199] Attempt to get parsing info during refresh. "On-the-fly" syntax checking information may be incorrect. [C:\Users\Jason.Wyche\source\repos\ece383_wksp\hw8\Scancode_Converter\src\lec11_dp.vhdl:]
ERROR: [Common 17-180] Spawn failed: No error
WARNING: [filemgmt 56-199] Attempt to get parsing info during refresh. "On-the-fly" syntax checking information may be incorrect. [C:\Users\Jason.Wyche\source\repos\ece383_wksp\hw8\Scancode_Converter\src\lec11_cu.vhd:]
WARNING: [filemgmt 56-199] Attempt to get parsing info during refresh. "On-the-fly" syntax checking information may be incorrect. [C:\Users\Jason.Wyche\source\repos\ece383_wksp\hw8\Scancode_Converter\src\lec11_dp.vhdl:]
WARNING: [filemgmt 56-199] Attempt to get parsing info during refresh. "On-the-fly" syntax checking information may be incorrect. [C:\Users\Jason.Wyche\source\repos\ece383_wksp\hw8\Scancode_Converter\src\lec11_cu.vhd:]
WARNING: [filemgmt 56-199] Attempt to get parsing info during refresh. "On-the-fly" syntax checking information may be incorrect. [C:\Users\Jason.Wyche\source\repos\ece383_wksp\hw8\Scancode_Converter\src\lec11_cu.vhd:]
ERROR: [Common 17-180] Spawn failed: No error
WARNING: [filemgmt 56-199] Attempt to get parsing info during refresh. "On-the-fly" syntax checking information may be incorrect. [C:\Users\Jason.Wyche\source\repos\ece383_wksp\hw8\Scancode_Converter\src\lec11_cu.vhd:]
WARNING: [filemgmt 56-199] Attempt to get parsing info during refresh. "On-the-fly" syntax checking information may be incorrect. [C:\Users\Jason.Wyche\source\repos\ece383_wksp\hw8\Scancode_Converter\src\lec11_dp.vhdl:]
WARNING: [filemgmt 56-199] Attempt to get parsing info during refresh. "On-the-fly" syntax checking information may be incorrect. [C:\Users\Jason.Wyche\source\repos\ece383_wksp\hw8\Scancode_Converter\src\lec11_dp.vhdl:]
WARNING: [filemgmt 56-199] Attempt to get parsing info during refresh. "On-the-fly" syntax checking information may be incorrect. [C:\Users\Jason.Wyche\source\repos\ece383_wksp\hw8\Scancode_Converter\src\lec11_dp.vhdl:]
ERROR: [Common 17-180] Spawn failed: No error
WARNING: [filemgmt 56-199] Attempt to get parsing info during refresh. "On-the-fly" syntax checking information may be incorrect. [C:\Users\Jason.Wyche\source\repos\ece383_wksp\hw8\Scancode_Converter\src\lec11_cu.vhd:]
WARNING: [filemgmt 56-199] Attempt to get parsing info during refresh. "On-the-fly" syntax checking information may be incorrect. [C:\Users\Jason.Wyche\source\repos\ece383_wksp\hw8\Scancode_Converter\src\lec11_dp.vhdl:]
WARNING: [filemgmt 56-199] Attempt to get parsing info during refresh. "On-the-fly" syntax checking information may be incorrect. [C:\Users\Jason.Wyche\source\repos\ece383_wksp\hw8\Scancode_Converter\src\lec11_dp.vhdl:]
WARNING: [filemgmt 56-199] Attempt to get parsing info during refresh. "On-the-fly" syntax checking information may be incorrect. [C:\Users\Jason.Wyche\source\repos\ece383_wksp\hw8\Scancode_Converter\src\lec11_dp.vhdl:]
ERROR: [Common 17-180] Spawn failed: No error
set_property -name {xsim.simulate.runtime} -value {150us} -objects [get_filesets sim_1]
WARNING: [filemgmt 56-199] Attempt to get parsing info during refresh. "On-the-fly" syntax checking information may be incorrect. [C:\Users\Jason.Wyche\source\repos\ece383_wksp\hw8\Scancode_Converter\src\lec11_cu.vhd:]
WARNING: [filemgmt 56-199] Attempt to get parsing info during refresh. "On-the-fly" syntax checking information may be incorrect. [C:\Users\Jason.Wyche\source\repos\ece383_wksp\hw8\Scancode_Converter\src\lec11_tb.vhdl:]
WARNING: [filemgmt 56-199] Attempt to get parsing info during refresh. "On-the-fly" syntax checking information may be incorrect. [C:\Users\Jason.Wyche\source\repos\ece383_wksp\hw8\Scancode_Converter\src\lec11.vhdl:]
WARNING: [filemgmt 56-199] Attempt to get parsing info during refresh. "On-the-fly" syntax checking information may be incorrect. [C:\Users\Jason.Wyche\source\repos\ece383_wksp\hw8\Scancode_Converter\src\lec11_dp.vhdl:]
WARNING: [filemgmt 56-199] Attempt to get parsing info during refresh. "On-the-fly" syntax checking information may be incorrect. [C:\Users\Jason.Wyche\source\repos\ece383_wksp\hw8\Scancode_Converter\src\lec11_dp.vhdl:]
WARNING: [filemgmt 56-199] Attempt to get parsing info during refresh. "On-the-fly" syntax checking information may be incorrect. [C:\Users\Jason.Wyche\source\repos\ece383_wksp\hw8\Scancode_Converter\src\lec11_dp.vhdl:]
WARNING: [filemgmt 56-199] Attempt to get parsing info during refresh. "On-the-fly" syntax checking information may be incorrect. [C:\Users\Jason.Wyche\source\repos\ece383_wksp\hw8\Scancode_Converter\src\lec11_cu.vhd:]
WARNING: [filemgmt 56-199] Attempt to get parsing info during refresh. "On-the-fly" syntax checking information may be incorrect. [C:\Users\Jason.Wyche\source\repos\ece383_wksp\hw8\Scancode_Converter\src\lec11_tb.vhdl:]
WARNING: [filemgmt 56-199] Attempt to get parsing info during refresh. "On-the-fly" syntax checking information may be incorrect. [C:\Users\Jason.Wyche\source\repos\ece383_wksp\hw8\Scancode_Converter\src\lec11.vhdl:]
WARNING: [filemgmt 56-199] Attempt to get parsing info during refresh. "On-the-fly" syntax checking information may be incorrect. [C:\Users\Jason.Wyche\source\repos\ece383_wksp\hw8\Scancode_Converter\src\lec11_dp.vhdl:]
WARNING: [filemgmt 56-199] Attempt to get parsing info during refresh. "On-the-fly" syntax checking information may be incorrect. [C:\Users\Jason.Wyche\source\repos\ece383_wksp\hw8\Scancode_Converter\src\lec11_tb.vhdl:]
WARNING: [filemgmt 56-199] Attempt to get parsing info during refresh. "On-the-fly" syntax checking information may be incorrect. [C:\Users\Jason.Wyche\source\repos\ece383_wksp\hw8\Scancode_Converter\src\lec11_tb.vhdl:]
ERROR: [Common 17-180] Spawn failed: No error
ERROR: [Common 17-180] Spawn failed: No error
launch_simulation
Command: launch_simulation 
INFO: [Vivado 12-12493] Simulation top is 'lec11_tb'
WARNING: [Vivado 12-13340] Unable to auto find GCC executables from simulator install path! (path not set)
INFO: [Vivado 12-5682] Launching behavioral simulation in 'C:/Users/Jason.Wyche/source/repos/ece383_wksp/hw8/Scancode_Converter/Scancode_Converter.sim/sim_1/behav/xsim'
INFO: [SIM-utils-51] Simulation object is 'sim_1'
INFO: [SIM-utils-72] Using boost library from 'C:/Xilinx/Vivado/2024.2/tps/boost_1_72_0'
INFO: [SIM-utils-54] Inspecting design source files for 'lec11_tb' in fileset 'sim_1'...
INFO: [USF-XSim-97] Finding global include files...
INFO: [USF-XSim-98] Fetching design files from 'sim_1'...
INFO: [USF-XSim-2] XSim::Compile design
INFO: [USF-XSim-61] Executing 'COMPILE and ANALYZE' step in 'C:/Users/Jason.Wyche/source/repos/ece383_wksp/hw8/Scancode_Converter/Scancode_Converter.sim/sim_1/behav/xsim'
"xvhdl --incr --relax -prj lec11_tb_vhdl.prj"
INFO: [VRFC 10-163] Analyzing VHDL file "C:/Users/Jason.Wyche/source/repos/ece383_wksp/hw8/Scancode_Converter/src/keyboard.vhd" into library xil_defaultlib
INFO: [VRFC 10-3107] analyzing entity 'keyboard'
INFO: [VRFC 10-163] Analyzing VHDL file "C:/Users/Jason.Wyche/source/repos/ece383_wksp/hw8/Scancode_Converter/src/lec11.vhdl" into library xil_defaultlib
INFO: [VRFC 10-3107] analyzing entity 'lec11'
INFO: [VRFC 10-163] Analyzing VHDL file "C:/Users/Jason.Wyche/source/repos/ece383_wksp/hw8/Scancode_Converter/src/lec11_cu.vhd" into library xil_defaultlib
INFO: [VRFC 10-3107] analyzing entity 'lec11_cu'
INFO: [VRFC 10-163] Analyzing VHDL file "C:/Users/Jason.Wyche/source/repos/ece383_wksp/hw8/Scancode_Converter/src/lec11_dp.vhdl" into library xil_defaultlib
INFO: [VRFC 10-3107] analyzing entity 'lec11_dp'
INFO: [VRFC 10-163] Analyzing VHDL file "C:/Users/Jason.Wyche/source/repos/ece383_wksp/hw8/Scancode_Converter/src/lec11_tb.vhdl" into library xil_defaultlib
INFO: [VRFC 10-3107] analyzing entity 'lec11_tb'
INFO: [USF-XSim-69] 'compile' step finished in '5' seconds
INFO: [USF-XSim-3] XSim::Elaborate design
INFO: [USF-XSim-61] Executing 'ELABORATE' step in 'C:/Users/Jason.Wyche/source/repos/ece383_wksp/hw8/Scancode_Converter/Scancode_Converter.sim/sim_1/behav/xsim'
"xelab --incr --debug typical --relax --mt 2 -L xil_defaultlib -L secureip --snapshot lec11_tb_behav xil_defaultlib.lec11_tb -log elaborate.log"
Vivado Simulator v2024.2.0
Copyright 1986-2022 Xilinx, Inc. All Rights Reserved.
Copyright 2022-2024 Advanced Micro Devices, Inc. All Rights Reserved.
Running: C:/Xilinx/Vivado/2024.2/bin/unwrapped/win64.o/xelab.exe --incr --debug typical --relax --mt 2 -L xil_defaultlib -L secureip --snapshot lec11_tb_behav xil_defaultlib.lec11_tb -log elaborate.log 
Using 2 slave threads.
Starting static elaboration
ERROR: [VRFC 10-8554] case statement does not cover all choices; 'others' clause is needed [C:/Users/Jason.Wyche/source/repos/ece383_wksp/hw8/Scancode_Converter/src/lec11_cu.vhd:72]
ERROR: [XSIM 43-3321] Static elaboration of top level VHDL design unit lec11_tb in library work failed.
INFO: [USF-XSim-69] 'elaborate' step finished in '3' seconds
INFO: [USF-XSim-99] Step results log file:'C:/Users/Jason.Wyche/source/repos/ece383_wksp/hw8/Scancode_Converter/Scancode_Converter.sim/sim_1/behav/xsim/elaborate.log'
ERROR: [USF-XSim-62] 'elaborate' step failed with error(s). Please check the Tcl console output or 'C:/Users/Jason.Wyche/source/repos/ece383_wksp/hw8/Scancode_Converter/Scancode_Converter.sim/sim_1/behav/xsim/elaborate.log' file for more information.
ERROR: [Vivado 12-4473] Detected error while running simulation. Please correct the issue and retry this operation.
launch_simulation: Time (s): cpu = 00:00:00 ; elapsed = 00:00:08 . Memory (MB): peak = 1167.879 ; gain = 12.020
ERROR: [Common 17-39] 'launch_simulation' failed due to earlier errors.
WARNING: [filemgmt 56-199] Attempt to get parsing info during refresh. "On-the-fly" syntax checking information may be incorrect. [C:\Users\Jason.Wyche\source\repos\ece383_wksp\hw8\Scancode_Converter\src\lec11_cu.vhd:]
WARNING: [filemgmt 56-199] Attempt to get parsing info during refresh. "On-the-fly" syntax checking information may be incorrect. [C:\Users\Jason.Wyche\source\repos\ece383_wksp\hw8\Scancode_Converter\src\lec11_tb.vhdl:]
WARNING: [filemgmt 56-199] Attempt to get parsing info during refresh. "On-the-fly" syntax checking information may be incorrect. [C:\Users\Jason.Wyche\source\repos\ece383_wksp\hw8\Scancode_Converter\src\lec11.vhdl:]
WARNING: [filemgmt 56-199] Attempt to get parsing info during refresh. "On-the-fly" syntax checking information may be incorrect. [C:\Users\Jason.Wyche\source\repos\ece383_wksp\hw8\Scancode_Converter\src\lec11_dp.vhdl:]
WARNING: [filemgmt 56-199] Attempt to get parsing info during refresh. "On-the-fly" syntax checking information may be incorrect. [C:\Users\Jason.Wyche\source\repos\ece383_wksp\hw8\Scancode_Converter\src\lec11_tb.vhdl:]
WARNING: [filemgmt 56-199] Attempt to get parsing info during refresh. "On-the-fly" syntax checking information may be incorrect. [C:\Users\Jason.Wyche\source\repos\ece383_wksp\hw8\Scancode_Converter\src\lec11_tb.vhdl:]
WARNING: [filemgmt 56-199] Attempt to get parsing info during refresh. "On-the-fly" syntax checking information may be incorrect. [C:\Users\Jason.Wyche\source\repos\ece383_wksp\hw8\Scancode_Converter\src\lec11_cu.vhd:]
WARNING: [filemgmt 56-199] Attempt to get parsing info during refresh. "On-the-fly" syntax checking information may be incorrect. [C:\Users\Jason.Wyche\source\repos\ece383_wksp\hw8\Scancode_Converter\src\lec11_tb.vhdl:]
WARNING: [filemgmt 56-199] Attempt to get parsing info during refresh. "On-the-fly" syntax checking information may be incorrect. [C:\Users\Jason.Wyche\source\repos\ece383_wksp\hw8\Scancode_Converter\src\lec11.vhdl:]
WARNING: [filemgmt 56-199] Attempt to get parsing info during refresh. "On-the-fly" syntax checking information may be incorrect. [C:\Users\Jason.Wyche\source\repos\ece383_wksp\hw8\Scancode_Converter\src\lec11_dp.vhdl:]
WARNING: [filemgmt 56-199] Attempt to get parsing info during refresh. "On-the-fly" syntax checking information may be incorrect. [C:\Users\Jason.Wyche\source\repos\ece383_wksp\hw8\Scancode_Converter\src\lec11.vhdl:]
WARNING: [filemgmt 56-199] Attempt to get parsing info during refresh. "On-the-fly" syntax checking information may be incorrect. [C:\Users\Jason.Wyche\source\repos\ece383_wksp\hw8\Scancode_Converter\src\lec11.vhdl:]
ERROR: [Common 17-180] Spawn failed: No error
WARNING: [filemgmt 56-199] Attempt to get parsing info during refresh. "On-the-fly" syntax checking information may be incorrect. [C:\Users\Jason.Wyche\source\repos\ece383_wksp\hw8\Scancode_Converter\src\lec11_cu.vhd:]
WARNING: [filemgmt 56-199] Attempt to get parsing info during refresh. "On-the-fly" syntax checking information may be incorrect. [C:\Users\Jason.Wyche\source\repos\ece383_wksp\hw8\Scancode_Converter\src\lec11_tb.vhdl:]
WARNING: [filemgmt 56-199] Attempt to get parsing info during refresh. "On-the-fly" syntax checking information may be incorrect. [C:\Users\Jason.Wyche\source\repos\ece383_wksp\hw8\Scancode_Converter\src\lec11.vhdl:]
WARNING: [filemgmt 56-199] Attempt to get parsing info during refresh. "On-the-fly" syntax checking information may be incorrect. [C:\Users\Jason.Wyche\source\repos\ece383_wksp\hw8\Scancode_Converter\src\lec11_dp.vhdl:]
WARNING: [filemgmt 56-199] Attempt to get parsing info during refresh. "On-the-fly" syntax checking information may be incorrect. [C:\Users\Jason.Wyche\source\repos\ece383_wksp\hw8\Scancode_Converter\src\lec11_cu.vhd:]
WARNING: [filemgmt 56-199] Attempt to get parsing info during refresh. "On-the-fly" syntax checking information may be incorrect. [C:\Users\Jason.Wyche\source\repos\ece383_wksp\hw8\Scancode_Converter\src\lec11_cu.vhd:]
ERROR: [Common 17-180] Spawn failed: No error
launch_simulation
Command: launch_simulation 
INFO: [Vivado 12-12493] Simulation top is 'lec11_tb'
WARNING: [Vivado 12-13340] Unable to auto find GCC executables from simulator install path! (path not set)
INFO: [Vivado 12-5682] Launching behavioral simulation in 'C:/Users/Jason.Wyche/source/repos/ece383_wksp/hw8/Scancode_Converter/Scancode_Converter.sim/sim_1/behav/xsim'
INFO: [SIM-utils-51] Simulation object is 'sim_1'
INFO: [SIM-utils-72] Using boost library from 'C:/Xilinx/Vivado/2024.2/tps/boost_1_72_0'
INFO: [SIM-utils-54] Inspecting design source files for 'lec11_tb' in fileset 'sim_1'...
INFO: [USF-XSim-97] Finding global include files...
INFO: [USF-XSim-98] Fetching design files from 'sim_1'...
INFO: [USF-XSim-2] XSim::Compile design
INFO: [USF-XSim-61] Executing 'COMPILE and ANALYZE' step in 'C:/Users/Jason.Wyche/source/repos/ece383_wksp/hw8/Scancode_Converter/Scancode_Converter.sim/sim_1/behav/xsim'
"xvhdl --incr --relax -prj lec11_tb_vhdl.prj"
INFO: [VRFC 10-163] Analyzing VHDL file "C:/Users/Jason.Wyche/source/repos/ece383_wksp/hw8/Scancode_Converter/src/lec11_cu.vhd" into library xil_defaultlib
INFO: [VRFC 10-3107] analyzing entity 'lec11_cu'
INFO: [USF-XSim-69] 'compile' step finished in '1' seconds
INFO: [USF-XSim-3] XSim::Elaborate design
INFO: [USF-XSim-61] Executing 'ELABORATE' step in 'C:/Users/Jason.Wyche/source/repos/ece383_wksp/hw8/Scancode_Converter/Scancode_Converter.sim/sim_1/behav/xsim'
"xelab --incr --debug typical --relax --mt 2 -L xil_defaultlib -L secureip --snapshot lec11_tb_behav xil_defaultlib.lec11_tb -log elaborate.log"
Vivado Simulator v2024.2.0
Copyright 1986-2022 Xilinx, Inc. All Rights Reserved.
Copyright 2022-2024 Advanced Micro Devices, Inc. All Rights Reserved.
Running: C:/Xilinx/Vivado/2024.2/bin/unwrapped/win64.o/xelab.exe --incr --debug typical --relax --mt 2 -L xil_defaultlib -L secureip --snapshot lec11_tb_behav xil_defaultlib.lec11_tb -log elaborate.log 
Using 2 slave threads.
Starting static elaboration
Completed static elaboration
Starting simulation data flow analysis
Completed simulation data flow analysis
Time Resolution for simulation is 1ps
Compiling package std.standard
Compiling package std.textio
Compiling package ieee.std_logic_1164
Compiling package ieee.numeric_std
Compiling architecture behavioral of entity xil_defaultlib.lec11_cu [lec11_cu_default]
Compiling architecture behavior of entity xil_defaultlib.lec11_dp [lec11_dp_default]
Compiling architecture behavior of entity xil_defaultlib.lec11 [lec11_default]
Compiling architecture behavior of entity xil_defaultlib.keyboard [keyboard_default]
Compiling architecture behavior of entity xil_defaultlib.lec11_tb
Built simulation snapshot lec11_tb_behav
run_program: Time (s): cpu = 00:00:00 ; elapsed = 00:00:09 . Memory (MB): peak = 1167.879 ; gain = 0.000
INFO: [USF-XSim-69] 'elaborate' step finished in '10' seconds
INFO: [USF-XSim-4] XSim::Simulate design
INFO: [USF-XSim-61] Executing 'SIMULATE' step in 'C:/Users/Jason.Wyche/source/repos/ece383_wksp/hw8/Scancode_Converter/Scancode_Converter.sim/sim_1/behav/xsim'
INFO: [USF-XSim-98] *** Running xsim
   with args "lec11_tb_behav -key {Behavioral:sim_1:Functional:lec11_tb} -tclbatch {lec11_tb.tcl} -log {simulate.log}"
INFO: [USF-XSim-8] Loading simulator feature
Time resolution is 1 ps
source lec11_tb.tcl
# set curr_wave [current_wave_config]
# if { [string length $curr_wave] == 0 } {
#   if { [llength [get_objects]] > 0} {
#     add_wave /
#     set_property needs_save false [current_wave_config]
#   } else {
#      send_msg_id Add_Wave-1 WARNING "No top level signals found. Simulator will start without a wave window. If you want to open a wave window go to 'File->New Waveform Configuration' or type 'create_wave_config' in the TCL console."
#   }
# }
# run 150us
INFO: [USF-XSim-96] XSim completed. Design snapshot 'lec11_tb_behav' loaded.
INFO: [USF-XSim-97] XSim simulation ran for 150us
launch_simulation: Time (s): cpu = 00:00:00 ; elapsed = 00:00:14 . Memory (MB): peak = 1215.113 ; gain = 47.234
close_sim
INFO: [Simtcl 6-16] Simulation closed
WARNING: [filemgmt 56-199] Attempt to get parsing info during refresh. "On-the-fly" syntax checking information may be incorrect. [C:\Users\Jason.Wyche\source\repos\ece383_wksp\hw8\Scancode_Converter\src\lec11_cu.vhd:]
WARNING: [filemgmt 56-199] Attempt to get parsing info during refresh. "On-the-fly" syntax checking information may be incorrect. [C:\Users\Jason.Wyche\source\repos\ece383_wksp\hw8\Scancode_Converter\src\lec11_tb.vhdl:]
WARNING: [filemgmt 56-199] Attempt to get parsing info during refresh. "On-the-fly" syntax checking information may be incorrect. [C:\Users\Jason.Wyche\source\repos\ece383_wksp\hw8\Scancode_Converter\src\lec11.vhdl:]
WARNING: [filemgmt 56-199] Attempt to get parsing info during refresh. "On-the-fly" syntax checking information may be incorrect. [C:\Users\Jason.Wyche\source\repos\ece383_wksp\hw8\Scancode_Converter\src\lec11_dp.vhdl:]
WARNING: [filemgmt 56-199] Attempt to get parsing info during refresh. "On-the-fly" syntax checking information may be incorrect. [C:\Users\Jason.Wyche\source\repos\ece383_wksp\hw8\Scancode_Converter\src\lec11_dp.vhdl:]
WARNING: [filemgmt 56-199] Attempt to get parsing info during refresh. "On-the-fly" syntax checking information may be incorrect. [C:\Users\Jason.Wyche\source\repos\ece383_wksp\hw8\Scancode_Converter\src\lec11_dp.vhdl:]
WARNING: [filemgmt 56-199] Attempt to get parsing info during refresh. "On-the-fly" syntax checking information may be incorrect. [C:\Users\Jason.Wyche\source\repos\ece383_wksp\hw8\Scancode_Converter\src\lec11_cu.vhd:]
WARNING: [filemgmt 56-199] Attempt to get parsing info during refresh. "On-the-fly" syntax checking information may be incorrect. [C:\Users\Jason.Wyche\source\repos\ece383_wksp\hw8\Scancode_Converter\src\lec11_tb.vhdl:]
WARNING: [filemgmt 56-199] Attempt to get parsing info during refresh. "On-the-fly" syntax checking information may be incorrect. [C:\Users\Jason.Wyche\source\repos\ece383_wksp\hw8\Scancode_Converter\src\lec11.vhdl:]
WARNING: [filemgmt 56-199] Attempt to get parsing info during refresh. "On-the-fly" syntax checking information may be incorrect. [C:\Users\Jason.Wyche\source\repos\ece383_wksp\hw8\Scancode_Converter\src\lec11_dp.vhdl:]
WARNING: [filemgmt 56-199] Attempt to get parsing info during refresh. "On-the-fly" syntax checking information may be incorrect. [C:\Users\Jason.Wyche\source\repos\ece383_wksp\hw8\Scancode_Converter\src\lec11_tb.vhdl:]
WARNING: [filemgmt 56-199] Attempt to get parsing info during refresh. "On-the-fly" syntax checking information may be incorrect. [C:\Users\Jason.Wyche\source\repos\ece383_wksp\hw8\Scancode_Converter\src\lec11_tb.vhdl:]
ERROR: [Common 17-180] Spawn failed: No error
WARNING: [filemgmt 56-199] Attempt to get parsing info during refresh. "On-the-fly" syntax checking information may be incorrect. [C:\Users\Jason.Wyche\source\repos\ece383_wksp\hw8\Scancode_Converter\src\lec11_cu.vhd:]
WARNING: [filemgmt 56-199] Attempt to get parsing info during refresh. "On-the-fly" syntax checking information may be incorrect. [C:\Users\Jason.Wyche\source\repos\ece383_wksp\hw8\Scancode_Converter\src\lec11_tb.vhdl:]
WARNING: [filemgmt 56-199] Attempt to get parsing info during refresh. "On-the-fly" syntax checking information may be incorrect. [C:\Users\Jason.Wyche\source\repos\ece383_wksp\hw8\Scancode_Converter\src\lec11.vhdl:]
WARNING: [filemgmt 56-199] Attempt to get parsing info during refresh. "On-the-fly" syntax checking information may be incorrect. [C:\Users\Jason.Wyche\source\repos\ece383_wksp\hw8\Scancode_Converter\src\lec11_dp.vhdl:]
WARNING: [filemgmt 56-199] Attempt to get parsing info during refresh. "On-the-fly" syntax checking information may be incorrect. [C:\Users\Jason.Wyche\source\repos\ece383_wksp\hw8\Scancode_Converter\src\lec11_cu.vhd:]
WARNING: [filemgmt 56-199] Attempt to get parsing info during refresh. "On-the-fly" syntax checking information may be incorrect. [C:\Users\Jason.Wyche\source\repos\ece383_wksp\hw8\Scancode_Converter\src\lec11_cu.vhd:]
ERROR: [Common 17-180] Spawn failed: No error
WARNING: [filemgmt 56-199] Attempt to get parsing info during refresh. "On-the-fly" syntax checking information may be incorrect. [C:\Users\Jason.Wyche\source\repos\ece383_wksp\hw8\Scancode_Converter\src\lec11_cu.vhd:]
WARNING: [filemgmt 56-199] Attempt to get parsing info during refresh. "On-the-fly" syntax checking information may be incorrect. [C:\Users\Jason.Wyche\source\repos\ece383_wksp\hw8\Scancode_Converter\src\lec11_tb.vhdl:]
WARNING: [filemgmt 56-199] Attempt to get parsing info during refresh. "On-the-fly" syntax checking information may be incorrect. [C:\Users\Jason.Wyche\source\repos\ece383_wksp\hw8\Scancode_Converter\src\lec11.vhdl:]
WARNING: [filemgmt 56-199] Attempt to get parsing info during refresh. "On-the-fly" syntax checking information may be incorrect. [C:\Users\Jason.Wyche\source\repos\ece383_wksp\hw8\Scancode_Converter\src\lec11_dp.vhdl:]
WARNING: [filemgmt 56-199] Attempt to get parsing info during refresh. "On-the-fly" syntax checking information may be incorrect. [C:\Users\Jason.Wyche\source\repos\ece383_wksp\hw8\Scancode_Converter\src\lec11_dp.vhdl:]
WARNING: [filemgmt 56-199] Attempt to get parsing info during refresh. "On-the-fly" syntax checking information may be incorrect. [C:\Users\Jason.Wyche\source\repos\ece383_wksp\hw8\Scancode_Converter\src\lec11_dp.vhdl:]
WARNING: [filemgmt 56-199] Attempt to get parsing info during refresh. "On-the-fly" syntax checking information may be incorrect. [C:\Users\Jason.Wyche\source\repos\ece383_wksp\hw8\Scancode_Converter\src\lec11_cu.vhd:]
WARNING: [filemgmt 56-199] Attempt to get parsing info during refresh. "On-the-fly" syntax checking information may be incorrect. [C:\Users\Jason.Wyche\source\repos\ece383_wksp\hw8\Scancode_Converter\src\lec11_tb.vhdl:]
WARNING: [filemgmt 56-199] Attempt to get parsing info during refresh. "On-the-fly" syntax checking information may be incorrect. [C:\Users\Jason.Wyche\source\repos\ece383_wksp\hw8\Scancode_Converter\src\lec11.vhdl:]
WARNING: [filemgmt 56-199] Attempt to get parsing info during refresh. "On-the-fly" syntax checking information may be incorrect. [C:\Users\Jason.Wyche\source\repos\ece383_wksp\hw8\Scancode_Converter\src\lec11_dp.vhdl:]
WARNING: [filemgmt 56-199] Attempt to get parsing info during refresh. "On-the-fly" syntax checking information may be incorrect. [C:\Users\Jason.Wyche\source\repos\ece383_wksp\hw8\Scancode_Converter\src\lec11_tb.vhdl:]
WARNING: [filemgmt 56-199] Attempt to get parsing info during refresh. "On-the-fly" syntax checking information may be incorrect. [C:\Users\Jason.Wyche\source\repos\ece383_wksp\hw8\Scancode_Converter\src\lec11_tb.vhdl:]
ERROR: [Common 17-180] Spawn failed: No error
WARNING: [filemgmt 56-199] Attempt to get parsing info during refresh. "On-the-fly" syntax checking information may be incorrect. [C:\Users\Jason.Wyche\source\repos\ece383_wksp\hw8\Scancode_Converter\src\lec11_cu.vhd:]
WARNING: [filemgmt 56-199] Attempt to get parsing info during refresh. "On-the-fly" syntax checking information may be incorrect. [C:\Users\Jason.Wyche\source\repos\ece383_wksp\hw8\Scancode_Converter\src\lec11_tb.vhdl:]
WARNING: [filemgmt 56-199] Attempt to get parsing info during refresh. "On-the-fly" syntax checking information may be incorrect. [C:\Users\Jason.Wyche\source\repos\ece383_wksp\hw8\Scancode_Converter\src\lec11.vhdl:]
WARNING: [filemgmt 56-199] Attempt to get parsing info during refresh. "On-the-fly" syntax checking information may be incorrect. [C:\Users\Jason.Wyche\source\repos\ece383_wksp\hw8\Scancode_Converter\src\lec11_dp.vhdl:]
WARNING: [filemgmt 56-199] Attempt to get parsing info during refresh. "On-the-fly" syntax checking information may be incorrect. [C:\Users\Jason.Wyche\source\repos\ece383_wksp\hw8\Scancode_Converter\src\lec11_cu.vhd:]
WARNING: [filemgmt 56-199] Attempt to get parsing info during refresh. "On-the-fly" syntax checking information may be incorrect. [C:\Users\Jason.Wyche\source\repos\ece383_wksp\hw8\Scancode_Converter\src\lec11_cu.vhd:]
ERROR: [Common 17-180] Spawn failed: No error
set_property -name {xsim.simulate.runtime} -value {1000us} -objects [get_filesets sim_1]
launch_simulation
Command: launch_simulation 
INFO: [Vivado 12-12493] Simulation top is 'lec11_tb'
WARNING: [Vivado 12-13340] Unable to auto find GCC executables from simulator install path! (path not set)
INFO: [Vivado 12-5682] Launching behavioral simulation in 'C:/Users/Jason.Wyche/source/repos/ece383_wksp/hw8/Scancode_Converter/Scancode_Converter.sim/sim_1/behav/xsim'
INFO: [SIM-utils-51] Simulation object is 'sim_1'
INFO: [SIM-utils-72] Using boost library from 'C:/Xilinx/Vivado/2024.2/tps/boost_1_72_0'
INFO: [SIM-utils-54] Inspecting design source files for 'lec11_tb' in fileset 'sim_1'...
INFO: [USF-XSim-97] Finding global include files...
INFO: [USF-XSim-98] Fetching design files from 'sim_1'...
INFO: [USF-XSim-2] XSim::Compile design
INFO: [USF-XSim-61] Executing 'COMPILE and ANALYZE' step in 'C:/Users/Jason.Wyche/source/repos/ece383_wksp/hw8/Scancode_Converter/Scancode_Converter.sim/sim_1/behav/xsim'
"xvhdl --incr --relax -prj lec11_tb_vhdl.prj"
INFO: [VRFC 10-163] Analyzing VHDL file "C:/Users/Jason.Wyche/source/repos/ece383_wksp/hw8/Scancode_Converter/src/lec11_cu.vhd" into library xil_defaultlib
INFO: [VRFC 10-3107] analyzing entity 'lec11_cu'
INFO: [USF-XSim-69] 'compile' step finished in '2' seconds
INFO: [USF-XSim-3] XSim::Elaborate design
INFO: [USF-XSim-61] Executing 'ELABORATE' step in 'C:/Users/Jason.Wyche/source/repos/ece383_wksp/hw8/Scancode_Converter/Scancode_Converter.sim/sim_1/behav/xsim'
"xelab --incr --debug typical --relax --mt 2 -L xil_defaultlib -L secureip --snapshot lec11_tb_behav xil_defaultlib.lec11_tb -log elaborate.log"
Vivado Simulator v2024.2.0
Copyright 1986-2022 Xilinx, Inc. All Rights Reserved.
Copyright 2022-2024 Advanced Micro Devices, Inc. All Rights Reserved.
Running: C:/Xilinx/Vivado/2024.2/bin/unwrapped/win64.o/xelab.exe --incr --debug typical --relax --mt 2 -L xil_defaultlib -L secureip --snapshot lec11_tb_behav xil_defaultlib.lec11_tb -log elaborate.log 
Using 2 slave threads.
Starting static elaboration
Completed static elaboration
Starting simulation data flow analysis
Completed simulation data flow analysis
Time Resolution for simulation is 1ps
Compiling package std.standard
Compiling package std.textio
Compiling package ieee.std_logic_1164
Compiling package ieee.numeric_std
Compiling architecture behavioral of entity xil_defaultlib.lec11_cu [lec11_cu_default]
Compiling architecture behavior of entity xil_defaultlib.lec11_dp [lec11_dp_default]
Compiling architecture behavior of entity xil_defaultlib.lec11 [lec11_default]
Compiling architecture behavior of entity xil_defaultlib.keyboard [keyboard_default]
Compiling architecture behavior of entity xil_defaultlib.lec11_tb
Built simulation snapshot lec11_tb_behav
INFO: [USF-XSim-69] 'elaborate' step finished in '2' seconds
INFO: [USF-XSim-4] XSim::Simulate design
INFO: [USF-XSim-61] Executing 'SIMULATE' step in 'C:/Users/Jason.Wyche/source/repos/ece383_wksp/hw8/Scancode_Converter/Scancode_Converter.sim/sim_1/behav/xsim'
INFO: [USF-XSim-98] *** Running xsim
   with args "lec11_tb_behav -key {Behavioral:sim_1:Functional:lec11_tb} -tclbatch {lec11_tb.tcl} -log {simulate.log}"
INFO: [USF-XSim-8] Loading simulator feature
Time resolution is 1 ps
source lec11_tb.tcl
# set curr_wave [current_wave_config]
# if { [string length $curr_wave] == 0 } {
#   if { [llength [get_objects]] > 0} {
#     add_wave /
#     set_property needs_save false [current_wave_config]
#   } else {
#      send_msg_id Add_Wave-1 WARNING "No top level signals found. Simulator will start without a wave window. If you want to open a wave window go to 'File->New Waveform Configuration' or type 'create_wave_config' in the TCL console."
#   }
# }
# run 1000us
INFO: [USF-XSim-96] XSim completed. Design snapshot 'lec11_tb_behav' loaded.
INFO: [USF-XSim-97] XSim simulation ran for 1000us
launch_simulation: Time (s): cpu = 00:00:01 ; elapsed = 00:00:06 . Memory (MB): peak = 2234.855 ; gain = 1019.742
close_sim
INFO: [Simtcl 6-16] Simulation closed
set_property -name {xsim.simulate.runtime} -value {3000us} -objects [get_filesets sim_1]
launch_simulation
Command: launch_simulation 
INFO: [Vivado 12-12493] Simulation top is 'lec11_tb'
WARNING: [Vivado 12-13340] Unable to auto find GCC executables from simulator install path! (path not set)
INFO: [Vivado 12-5682] Launching behavioral simulation in 'C:/Users/Jason.Wyche/source/repos/ece383_wksp/hw8/Scancode_Converter/Scancode_Converter.sim/sim_1/behav/xsim'
INFO: [SIM-utils-51] Simulation object is 'sim_1'
INFO: [SIM-utils-72] Using boost library from 'C:/Xilinx/Vivado/2024.2/tps/boost_1_72_0'
INFO: [SIM-utils-54] Inspecting design source files for 'lec11_tb' in fileset 'sim_1'...
INFO: [USF-XSim-97] Finding global include files...
INFO: [USF-XSim-98] Fetching design files from 'sim_1'...
INFO: [USF-XSim-2] XSim::Compile design
INFO: [USF-XSim-61] Executing 'COMPILE and ANALYZE' step in 'C:/Users/Jason.Wyche/source/repos/ece383_wksp/hw8/Scancode_Converter/Scancode_Converter.sim/sim_1/behav/xsim'
"xvhdl --incr --relax -prj lec11_tb_vhdl.prj"
INFO: [USF-XSim-69] 'compile' step finished in '2' seconds
INFO: [USF-XSim-3] XSim::Elaborate design
INFO: [USF-XSim-61] Executing 'ELABORATE' step in 'C:/Users/Jason.Wyche/source/repos/ece383_wksp/hw8/Scancode_Converter/Scancode_Converter.sim/sim_1/behav/xsim'
"xelab --incr --debug typical --relax --mt 2 -L xil_defaultlib -L secureip --snapshot lec11_tb_behav xil_defaultlib.lec11_tb -log elaborate.log"
Vivado Simulator v2024.2.0
Copyright 1986-2022 Xilinx, Inc. All Rights Reserved.
Copyright 2022-2024 Advanced Micro Devices, Inc. All Rights Reserved.
Running: C:/Xilinx/Vivado/2024.2/bin/unwrapped/win64.o/xelab.exe --incr --debug typical --relax --mt 2 -L xil_defaultlib -L secureip --snapshot lec11_tb_behav xil_defaultlib.lec11_tb -log elaborate.log 
Using 2 slave threads.
Starting static elaboration
Completed static elaboration
INFO: [XSIM 43-4323] No Change in HDL. Linking previously generated obj files to create kernel
INFO: [USF-XSim-69] 'elaborate' step finished in '2' seconds
INFO: [USF-XSim-4] XSim::Simulate design
INFO: [USF-XSim-61] Executing 'SIMULATE' step in 'C:/Users/Jason.Wyche/source/repos/ece383_wksp/hw8/Scancode_Converter/Scancode_Converter.sim/sim_1/behav/xsim'
INFO: [USF-XSim-98] *** Running xsim
   with args "lec11_tb_behav -key {Behavioral:sim_1:Functional:lec11_tb} -tclbatch {lec11_tb.tcl} -log {simulate.log}"
INFO: [USF-XSim-8] Loading simulator feature
Time resolution is 1 ps
source lec11_tb.tcl
# set curr_wave [current_wave_config]
# if { [string length $curr_wave] == 0 } {
#   if { [llength [get_objects]] > 0} {
#     add_wave /
#     set_property needs_save false [current_wave_config]
#   } else {
#      send_msg_id Add_Wave-1 WARNING "No top level signals found. Simulator will start without a wave window. If you want to open a wave window go to 'File->New Waveform Configuration' or type 'create_wave_config' in the TCL console."
#   }
# }
# run 3000us
INFO: [USF-XSim-96] XSim completed. Design snapshot 'lec11_tb_behav' loaded.
INFO: [USF-XSim-97] XSim simulation ran for 3000us
launch_simulation: Time (s): cpu = 00:00:01 ; elapsed = 00:00:06 . Memory (MB): peak = 2353.211 ; gain = 0.000
close_sim
INFO: [Simtcl 6-16] Simulation closed
set_property -name {xsim.simulate.runtime} -value {4000us} -objects [get_filesets sim_1]
launch_simulation
Command: launch_simulation 
INFO: [Vivado 12-12493] Simulation top is 'lec11_tb'
WARNING: [Vivado 12-13340] Unable to auto find GCC executables from simulator install path! (path not set)
INFO: [Vivado 12-5682] Launching behavioral simulation in 'C:/Users/Jason.Wyche/source/repos/ece383_wksp/hw8/Scancode_Converter/Scancode_Converter.sim/sim_1/behav/xsim'
INFO: [SIM-utils-51] Simulation object is 'sim_1'
INFO: [SIM-utils-72] Using boost library from 'C:/Xilinx/Vivado/2024.2/tps/boost_1_72_0'
INFO: [SIM-utils-54] Inspecting design source files for 'lec11_tb' in fileset 'sim_1'...
INFO: [USF-XSim-97] Finding global include files...
INFO: [USF-XSim-98] Fetching design files from 'sim_1'...
INFO: [USF-XSim-2] XSim::Compile design
INFO: [USF-XSim-61] Executing 'COMPILE and ANALYZE' step in 'C:/Users/Jason.Wyche/source/repos/ece383_wksp/hw8/Scancode_Converter/Scancode_Converter.sim/sim_1/behav/xsim'
"xvhdl --incr --relax -prj lec11_tb_vhdl.prj"
INFO: [USF-XSim-69] 'compile' step finished in '2' seconds
INFO: [USF-XSim-3] XSim::Elaborate design
INFO: [USF-XSim-61] Executing 'ELABORATE' step in 'C:/Users/Jason.Wyche/source/repos/ece383_wksp/hw8/Scancode_Converter/Scancode_Converter.sim/sim_1/behav/xsim'
"xelab --incr --debug typical --relax --mt 2 -L xil_defaultlib -L secureip --snapshot lec11_tb_behav xil_defaultlib.lec11_tb -log elaborate.log"
Vivado Simulator v2024.2.0
Copyright 1986-2022 Xilinx, Inc. All Rights Reserved.
Copyright 2022-2024 Advanced Micro Devices, Inc. All Rights Reserved.
Running: C:/Xilinx/Vivado/2024.2/bin/unwrapped/win64.o/xelab.exe --incr --debug typical --relax --mt 2 -L xil_defaultlib -L secureip --snapshot lec11_tb_behav xil_defaultlib.lec11_tb -log elaborate.log 
Using 2 slave threads.
Starting static elaboration
Completed static elaboration
INFO: [XSIM 43-4323] No Change in HDL. Linking previously generated obj files to create kernel
INFO: [USF-XSim-69] 'elaborate' step finished in '1' seconds
INFO: [USF-XSim-4] XSim::Simulate design
INFO: [USF-XSim-61] Executing 'SIMULATE' step in 'C:/Users/Jason.Wyche/source/repos/ece383_wksp/hw8/Scancode_Converter/Scancode_Converter.sim/sim_1/behav/xsim'
INFO: [USF-XSim-98] *** Running xsim
   with args "lec11_tb_behav -key {Behavioral:sim_1:Functional:lec11_tb} -tclbatch {lec11_tb.tcl} -log {simulate.log}"
INFO: [USF-XSim-8] Loading simulator feature
Time resolution is 1 ps
source lec11_tb.tcl
# set curr_wave [current_wave_config]
# if { [string length $curr_wave] == 0 } {
#   if { [llength [get_objects]] > 0} {
#     add_wave /
#     set_property needs_save false [current_wave_config]
#   } else {
#      send_msg_id Add_Wave-1 WARNING "No top level signals found. Simulator will start without a wave window. If you want to open a wave window go to 'File->New Waveform Configuration' or type 'create_wave_config' in the TCL console."
#   }
# }
# run 4000us
INFO: [USF-XSim-96] XSim completed. Design snapshot 'lec11_tb_behav' loaded.
INFO: [USF-XSim-97] XSim simulation ran for 4000us
launch_simulation: Time (s): cpu = 00:00:01 ; elapsed = 00:00:06 . Memory (MB): peak = 2353.211 ; gain = 0.000
current_wave_config {Untitled 4}
Untitled 4
add_wave {{/lec11_tb/uut/cu/state}} 
current_wave_config {Untitled 4}
Untitled 4
add_wave {{/lec11_tb/uut/cu/cw}} 
current_wave_config {Untitled 4}
Untitled 4
add_wave {{/lec11_tb/uut/dp/shiftReg}} 
current_wave_config {Untitled 4}
Untitled 4
add_wave {{/lec11_tb/uut/dp/keyCntr}} 
current_wave_config {Untitled 4}
Untitled 4
add_wave {{/lec11_tb/uut/dp/sw}} 
save_wave_config {C:/Users/Jason.Wyche/source/repos/ece383_wksp/hw8/Scancode_Converter/lec11_tb_behav.wcfg}
add_files -fileset sim_1 -norecurse C:/Users/Jason.Wyche/source/repos/ece383_wksp/hw8/Scancode_Converter/lec11_tb_behav.wcfg
set_property xsim.view C:/Users/Jason.Wyche/source/repos/ece383_wksp/hw8/Scancode_Converter/lec11_tb_behav.wcfg [get_filesets sim_1]
WARNING: [filemgmt 56-199] Attempt to get parsing info during refresh. "On-the-fly" syntax checking information may be incorrect. [C:\Users\Jason.Wyche\source\repos\ece383_wksp\hw8\Scancode_Converter\src\keyboard.vhd:]
WARNING: [filemgmt 56-199] Attempt to get parsing info during refresh. "On-the-fly" syntax checking information may be incorrect. [C:\Users\Jason.Wyche\source\repos\ece383_wksp\hw8\Scancode_Converter\src\lec11_cu.vhd:]
WARNING: [filemgmt 56-199] Attempt to get parsing info during refresh. "On-the-fly" syntax checking information may be incorrect. [C:\Users\Jason.Wyche\source\repos\ece383_wksp\hw8\Scancode_Converter\src\lec11_tb.vhdl:]
WARNING: [filemgmt 56-199] Attempt to get parsing info during refresh. "On-the-fly" syntax checking information may be incorrect. [C:\Users\Jason.Wyche\source\repos\ece383_wksp\hw8\Scancode_Converter\src\lec11.vhdl:]
WARNING: [filemgmt 56-199] Attempt to get parsing info during refresh. "On-the-fly" syntax checking information may be incorrect. [C:\Users\Jason.Wyche\source\repos\ece383_wksp\hw8\Scancode_Converter\src\lec11_dp.vhdl:]
WARNING: [filemgmt 56-199] Attempt to get parsing info during refresh. "On-the-fly" syntax checking information may be incorrect. [C:\Users\Jason.Wyche\source\repos\ece383_wksp\hw8\Scancode_Converter\src\lec11.vhdl:]
WARNING: [filemgmt 56-199] Attempt to get parsing info during refresh. "On-the-fly" syntax checking information may be incorrect. [C:\Users\Jason.Wyche\source\repos\ece383_wksp\hw8\Scancode_Converter\src\lec11.vhdl:]
WARNING: [filemgmt 56-199] Attempt to get parsing info during refresh. "On-the-fly" syntax checking information may be incorrect. [C:\Users\Jason.Wyche\source\repos\ece383_wksp\hw8\Scancode_Converter\src\keyboard.vhd:]
WARNING: [filemgmt 56-199] Attempt to get parsing info during refresh. "On-the-fly" syntax checking information may be incorrect. [C:\Users\Jason.Wyche\source\repos\ece383_wksp\hw8\Scancode_Converter\src\lec11_cu.vhd:]
WARNING: [filemgmt 56-199] Attempt to get parsing info during refresh. "On-the-fly" syntax checking information may be incorrect. [C:\Users\Jason.Wyche\source\repos\ece383_wksp\hw8\Scancode_Converter\src\lec11_tb.vhdl:]
WARNING: [filemgmt 56-199] Attempt to get parsing info during refresh. "On-the-fly" syntax checking information may be incorrect. [C:\Users\Jason.Wyche\source\repos\ece383_wksp\hw8\Scancode_Converter\src\lec11.vhdl:]
WARNING: [filemgmt 56-199] Attempt to get parsing info during refresh. "On-the-fly" syntax checking information may be incorrect. [C:\Users\Jason.Wyche\source\repos\ece383_wksp\hw8\Scancode_Converter\src\lec11_dp.vhdl:]
WARNING: [filemgmt 56-199] Attempt to get parsing info during refresh. "On-the-fly" syntax checking information may be incorrect. [C:\Users\Jason.Wyche\source\repos\ece383_wksp\hw8\Scancode_Converter\src\lec11_tb.vhdl:]
WARNING: [filemgmt 56-199] Attempt to get parsing info during refresh. "On-the-fly" syntax checking information may be incorrect. [C:\Users\Jason.Wyche\source\repos\ece383_wksp\hw8\Scancode_Converter\src\lec11_tb.vhdl:]
WARNING: [filemgmt 56-199] Attempt to get parsing info during refresh. "On-the-fly" syntax checking information may be incorrect. [C:\Users\Jason.Wyche\source\repos\ece383_wksp\hw8\Scancode_Converter\src\keyboard.vhd:]
WARNING: [filemgmt 56-199] Attempt to get parsing info during refresh. "On-the-fly" syntax checking information may be incorrect. [C:\Users\Jason.Wyche\source\repos\ece383_wksp\hw8\Scancode_Converter\src\lec11_cu.vhd:]
WARNING: [filemgmt 56-199] Attempt to get parsing info during refresh. "On-the-fly" syntax checking information may be incorrect. [C:\Users\Jason.Wyche\source\repos\ece383_wksp\hw8\Scancode_Converter\src\lec11_tb.vhdl:]
WARNING: [filemgmt 56-199] Attempt to get parsing info during refresh. "On-the-fly" syntax checking information may be incorrect. [C:\Users\Jason.Wyche\source\repos\ece383_wksp\hw8\Scancode_Converter\src\lec11.vhdl:]
WARNING: [filemgmt 56-199] Attempt to get parsing info during refresh. "On-the-fly" syntax checking information may be incorrect. [C:\Users\Jason.Wyche\source\repos\ece383_wksp\hw8\Scancode_Converter\src\lec11_dp.vhdl:]
WARNING: [filemgmt 56-199] Attempt to get parsing info during refresh. "On-the-fly" syntax checking information may be incorrect. [C:\Users\Jason.Wyche\source\repos\ece383_wksp\hw8\Scancode_Converter\src\lec11_dp.vhdl:]
WARNING: [filemgmt 56-199] Attempt to get parsing info during refresh. "On-the-fly" syntax checking information may be incorrect. [C:\Users\Jason.Wyche\source\repos\ece383_wksp\hw8\Scancode_Converter\src\lec11_dp.vhdl:]
WARNING: [filemgmt 56-199] Attempt to get parsing info during refresh. "On-the-fly" syntax checking information may be incorrect. [C:\Users\Jason.Wyche\source\repos\ece383_wksp\hw8\Scancode_Converter\src\keyboard.vhd:]
WARNING: [filemgmt 56-199] Attempt to get parsing info during refresh. "On-the-fly" syntax checking information may be incorrect. [C:\Users\Jason.Wyche\source\repos\ece383_wksp\hw8\Scancode_Converter\src\lec11_cu.vhd:]
WARNING: [filemgmt 56-199] Attempt to get parsing info during refresh. "On-the-fly" syntax checking information may be incorrect. [C:\Users\Jason.Wyche\source\repos\ece383_wksp\hw8\Scancode_Converter\src\lec11_tb.vhdl:]
WARNING: [filemgmt 56-199] Attempt to get parsing info during refresh. "On-the-fly" syntax checking information may be incorrect. [C:\Users\Jason.Wyche\source\repos\ece383_wksp\hw8\Scancode_Converter\src\lec11.vhdl:]
WARNING: [filemgmt 56-199] Attempt to get parsing info during refresh. "On-the-fly" syntax checking information may be incorrect. [C:\Users\Jason.Wyche\source\repos\ece383_wksp\hw8\Scancode_Converter\src\lec11_dp.vhdl:]
WARNING: [filemgmt 56-199] Attempt to get parsing info during refresh. "On-the-fly" syntax checking information may be incorrect. [C:\Users\Jason.Wyche\source\repos\ece383_wksp\hw8\Scancode_Converter\src\lec11_cu.vhd:]
WARNING: [filemgmt 56-199] Attempt to get parsing info during refresh. "On-the-fly" syntax checking information may be incorrect. [C:\Users\Jason.Wyche\source\repos\ece383_wksp\hw8\Scancode_Converter\src\lec11_cu.vhd:]
close_sim
INFO: [Simtcl 6-16] Simulation closed
launch_simulation
Command: launch_simulation 
INFO: [Vivado 12-12493] Simulation top is 'lec11_tb'
WARNING: [Vivado 12-13340] Unable to auto find GCC executables from simulator install path! (path not set)
INFO: [Vivado 12-5682] Launching behavioral simulation in 'C:/Users/Jason.Wyche/source/repos/ece383_wksp/hw8/Scancode_Converter/Scancode_Converter.sim/sim_1/behav/xsim'
INFO: [SIM-utils-51] Simulation object is 'sim_1'
INFO: [SIM-utils-72] Using boost library from 'C:/Xilinx/Vivado/2024.2/tps/boost_1_72_0'
INFO: [SIM-utils-54] Inspecting design source files for 'lec11_tb' in fileset 'sim_1'...
INFO: [USF-XSim-97] Finding global include files...
INFO: [USF-XSim-98] Fetching design files from 'sim_1'...
INFO: [USF-XSim-2] XSim::Compile design
INFO: [USF-XSim-61] Executing 'COMPILE and ANALYZE' step in 'C:/Users/Jason.Wyche/source/repos/ece383_wksp/hw8/Scancode_Converter/Scancode_Converter.sim/sim_1/behav/xsim'
"xvhdl --incr --relax -prj lec11_tb_vhdl.prj"
INFO: [USF-XSim-69] 'compile' step finished in '1' seconds
INFO: [USF-XSim-3] XSim::Elaborate design
INFO: [USF-XSim-61] Executing 'ELABORATE' step in 'C:/Users/Jason.Wyche/source/repos/ece383_wksp/hw8/Scancode_Converter/Scancode_Converter.sim/sim_1/behav/xsim'
"xelab --incr --debug typical --relax --mt 2 -L xil_defaultlib -L secureip --snapshot lec11_tb_behav xil_defaultlib.lec11_tb -log elaborate.log"
Vivado Simulator v2024.2.0
Copyright 1986-2022 Xilinx, Inc. All Rights Reserved.
Copyright 2022-2024 Advanced Micro Devices, Inc. All Rights Reserved.
Running: C:/Xilinx/Vivado/2024.2/bin/unwrapped/win64.o/xelab.exe --incr --debug typical --relax --mt 2 -L xil_defaultlib -L secureip --snapshot lec11_tb_behav xil_defaultlib.lec11_tb -log elaborate.log 
Using 2 slave threads.
Starting static elaboration
Completed static elaboration
INFO: [XSIM 43-4323] No Change in HDL. Linking previously generated obj files to create kernel
INFO: [USF-XSim-69] 'elaborate' step finished in '2' seconds
INFO: [USF-XSim-4] XSim::Simulate design
INFO: [USF-XSim-61] Executing 'SIMULATE' step in 'C:/Users/Jason.Wyche/source/repos/ece383_wksp/hw8/Scancode_Converter/Scancode_Converter.sim/sim_1/behav/xsim'
INFO: [USF-XSim-98] *** Running xsim
   with args "lec11_tb_behav -key {Behavioral:sim_1:Functional:lec11_tb} -tclbatch {lec11_tb.tcl} -view {C:/Users/Jason.Wyche/source/repos/ece383_wksp/hw8/Scancode_Converter/lec11_tb_behav.wcfg} -log {simulate.log}"
INFO: [USF-XSim-8] Loading simulator feature
Time resolution is 1 ps
open_wave_config C:/Users/Jason.Wyche/source/repos/ece383_wksp/hw8/Scancode_Converter/lec11_tb_behav.wcfg
source lec11_tb.tcl
# set curr_wave [current_wave_config]
# if { [string length $curr_wave] == 0 } {
#   if { [llength [get_objects]] > 0} {
#     add_wave /
#     set_property needs_save false [current_wave_config]
#   } else {
#      send_msg_id Add_Wave-1 WARNING "No top level signals found. Simulator will start without a wave window. If you want to open a wave window go to 'File->New Waveform Configuration' or type 'create_wave_config' in the TCL console."
#   }
# }
# run 4000us
INFO: [USF-XSim-96] XSim completed. Design snapshot 'lec11_tb_behav' loaded.
INFO: [USF-XSim-97] XSim simulation ran for 4000us
launch_simulation: Time (s): cpu = 00:00:00 ; elapsed = 00:00:06 . Memory (MB): peak = 2353.211 ; gain = 0.000
save_wave_config {C:/Users/Jason.Wyche/source/repos/ece383_wksp/hw8/Scancode_Converter/lec11_tb_behav.wcfg}
WARNING: [filemgmt 56-199] Attempt to get parsing info during refresh. "On-the-fly" syntax checking information may be incorrect. [C:\Users\Jason.Wyche\source\repos\ece383_wksp\hw8\Scancode_Converter\src\keyboard.vhd:]
WARNING: [filemgmt 56-199] Attempt to get parsing info during refresh. "On-the-fly" syntax checking information may be incorrect. [C:\Users\Jason.Wyche\source\repos\ece383_wksp\hw8\Scancode_Converter\src\lec11_cu.vhd:]
WARNING: [filemgmt 56-199] Attempt to get parsing info during refresh. "On-the-fly" syntax checking information may be incorrect. [C:\Users\Jason.Wyche\source\repos\ece383_wksp\hw8\Scancode_Converter\src\lec11_tb.vhdl:]
WARNING: [filemgmt 56-199] Attempt to get parsing info during refresh. "On-the-fly" syntax checking information may be incorrect. [C:\Users\Jason.Wyche\source\repos\ece383_wksp\hw8\Scancode_Converter\src\lec11.vhdl:]
WARNING: [filemgmt 56-199] Attempt to get parsing info during refresh. "On-the-fly" syntax checking information may be incorrect. [C:\Users\Jason.Wyche\source\repos\ece383_wksp\hw8\Scancode_Converter\src\lec11_dp.vhdl:]
WARNING: [filemgmt 56-199] Attempt to get parsing info during refresh. "On-the-fly" syntax checking information may be incorrect. [C:\Users\Jason.Wyche\source\repos\ece383_wksp\hw8\Scancode_Converter\src\lec11_dp.vhdl:]
WARNING: [filemgmt 56-199] Attempt to get parsing info during refresh. "On-the-fly" syntax checking information may be incorrect. [C:\Users\Jason.Wyche\source\repos\ece383_wksp\hw8\Scancode_Converter\src\lec11_dp.vhdl:]
WARNING: [filemgmt 56-199] Attempt to get parsing info during refresh. "On-the-fly" syntax checking information may be incorrect. [C:\Users\Jason.Wyche\source\repos\ece383_wksp\hw8\Scancode_Converter\src\keyboard.vhd:]
WARNING: [filemgmt 56-199] Attempt to get parsing info during refresh. "On-the-fly" syntax checking information may be incorrect. [C:\Users\Jason.Wyche\source\repos\ece383_wksp\hw8\Scancode_Converter\src\lec11_cu.vhd:]
WARNING: [filemgmt 56-199] Attempt to get parsing info during refresh. "On-the-fly" syntax checking information may be incorrect. [C:\Users\Jason.Wyche\source\repos\ece383_wksp\hw8\Scancode_Converter\src\lec11_tb.vhdl:]
WARNING: [filemgmt 56-199] Attempt to get parsing info during refresh. "On-the-fly" syntax checking information may be incorrect. [C:\Users\Jason.Wyche\source\repos\ece383_wksp\hw8\Scancode_Converter\src\lec11.vhdl:]
WARNING: [filemgmt 56-199] Attempt to get parsing info during refresh. "On-the-fly" syntax checking information may be incorrect. [C:\Users\Jason.Wyche\source\repos\ece383_wksp\hw8\Scancode_Converter\src\lec11_dp.vhdl:]
WARNING: [filemgmt 56-199] Attempt to get parsing info during refresh. "On-the-fly" syntax checking information may be incorrect. [C:\Users\Jason.Wyche\source\repos\ece383_wksp\hw8\Scancode_Converter\src\lec11_tb.vhdl:]
WARNING: [filemgmt 56-199] Attempt to get parsing info during refresh. "On-the-fly" syntax checking information may be incorrect. [C:\Users\Jason.Wyche\source\repos\ece383_wksp\hw8\Scancode_Converter\src\lec11_tb.vhdl:]
WARNING: [filemgmt 56-199] Attempt to get parsing info during refresh. "On-the-fly" syntax checking information may be incorrect. [C:\Users\Jason.Wyche\source\repos\ece383_wksp\hw8\Scancode_Converter\src\keyboard.vhd:]
WARNING: [filemgmt 56-199] Attempt to get parsing info during refresh. "On-the-fly" syntax checking information may be incorrect. [C:\Users\Jason.Wyche\source\repos\ece383_wksp\hw8\Scancode_Converter\src\lec11_cu.vhd:]
WARNING: [filemgmt 56-199] Attempt to get parsing info during refresh. "On-the-fly" syntax checking information may be incorrect. [C:\Users\Jason.Wyche\source\repos\ece383_wksp\hw8\Scancode_Converter\src\lec11_tb.vhdl:]
WARNING: [filemgmt 56-199] Attempt to get parsing info during refresh. "On-the-fly" syntax checking information may be incorrect. [C:\Users\Jason.Wyche\source\repos\ece383_wksp\hw8\Scancode_Converter\src\lec11.vhdl:]
WARNING: [filemgmt 56-199] Attempt to get parsing info during refresh. "On-the-fly" syntax checking information may be incorrect. [C:\Users\Jason.Wyche\source\repos\ece383_wksp\hw8\Scancode_Converter\src\lec11_dp.vhdl:]
WARNING: [filemgmt 56-199] Attempt to get parsing info during refresh. "On-the-fly" syntax checking information may be incorrect. [C:\Users\Jason.Wyche\source\repos\ece383_wksp\hw8\Scancode_Converter\src\lec11_cu.vhd:]
WARNING: [filemgmt 56-199] Attempt to get parsing info during refresh. "On-the-fly" syntax checking information may be incorrect. [C:\Users\Jason.Wyche\source\repos\ece383_wksp\hw8\Scancode_Converter\src\lec11_cu.vhd:]
WARNING: [filemgmt 56-199] Attempt to get parsing info during refresh. "On-the-fly" syntax checking information may be incorrect. [C:\Users\Jason.Wyche\source\repos\ece383_wksp\hw8\Scancode_Converter\src\keyboard.vhd:]
WARNING: [filemgmt 56-199] Attempt to get parsing info during refresh. "On-the-fly" syntax checking information may be incorrect. [C:\Users\Jason.Wyche\source\repos\ece383_wksp\hw8\Scancode_Converter\src\lec11_cu.vhd:]
WARNING: [filemgmt 56-199] Attempt to get parsing info during refresh. "On-the-fly" syntax checking information may be incorrect. [C:\Users\Jason.Wyche\source\repos\ece383_wksp\hw8\Scancode_Converter\src\lec11_tb.vhdl:]
WARNING: [filemgmt 56-199] Attempt to get parsing info during refresh. "On-the-fly" syntax checking information may be incorrect. [C:\Users\Jason.Wyche\source\repos\ece383_wksp\hw8\Scancode_Converter\src\lec11.vhdl:]
WARNING: [filemgmt 56-199] Attempt to get parsing info during refresh. "On-the-fly" syntax checking information may be incorrect. [C:\Users\Jason.Wyche\source\repos\ece383_wksp\hw8\Scancode_Converter\src\lec11_dp.vhdl:]
WARNING: [filemgmt 56-199] Attempt to get parsing info during refresh. "On-the-fly" syntax checking information may be incorrect. [C:\Users\Jason.Wyche\source\repos\ece383_wksp\hw8\Scancode_Converter\src\lec11.vhdl:]
WARNING: [filemgmt 56-199] Attempt to get parsing info during refresh. "On-the-fly" syntax checking information may be incorrect. [C:\Users\Jason.Wyche\source\repos\ece383_wksp\hw8\Scancode_Converter\src\lec11.vhdl:]
close_sim
INFO: [Simtcl 6-16] Simulation closed
WARNING: [filemgmt 56-199] Attempt to get parsing info during refresh. "On-the-fly" syntax checking information may be incorrect. [C:\Users\Jason.Wyche\source\repos\ece383_wksp\hw8\Scancode_Converter\src\keyboard.vhd:]
WARNING: [filemgmt 56-199] Attempt to get parsing info during refresh. "On-the-fly" syntax checking information may be incorrect. [C:\Users\Jason.Wyche\source\repos\ece383_wksp\hw8\Scancode_Converter\src\lec11_cu.vhd:]
WARNING: [filemgmt 56-199] Attempt to get parsing info during refresh. "On-the-fly" syntax checking information may be incorrect. [C:\Users\Jason.Wyche\source\repos\ece383_wksp\hw8\Scancode_Converter\src\lec11_tb.vhdl:]
WARNING: [filemgmt 56-199] Attempt to get parsing info during refresh. "On-the-fly" syntax checking information may be incorrect. [C:\Users\Jason.Wyche\source\repos\ece383_wksp\hw8\Scancode_Converter\src\lec11.vhdl:]
WARNING: [filemgmt 56-199] Attempt to get parsing info during refresh. "On-the-fly" syntax checking information may be incorrect. [C:\Users\Jason.Wyche\source\repos\ece383_wksp\hw8\Scancode_Converter\src\lec11_dp.vhdl:]
WARNING: [filemgmt 56-199] Attempt to get parsing info during refresh. "On-the-fly" syntax checking information may be incorrect. [C:\Users\Jason.Wyche\source\repos\ece383_wksp\hw8\Scancode_Converter\src\lec11.vhdl:]
WARNING: [filemgmt 56-199] Attempt to get parsing info during refresh. "On-the-fly" syntax checking information may be incorrect. [C:\Users\Jason.Wyche\source\repos\ece383_wksp\hw8\Scancode_Converter\src\lec11.vhdl:]
WARNING: [filemgmt 56-199] Attempt to get parsing info during refresh. "On-the-fly" syntax checking information may be incorrect. [C:\Users\Jason.Wyche\source\repos\ece383_wksp\hw8\Scancode_Converter\src\keyboard.vhd:]
WARNING: [filemgmt 56-199] Attempt to get parsing info during refresh. "On-the-fly" syntax checking information may be incorrect. [C:\Users\Jason.Wyche\source\repos\ece383_wksp\hw8\Scancode_Converter\src\lec11_cu.vhd:]
WARNING: [filemgmt 56-199] Attempt to get parsing info during refresh. "On-the-fly" syntax checking information may be incorrect. [C:\Users\Jason.Wyche\source\repos\ece383_wksp\hw8\Scancode_Converter\src\lec11_tb.vhdl:]
WARNING: [filemgmt 56-199] Attempt to get parsing info during refresh. "On-the-fly" syntax checking information may be incorrect. [C:\Users\Jason.Wyche\source\repos\ece383_wksp\hw8\Scancode_Converter\src\lec11.vhdl:]
WARNING: [filemgmt 56-199] Attempt to get parsing info during refresh. "On-the-fly" syntax checking information may be incorrect. [C:\Users\Jason.Wyche\source\repos\ece383_wksp\hw8\Scancode_Converter\src\lec11_dp.vhdl:]
WARNING: [filemgmt 56-199] Attempt to get parsing info during refresh. "On-the-fly" syntax checking information may be incorrect. [C:\Users\Jason.Wyche\source\repos\ece383_wksp\hw8\Scancode_Converter\src\lec11_tb.vhdl:]
WARNING: [filemgmt 56-199] Attempt to get parsing info during refresh. "On-the-fly" syntax checking information may be incorrect. [C:\Users\Jason.Wyche\source\repos\ece383_wksp\hw8\Scancode_Converter\src\lec11_tb.vhdl:]
WARNING: [filemgmt 56-199] Attempt to get parsing info during refresh. "On-the-fly" syntax checking information may be incorrect. [C:\Users\Jason.Wyche\source\repos\ece383_wksp\hw8\Scancode_Converter\src\keyboard.vhd:]
WARNING: [filemgmt 56-199] Attempt to get parsing info during refresh. "On-the-fly" syntax checking information may be incorrect. [C:\Users\Jason.Wyche\source\repos\ece383_wksp\hw8\Scancode_Converter\src\lec11_cu.vhd:]
WARNING: [filemgmt 56-199] Attempt to get parsing info during refresh. "On-the-fly" syntax checking information may be incorrect. [C:\Users\Jason.Wyche\source\repos\ece383_wksp\hw8\Scancode_Converter\src\lec11_tb.vhdl:]
WARNING: [filemgmt 56-199] Attempt to get parsing info during refresh. "On-the-fly" syntax checking information may be incorrect. [C:\Users\Jason.Wyche\source\repos\ece383_wksp\hw8\Scancode_Converter\src\lec11.vhdl:]
WARNING: [filemgmt 56-199] Attempt to get parsing info during refresh. "On-the-fly" syntax checking information may be incorrect. [C:\Users\Jason.Wyche\source\repos\ece383_wksp\hw8\Scancode_Converter\src\lec11_dp.vhdl:]
WARNING: [filemgmt 56-199] Attempt to get parsing info during refresh. "On-the-fly" syntax checking information may be incorrect. [C:\Users\Jason.Wyche\source\repos\ece383_wksp\hw8\Scancode_Converter\src\lec11_dp.vhdl:]
WARNING: [filemgmt 56-199] Attempt to get parsing info during refresh. "On-the-fly" syntax checking information may be incorrect. [C:\Users\Jason.Wyche\source\repos\ece383_wksp\hw8\Scancode_Converter\src\lec11_dp.vhdl:]
WARNING: [filemgmt 56-199] Attempt to get parsing info during refresh. "On-the-fly" syntax checking information may be incorrect. [C:\Users\Jason.Wyche\source\repos\ece383_wksp\hw8\Scancode_Converter\src\keyboard.vhd:]
launch_simulation
Command: launch_simulation 
INFO: [Vivado 12-12493] Simulation top is 'lec11_tb'
WARNING: [Vivado 12-13340] Unable to auto find GCC executables from simulator install path! (path not set)
INFO: [Vivado 12-5682] Launching behavioral simulation in 'C:/Users/Jason.Wyche/source/repos/ece383_wksp/hw8/Scancode_Converter/Scancode_Converter.sim/sim_1/behav/xsim'
INFO: [SIM-utils-51] Simulation object is 'sim_1'
INFO: [SIM-utils-72] Using boost library from 'C:/Xilinx/Vivado/2024.2/tps/boost_1_72_0'
INFO: [SIM-utils-54] Inspecting design source files for 'lec11_tb' in fileset 'sim_1'...
INFO: [USF-XSim-97] Finding global include files...
INFO: [USF-XSim-98] Fetching design files from 'sim_1'...
INFO: [USF-XSim-2] XSim::Compile design
INFO: [USF-XSim-61] Executing 'COMPILE and ANALYZE' step in 'C:/Users/Jason.Wyche/source/repos/ece383_wksp/hw8/Scancode_Converter/Scancode_Converter.sim/sim_1/behav/xsim'
"xvhdl --incr --relax -prj lec11_tb_vhdl.prj"
INFO: [VRFC 10-163] Analyzing VHDL file "C:/Users/Jason.Wyche/source/repos/ece383_wksp/hw8/Scancode_Converter/src/keyboard.vhd" into library xil_defaultlib
INFO: [VRFC 10-3107] analyzing entity 'keyboard'
INFO: [USF-XSim-69] 'compile' step finished in '4' seconds
INFO: [USF-XSim-3] XSim::Elaborate design
INFO: [USF-XSim-61] Executing 'ELABORATE' step in 'C:/Users/Jason.Wyche/source/repos/ece383_wksp/hw8/Scancode_Converter/Scancode_Converter.sim/sim_1/behav/xsim'
"xelab --incr --debug typical --relax --mt 2 -L xil_defaultlib -L secureip --snapshot lec11_tb_behav xil_defaultlib.lec11_tb -log elaborate.log"
Vivado Simulator v2024.2.0
Copyright 1986-2022 Xilinx, Inc. All Rights Reserved.
Copyright 2022-2024 Advanced Micro Devices, Inc. All Rights Reserved.
Running: C:/Xilinx/Vivado/2024.2/bin/unwrapped/win64.o/xelab.exe --incr --debug typical --relax --mt 2 -L xil_defaultlib -L secureip --snapshot lec11_tb_behav xil_defaultlib.lec11_tb -log elaborate.log 
Using 2 slave threads.
Starting static elaboration
Completed static elaboration
Starting simulation data flow analysis
Completed simulation data flow analysis
Time Resolution for simulation is 1ps
Compiling package std.standard
Compiling package std.textio
Compiling package ieee.std_logic_1164
Compiling package ieee.numeric_std
Compiling architecture behavioral of entity xil_defaultlib.lec11_cu [lec11_cu_default]
Compiling architecture behavior of entity xil_defaultlib.lec11_dp [lec11_dp_default]
Compiling architecture behavior of entity xil_defaultlib.lec11 [lec11_default]
Compiling architecture behavior of entity xil_defaultlib.keyboard [keyboard_default]
Compiling architecture behavior of entity xil_defaultlib.lec11_tb
Built simulation snapshot lec11_tb_behav
run_program: Time (s): cpu = 00:00:00 ; elapsed = 00:00:07 . Memory (MB): peak = 2353.211 ; gain = 0.000
INFO: [USF-XSim-69] 'elaborate' step finished in '7' seconds
INFO: [USF-XSim-4] XSim::Simulate design
INFO: [USF-XSim-61] Executing 'SIMULATE' step in 'C:/Users/Jason.Wyche/source/repos/ece383_wksp/hw8/Scancode_Converter/Scancode_Converter.sim/sim_1/behav/xsim'
INFO: [USF-XSim-98] *** Running xsim
   with args "lec11_tb_behav -key {Behavioral:sim_1:Functional:lec11_tb} -tclbatch {lec11_tb.tcl} -view {C:/Users/Jason.Wyche/source/repos/ece383_wksp/hw8/Scancode_Converter/lec11_tb_behav.wcfg} -log {simulate.log}"
INFO: [USF-XSim-8] Loading simulator feature
Time resolution is 1 ps
open_wave_config C:/Users/Jason.Wyche/source/repos/ece383_wksp/hw8/Scancode_Converter/lec11_tb_behav.wcfg
source lec11_tb.tcl
# set curr_wave [current_wave_config]
# if { [string length $curr_wave] == 0 } {
#   if { [llength [get_objects]] > 0} {
#     add_wave /
#     set_property needs_save false [current_wave_config]
#   } else {
#      send_msg_id Add_Wave-1 WARNING "No top level signals found. Simulator will start without a wave window. If you want to open a wave window go to 'File->New Waveform Configuration' or type 'create_wave_config' in the TCL console."
#   }
# }
# run 4000us
INFO: [USF-XSim-96] XSim completed. Design snapshot 'lec11_tb_behav' loaded.
INFO: [USF-XSim-97] XSim simulation ran for 4000us
launch_simulation: Time (s): cpu = 00:00:00 ; elapsed = 00:00:13 . Memory (MB): peak = 2353.211 ; gain = 0.000
close_sim
INFO: [Simtcl 6-16] Simulation closed
launch_simulation
Command: launch_simulation 
INFO: [Vivado 12-12493] Simulation top is 'lec11_tb'
WARNING: [Vivado 12-13340] Unable to auto find GCC executables from simulator install path! (path not set)
INFO: [Vivado 12-5682] Launching behavioral simulation in 'C:/Users/Jason.Wyche/source/repos/ece383_wksp/hw8/Scancode_Converter/Scancode_Converter.sim/sim_1/behav/xsim'
INFO: [SIM-utils-51] Simulation object is 'sim_1'
INFO: [SIM-utils-72] Using boost library from 'C:/Xilinx/Vivado/2024.2/tps/boost_1_72_0'
INFO: [SIM-utils-54] Inspecting design source files for 'lec11_tb' in fileset 'sim_1'...
INFO: [USF-XSim-97] Finding global include files...
INFO: [USF-XSim-98] Fetching design files from 'sim_1'...
INFO: [USF-XSim-2] XSim::Compile design
INFO: [USF-XSim-61] Executing 'COMPILE and ANALYZE' step in 'C:/Users/Jason.Wyche/source/repos/ece383_wksp/hw8/Scancode_Converter/Scancode_Converter.sim/sim_1/behav/xsim'
"xvhdl --incr --relax -prj lec11_tb_vhdl.prj"
INFO: [USF-XSim-69] 'compile' step finished in '1' seconds
INFO: [USF-XSim-3] XSim::Elaborate design
INFO: [USF-XSim-61] Executing 'ELABORATE' step in 'C:/Users/Jason.Wyche/source/repos/ece383_wksp/hw8/Scancode_Converter/Scancode_Converter.sim/sim_1/behav/xsim'
"xelab --incr --debug typical --relax --mt 2 -L xil_defaultlib -L secureip --snapshot lec11_tb_behav xil_defaultlib.lec11_tb -log elaborate.log"
Vivado Simulator v2024.2.0
Copyright 1986-2022 Xilinx, Inc. All Rights Reserved.
Copyright 2022-2024 Advanced Micro Devices, Inc. All Rights Reserved.
Running: C:/Xilinx/Vivado/2024.2/bin/unwrapped/win64.o/xelab.exe --incr --debug typical --relax --mt 2 -L xil_defaultlib -L secureip --snapshot lec11_tb_behav xil_defaultlib.lec11_tb -log elaborate.log 
Using 2 slave threads.
Starting static elaboration
Completed static elaboration
INFO: [XSIM 43-4323] No Change in HDL. Linking previously generated obj files to create kernel
INFO: [USF-XSim-69] 'elaborate' step finished in '2' seconds
INFO: [USF-XSim-4] XSim::Simulate design
INFO: [USF-XSim-61] Executing 'SIMULATE' step in 'C:/Users/Jason.Wyche/source/repos/ece383_wksp/hw8/Scancode_Converter/Scancode_Converter.sim/sim_1/behav/xsim'
INFO: [USF-XSim-98] *** Running xsim
   with args "lec11_tb_behav -key {Behavioral:sim_1:Functional:lec11_tb} -tclbatch {lec11_tb.tcl} -view {C:/Users/Jason.Wyche/source/repos/ece383_wksp/hw8/Scancode_Converter/lec11_tb_behav.wcfg} -log {simulate.log}"
INFO: [USF-XSim-8] Loading simulator feature
Time resolution is 1 ps
open_wave_config C:/Users/Jason.Wyche/source/repos/ece383_wksp/hw8/Scancode_Converter/lec11_tb_behav.wcfg
source lec11_tb.tcl
# set curr_wave [current_wave_config]
# if { [string length $curr_wave] == 0 } {
#   if { [llength [get_objects]] > 0} {
#     add_wave /
#     set_property needs_save false [current_wave_config]
#   } else {
#      send_msg_id Add_Wave-1 WARNING "No top level signals found. Simulator will start without a wave window. If you want to open a wave window go to 'File->New Waveform Configuration' or type 'create_wave_config' in the TCL console."
#   }
# }
# run 4000us
INFO: [USF-XSim-96] XSim completed. Design snapshot 'lec11_tb_behav' loaded.
INFO: [USF-XSim-97] XSim simulation ran for 4000us
launch_simulation: Time (s): cpu = 00:00:01 ; elapsed = 00:00:06 . Memory (MB): peak = 2353.211 ; gain = 0.000
close_sim
INFO: [Simtcl 6-16] Simulation closed
exit
INFO: [Common 17-206] Exiting Vivado at Sat Feb  7 00:17:41 2026...
