#-----------------------------------------------------------
# Vivado v2024.2 (64-bit)
# SW Build 5239630 on Fri Nov 08 22:35:27 MST 2024
# IP Build 5239520 on Sun Nov 10 16:12:51 MST 2024
# SharedData Build 5239561 on Fri Nov 08 14:39:27 MST 2024
# Start of session at: Fri Feb  6 19:45:06 2026
# Process ID         : 13948
# Current directory  : C:/Users/Jason.Wyche/source/repos/ece383_wksp/hw8/Scancode_Converter
# Command line       : vivado.exe -gui_launcher_event rodinguilauncherevent5132 C:\Users\Jason.Wyche\source\repos\ece383_wksp\hw8\Scancode_Converter\Scancode_Converter.xpr
# Log file           : C:/Users/Jason.Wyche/source/repos/ece383_wksp/hw8/Scancode_Converter/vivado.log
# Journal file       : C:/Users/Jason.Wyche/source/repos/ece383_wksp/hw8/Scancode_Converter\vivado.jou
# Running On         : WycheSurfacePro
# Platform           : Windows Server 2016 or Windows 10
# Operating System   : 22631
# Processor Detail   : 12th Gen Intel(R) Core(TM) i5-1245U
# CPU Frequency      : 2496 MHz
# CPU Physical cores : 10
# CPU Logical cores  : 12
# Host memory        : 16995 MB
# Swap memory        : 2550 MB
# Total Virtual      : 19545 MB
# Available Virtual  : 10433 MB
#-----------------------------------------------------------
start_gui
open_project C:/Users/Jason.Wyche/source/repos/ece383_wksp/hw8/Scancode_Converter/Scancode_Converter.xpr
add_files -norecurse {C:/Users/Jason.Wyche/source/repos/ece383_wksp/hw8/Scancode_Converter/src/keyboard.vhd C:/Users/Jason.Wyche/source/repos/ece383_wksp/hw8/Scancode_Converter/src/lec11.vhdl C:/Users/Jason.Wyche/source/repos/ece383_wksp/hw8/Scancode_Converter/src/lec11_dp.vhdl}
update_compile_order -fileset sources_1
update_compile_order -fileset sources_1
set_property target_language VHDL [current_project]
set_property SOURCE_SET sources_1 [get_filesets sim_1]
add_files -fileset sim_1 -norecurse C:/Users/Jason.Wyche/source/repos/ece383_wksp/hw8/Scancode_Converter/src/lec11_tb.vhdl
update_compile_order -fileset sim_1
update_compile_order -fileset sim_1
close [ open C:/Users/Jason.Wyche/source/repos/ece383_wksp/hw8/Scancode_Converter/src/lec11_cu.vhd w ]
add_files C:/Users/Jason.Wyche/source/repos/ece383_wksp/hw8/Scancode_Converter/src/lec11_cu.vhd
update_compile_order -fileset sources_1
add_files -norecurse C:/Users/Jason.Wyche/source/repos/ece383_wksp/hw8/Scancode_Converter/src/counter.vhd
update_compile_order -fileset sources_1
remove_files  C:/Users/Jason.Wyche/source/repos/ece383_wksp/hw8/Scancode_Converter/src/counter.vhd
add_files -norecurse C:/Users/Jason.Wyche/source/repos/ece383_wksp/hw8/Scancode_Converter/src/counter.vhd
update_compile_order -fileset sources_1
update_compile_order -fileset sources_1
update_compile_order -fileset sources_1
update_compile_order -fileset sources_1
update_compile_order -fileset sources_1
remove_files  C:/Users/Jason.Wyche/source/repos/ece383_wksp/hw8/Scancode_Converter/src/counter.vhd
set_property -name {xsim.simulate.runtime} -value {150us} -objects [get_filesets sim_1]
launch_simulation
launch_simulation
source lec11_tb.tcl
close_sim
set_property -name {xsim.simulate.runtime} -value {1000us} -objects [get_filesets sim_1]
launch_simulation
source lec11_tb.tcl
close_sim
set_property -name {xsim.simulate.runtime} -value {3000us} -objects [get_filesets sim_1]
launch_simulation
source lec11_tb.tcl
close_sim
set_property -name {xsim.simulate.runtime} -value {4000us} -objects [get_filesets sim_1]
launch_simulation
source lec11_tb.tcl
current_wave_config {Untitled 4}
add_wave {{/lec11_tb/uut/cu/state}} 
current_wave_config {Untitled 4}
add_wave {{/lec11_tb/uut/cu/cw}} 
current_wave_config {Untitled 4}
add_wave {{/lec11_tb/uut/dp/shiftReg}} 
current_wave_config {Untitled 4}
add_wave {{/lec11_tb/uut/dp/keyCntr}} 
current_wave_config {Untitled 4}
add_wave {{/lec11_tb/uut/dp/sw}} 
save_wave_config {C:/Users/Jason.Wyche/source/repos/ece383_wksp/hw8/Scancode_Converter/lec11_tb_behav.wcfg}
add_files -fileset sim_1 -norecurse C:/Users/Jason.Wyche/source/repos/ece383_wksp/hw8/Scancode_Converter/lec11_tb_behav.wcfg
set_property xsim.view C:/Users/Jason.Wyche/source/repos/ece383_wksp/hw8/Scancode_Converter/lec11_tb_behav.wcfg [get_filesets sim_1]
close_sim
launch_simulation
open_wave_config C:/Users/Jason.Wyche/source/repos/ece383_wksp/hw8/Scancode_Converter/lec11_tb_behav.wcfg
source lec11_tb.tcl
save_wave_config {C:/Users/Jason.Wyche/source/repos/ece383_wksp/hw8/Scancode_Converter/lec11_tb_behav.wcfg}
close_sim
launch_simulation
open_wave_config C:/Users/Jason.Wyche/source/repos/ece383_wksp/hw8/Scancode_Converter/lec11_tb_behav.wcfg
source lec11_tb.tcl
close_sim
launch_simulation
open_wave_config C:/Users/Jason.Wyche/source/repos/ece383_wksp/hw8/Scancode_Converter/lec11_tb_behav.wcfg
source lec11_tb.tcl
close_sim
