#-----------------------------------------------------------
# Vivado v2024.2 (64-bit)
# SW Build 5239630 on Fri Nov 08 22:35:27 MST 2024
# IP Build 5239520 on Sun Nov 10 16:12:51 MST 2024
# SharedData Build 5239561 on Fri Nov 08 14:39:27 MST 2024
# Start of session at: Sat Mar 14 00:30:25 2026
# Process ID         : 16024
# Current directory  : C:/Users/Jason.Wyche/source/repos/ece383_wksp/Software_Controlled_Datapath
# Command line       : vivado.exe -gui_launcher_event rodinguilauncherevent12100 C:\Users\Jason.Wyche\source\repos\ece383_wksp\Software_Controlled_Datapath\Software_Controlled_Datapath.xpr
# Log file           : C:/Users/Jason.Wyche/source/repos/ece383_wksp/Software_Controlled_Datapath/vivado.log
# Journal file       : C:/Users/Jason.Wyche/source/repos/ece383_wksp/Software_Controlled_Datapath\vivado.jou
# Running On         : WycheSurfacePro
# Platform           : Windows Server 2016 or Windows 10
# Operating System   : 22631
# Processor Detail   : 12th Gen Intel(R) Core(TM) i5-1245U
# CPU Frequency      : 2496 MHz
# CPU Physical cores : 10
# CPU Logical cores  : 12
# Host memory        : 16995 MB
# Swap memory        : 2550 MB
# Total Virtual      : 19545 MB
# Available Virtual  : 7655 MB
#-----------------------------------------------------------
start_gui
open_project C:/Users/Jason.Wyche/source/repos/ece383_wksp/Software_Controlled_Datapath/Software_Controlled_Datapath.xpr
Scanning sources...
Finished scanning sources
INFO: [IP_Flow 19-234] Refreshing IP repositories
INFO: [IP_Flow 19-1700] Loaded user IP repository 'c:/Users/Jason.Wyche/source/repos/ece383_wksp/ip_repo/OScope_2Channel_IP_1_0'.
INFO: [IP_Flow 19-2313] Loaded Vivado IP repository 'C:/Xilinx/Vivado/2024.2/data/ip'.
INFO: [Project 1-5579] Found utility IPs instantiated in one or more block designs which have equivalent inline hdl with improved performance and reduced diskspace. It is recommended to migrate these utility IPs to inline hdl using the command upgrade_project -migrate_to_inline_hdl. The utility IPs may be deprecated in future releases. More information on inline hdl is available in UG994.
open_project: Time (s): cpu = 00:00:05 ; elapsed = 00:00:09 . Memory (MB): peak = 1240.922 ; gain = 202.332
update_compile_order -fileset sources_1
open_bd_design {C:/Users/Jason.Wyche/source/repos/ece383_wksp/Software_Controlled_Datapath/Software_Controlled_Datapath.srcs/sources_1/bd/design_1/design_1.bd}
Reading block design file <C:/Users/Jason.Wyche/source/repos/ece383_wksp/Software_Controlled_Datapath/Software_Controlled_Datapath.srcs/sources_1/bd/design_1/design_1.bd>...
Adding component instance block -- xilinx.com:ip:microblaze:11.0 - microblaze_0
Adding component instance block -- xilinx.com:ip:lmb_v10:3.0 - dlmb_v10
Adding component instance block -- xilinx.com:ip:lmb_v10:3.0 - ilmb_v10
Adding component instance block -- xilinx.com:ip:lmb_bram_if_cntlr:4.0 - dlmb_bram_if_cntlr
Adding component instance block -- xilinx.com:ip:lmb_bram_if_cntlr:4.0 - ilmb_bram_if_cntlr
Adding component instance block -- xilinx.com:ip:blk_mem_gen:8.4 - lmb_bram
Adding component instance block -- xilinx.com:ip:mdm:3.2 - mdm_1
Adding component instance block -- xilinx.com:ip:clk_wiz:6.0 - clk_wiz_1
Adding component instance block -- xilinx.com:ip:proc_sys_reset:5.0 - rst_clk_wiz_1_100M
Adding component instance block -- xilinx.com:ip:mig_7series:4.2 - mig_7series_0
Adding component instance block -- xilinx.com:ip:axi_uartlite:2.0 - axi_uartlite_0
Adding component instance block -- xilinx.com:ip:smartconnect:1.0 - axi_smc
Adding component instance block -- xilinx.com:ip:util_ds_buf:2.2 - util_ds_buf_0
Adding component instance block -- xilinx.com:ip:smartconnect:1.0 - axi_smc_1
Adding component instance block -- xilinx.com:ip:proc_sys_reset:5.0 - rst_mig_7series_0_100M
Successfully read diagram <design_1> from block design file <C:/Users/Jason.Wyche/source/repos/ece383_wksp/Software_Controlled_Datapath/Software_Controlled_Datapath.srcs/sources_1/bd/design_1/design_1.bd>
open_bd_design: Time (s): cpu = 00:00:02 ; elapsed = 00:00:06 . Memory (MB): peak = 1376.641 ; gain = 102.738
startgroup
create_bd_cell -type ip -vlnv xilinx.com:user:OScope_2Channel_IP:1.0 OScope_2Channel_IP_0
endgroup
set_property location {1 197 -350} [get_bd_cells OScope_2Channel_IP_0]
set_property location {4 851 -540} [get_bd_cells OScope_2Channel_IP_0]
startgroup
make_bd_pins_external  [get_bd_cells OScope_2Channel_IP_0]
make_bd_intf_pins_external  [get_bd_cells OScope_2Channel_IP_0]
endgroup
undo
INFO: [Common 17-17] undo 'endgroup'
INFO: [Common 17-17] undo 'make_bd_intf_pins_external  [get_bd_cells OScope_2Channel_IP_0]'
INFO: [Common 17-17] undo 'make_bd_pins_external  [get_bd_cells OScope_2Channel_IP_0]'
INFO: [Common 17-17] undo 'startgroup'
startgroup
make_bd_pins_external  [get_bd_pins OScope_2Channel_IP_0/ac_mclk]
endgroup
startgroup
make_bd_pins_external  [get_bd_pins OScope_2Channel_IP_0/ac_dac_sdata]
endgroup
startgroup
make_bd_pins_external  [get_bd_pins OScope_2Channel_IP_0/ac_bclk]
endgroup
startgroup
make_bd_pins_external  [get_bd_pins OScope_2Channel_IP_0/ac_lrclk]
endgroup
startgroup
make_bd_pins_external  [get_bd_pins OScope_2Channel_IP_0/scl]
endgroup
startgroup
make_bd_pins_external  [get_bd_pins OScope_2Channel_IP_0/sda]
endgroup
startgroup
make_bd_pins_external  [get_bd_pins OScope_2Channel_IP_0/tmds]
endgroup
startgroup
make_bd_pins_external  [get_bd_pins OScope_2Channel_IP_0/tmdsb]
endgroup
set_property name ac_mclk [get_bd_ports ac_mclk_0]
set_property name ac_dac_sdata [get_bd_ports ac_dac_sdata_0]
set_property name ac_bclk [get_bd_ports ac_bclk_0]
set_property name ac_lrclk [get_bd_ports ac_lrclk_0]
set_property location {2048 -599} [get_bd_ports ac_lrclk]
set_property name scl [get_bd_ports scl_0]
set_property name sda [get_bd_ports sda_0]
set_property name tmds [get_bd_ports tmds_0]
set_property name tmdsb [get_bd_ports tmdsb_0]
set_property location {3 960 -633} [get_bd_cells OScope_2Channel_IP_0]
set_property location {3 959 -607} [get_bd_cells OScope_2Channel_IP_0]
set_property location {3 958 -565} [get_bd_cells OScope_2Channel_IP_0]
startgroup
make_bd_pins_external  [get_bd_pins OScope_2Channel_IP_0/ac_adc_sdata]
endgroup
startgroup
make_bd_pins_external  [get_bd_pins OScope_2Channel_IP_0/btn]
endgroup
startgroup
make_bd_pins_external  [get_bd_pins OScope_2Channel_IP_0/switch]
endgroup
set_property name ac_adc_sdata [get_bd_ports ac_adc_sdata_0]
set_property name btn [get_bd_ports btn_0]
set_property name switch [get_bd_ports switch_0]
connect_bd_net [get_bd_pins OScope_2Channel_IP_0/flagQ] [get_bd_pins microblaze_0/Interrupt]
WARNING: [BD 41-1306] The connection to interface pin </microblaze_0/Interrupt> is being overridden by the user with net <OScope_2Channel_IP_0_flagQ>. This pin will not be connected as a part of interface connection <INTERRUPT>, and might not recreate the connectivity as expected using the writ_bd_tcl command.
set_property location {3 1009 -661} [get_bd_cells OScope_2Channel_IP_0]
set_property location {3 1024 -606} [get_bd_cells OScope_2Channel_IP_0]
set_property location {3 1010 -634} [get_bd_cells OScope_2Channel_IP_0]
set_property location {-24 -660} [get_bd_ports ac_adc_sdata]
set_property location {-23 -640} [get_bd_ports btn]
set_property location {-22 -587} [get_bd_ports switch]
set_property location {-27 -691} [get_bd_ports ac_adc_sdata]
set_property location {2124 -535} [get_bd_ports sda]
set_property location {2115 -803} [get_bd_ports ac_mclk]
set_property location {2131 -770} [get_bd_ports ac_dac_sdata]
set_property location {2140 -734} [get_bd_ports ac_bclk]
set_property location {2137 -695} [get_bd_ports ac_lrclk]
set_property location {2134 -654} [get_bd_ports scl]
set_property location {2125 -620} [get_bd_ports tmds]
set_property location {2131 -584} [get_bd_ports sda]
set_property location {2129 -549} [get_bd_ports tmdsb]
set_property location {2131 -483} [get_bd_ports tmdsb]
set_property location {2138 -540} [get_bd_ports sda]
set_property location {2138 -595} [get_bd_ports tmds]
set_property location {2141 -624} [get_bd_ports sda]
set_property location {2135 -558} [get_bd_ports tmdsb]
add_files -fileset constrs_1 -norecurse C:/Users/Jason.Wyche/source/repos/ece383_wksp/Software_Controlled_Datapath/IP_src/Software_Controlled_Datapath.xdc
import_files -fileset constrs_1 C:/Users/Jason.Wyche/source/repos/ece383_wksp/Software_Controlled_Datapath/IP_src/Software_Controlled_Datapath.xdc
apply_bd_automation -rule xilinx.com:bd_rule:axi4 -config { Clk_master {/clk_wiz_1/clk_out1 (100 MHz)} Clk_slave {Auto} Clk_xbar {/clk_wiz_1/clk_out1 (100 MHz)} Master {/microblaze_0 (Periph)} Slave {/OScope_2Channel_IP_0/S00_AXI} ddr_seg {Auto} intc_ip {/axi_smc} master_apm {0}}  [get_bd_intf_pins OScope_2Channel_IP_0/S00_AXI]
Slave segment '/OScope_2Channel_IP_0/S00_AXI/S00_AXI_reg' is being assigned into address space '/microblaze_0/Data' at <0x44A0_0000 [ 64K ]>.
validate_bd_design
INFO: [BD 5-943] Reserving offset range <0x4060_0000 [ 64K ]> from slave interface '/axi_smc/S00_AXI' to master interface '/axi_smc/M00_AXI'. This will be used by smartconnect on path for routing.
INFO: [BD 5-943] Reserving offset range <0x44A0_0000 [ 64K ]> from slave interface '/axi_smc/S00_AXI' to master interface '/axi_smc/M01_AXI'. This will be used by smartconnect on path for routing.
INFO: [xilinx.com:ip:smartconnect:1.0-1] design_1_axi_smc_0: SmartConnect design_1_axi_smc_0 is in Low-Area Mode.
INFO: [BD 5-943] Reserving offset range <0x8000_0000 [ 512M ]> from slave interface '/axi_smc_1/S00_AXI' to master interface '/axi_smc_1/M00_AXI'. This will be used by smartconnect on path for routing.
INFO: [BD 5-943] Reserving offset range <0x8000_0000 [ 512M ]> from slave interface '/axi_smc_1/S01_AXI' to master interface '/axi_smc_1/M00_AXI'. This will be used by smartconnect on path for routing.
INFO: [xilinx.com:ip:smartconnect:1.0-1] design_1_axi_smc_1_0: SmartConnect design_1_axi_smc_1_0 is in High-performance Mode.
WARNING: [filemgmt 56-443] The ECC Algorithm string is empty. Setting the Memory Map to default ECC value to ECC_NONE.
INFO: [xilinx.com:ip:microblaze:11.0-16] /microblaze_0: Setting D-cache cacheable area base address C_DCACHE_BASEADDR to 0x80000000 and high address C_DCACHE_HIGHADDR to 0x9FFFFFFF.
INFO: [xilinx.com:ip:microblaze:11.0-16] /microblaze_0: Setting I-cache cacheable area base address C_ICACHE_BASEADDR to 0x80000000 and high address C_ICACHE_HIGHADDR to 0x9FFFFFFF.
INFO: [xilinx.com:ip:microblaze:11.0-9] /microblaze_0: Setting C_BASE_VECTORS to 0x00000000.
INFO: [xilinx.com:ip:clk_wiz:6.0-1] /clk_wiz_1 clk_wiz propagate
validate_bd_design: Time (s): cpu = 00:00:02 ; elapsed = 00:00:08 . Memory (MB): peak = 1628.574 ; gain = 72.781
make_wrapper -files [get_files C:/Users/Jason.Wyche/source/repos/ece383_wksp/Software_Controlled_Datapath/Software_Controlled_Datapath.srcs/sources_1/bd/design_1/design_1.bd] -top
INFO: [BD 41-1662] The design 'design_1.bd' is already validated. Therefore parameter propagation will not be re-run.
WARNING: [filemgmt 56-443] The ECC Algorithm string is empty. Setting the Memory Map to default ECC value to ECC_NONE.
WARNING: [filemgmt 56-443] The ECC Algorithm string is empty. Setting the Memory Map to default ECC value to ECC_NONE.
Wrote  : <C:\Users\Jason.Wyche\source\repos\ece383_wksp\Software_Controlled_Datapath\Software_Controlled_Datapath.srcs\sources_1\bd\design_1\design_1.bd> 
Wrote  : <C:/Users/Jason.Wyche/source/repos/ece383_wksp/Software_Controlled_Datapath/Software_Controlled_Datapath.srcs/sources_1/bd/design_1/ui/bd_1f5defd0.ui> 
VHDL Output written to : c:/Users/Jason.Wyche/source/repos/ece383_wksp/Software_Controlled_Datapath/Software_Controlled_Datapath.gen/sources_1/bd/design_1/synth/design_1.vhd
VHDL Output written to : c:/Users/Jason.Wyche/source/repos/ece383_wksp/Software_Controlled_Datapath/Software_Controlled_Datapath.gen/sources_1/bd/design_1/sim/design_1.vhd
VHDL Output written to : c:/Users/Jason.Wyche/source/repos/ece383_wksp/Software_Controlled_Datapath/Software_Controlled_Datapath.gen/sources_1/bd/design_1/hdl/design_1_wrapper.vhd
reset_run synth_1
INFO: [Project 1-1160] Copying file C:/Users/Jason.Wyche/source/repos/ece383_wksp/Software_Controlled_Datapath/Software_Controlled_Datapath.runs/synth_1/design_1_wrapper.dcp to C:/Users/Jason.Wyche/source/repos/ece383_wksp/Software_Controlled_Datapath/Software_Controlled_Datapath.srcs/utils_1/imports/synth_1 and adding it to utils fileset
reset_run design_1_microblaze_0_0_synth_1
reset_run design_1_axi_smc_0_synth_1
reset_run design_1_axi_smc_1_0_synth_1
launch_runs impl_1 -to_step write_bitstream -jobs 6
INFO: [BD 41-1662] The design 'design_1.bd' is already validated. Therefore parameter propagation will not be re-run.
WARNING: [filemgmt 56-443] The ECC Algorithm string is empty. Setting the Memory Map to default ECC value to ECC_NONE.
WARNING: [filemgmt 56-443] The ECC Algorithm string is empty. Setting the Memory Map to default ECC value to ECC_NONE.
VHDL Output written to : c:/Users/Jason.Wyche/source/repos/ece383_wksp/Software_Controlled_Datapath/Software_Controlled_Datapath.gen/sources_1/bd/design_1/synth/design_1.vhd
VHDL Output written to : c:/Users/Jason.Wyche/source/repos/ece383_wksp/Software_Controlled_Datapath/Software_Controlled_Datapath.gen/sources_1/bd/design_1/sim/design_1.vhd
VHDL Output written to : c:/Users/Jason.Wyche/source/repos/ece383_wksp/Software_Controlled_Datapath/Software_Controlled_Datapath.gen/sources_1/bd/design_1/hdl/design_1_wrapper.vhd
INFO: [BD 41-1029] Generation completed for the IP Integrator block microblaze_0 .
WARNING: [IP_Flow 19-5160] IP 'design_1_axi_smc_0' detected simulation language mismatch. Simulation type 'rtl' does not support 'VHDL' outputs (see project's "simulator_language" property), delivering 'Verilog' outputs instead.
WARNING: [IP_Flow 19-5160] IP 'bd_afc3_one_0' detected simulation language mismatch. Simulation type 'rtl' does not support 'VHDL' outputs (see project's "simulator_language" property), delivering 'Verilog' outputs instead.
Exporting to file c:/Users/Jason.Wyche/source/repos/ece383_wksp/Software_Controlled_Datapath/Software_Controlled_Datapath.gen/sources_1/bd/design_1/ip/design_1_axi_smc_0/bd_0/hw_handoff/design_1_axi_smc_0.hwh
Generated Hardware Definition File c:/Users/Jason.Wyche/source/repos/ece383_wksp/Software_Controlled_Datapath/Software_Controlled_Datapath.gen/sources_1/bd/design_1/ip/design_1_axi_smc_0/bd_0/synth/design_1_axi_smc_0.hwdef
INFO: [BD 41-1029] Generation completed for the IP Integrator block axi_smc .
WARNING: [IP_Flow 19-5160] IP 'bd_a878_one_0' detected simulation language mismatch. Simulation type 'rtl' does not support 'VHDL' outputs (see project's "simulator_language" property), delivering 'Verilog' outputs instead.
Exporting to file c:/Users/Jason.Wyche/source/repos/ece383_wksp/Software_Controlled_Datapath/Software_Controlled_Datapath.gen/sources_1/bd/design_1/ip/design_1_axi_smc_1_0/bd_0/hw_handoff/design_1_axi_smc_1_0.hwh
Generated Hardware Definition File c:/Users/Jason.Wyche/source/repos/ece383_wksp/Software_Controlled_Datapath/Software_Controlled_Datapath.gen/sources_1/bd/design_1/ip/design_1_axi_smc_1_0/bd_0/synth/design_1_axi_smc_1_0.hwdef
INFO: [BD 41-1029] Generation completed for the IP Integrator block axi_smc_1 .
INFO: [Device 21-403] Loading part xc7a200tsbg484-1
INFO: [BD 41-1029] Generation completed for the IP Integrator block OScope_2Channel_IP_0 .
Exporting to file c:/Users/Jason.Wyche/source/repos/ece383_wksp/Software_Controlled_Datapath/Software_Controlled_Datapath.gen/sources_1/bd/design_1/hw_handoff/design_1.hwh
Generated Hardware Definition File c:/Users/Jason.Wyche/source/repos/ece383_wksp/Software_Controlled_Datapath/Software_Controlled_Datapath.gen/sources_1/bd/design_1/synth/design_1.hwdef
INFO: [IP_Flow 19-6930] IPCACHE: runCacheChecks() number of threads = 8
INFO: [IP_Flow 19-6921] IPCACHE: Adding cache check func to thread queue for IP design_1_OScope_2Channel_IP_0_0
INFO: [IP_Flow 19-6921] IPCACHE: Adding cache check func to thread queue for IP design_1_axi_smc_0
INFO: [IP_Flow 19-6921] IPCACHE: Adding cache check func to thread queue for IP design_1_axi_smc_1_0
INFO: [IP_Flow 19-6921] IPCACHE: Adding cache check func to thread queue for IP design_1_microblaze_0_0
INFO: [IP_Flow 19-8020] IPCACHE: runCacheChecks() calling threadPool finishWork()
INFO: [IP_Flow 19-6924] IPCACHE: Running cache check for IP inst: design_1_OScope_2Channel_IP_0_0
INFO: [IP_Flow 19-6924] IPCACHE: Running cache check for IP inst: design_1_axi_smc_0
INFO: [IP_Flow 19-6924] IPCACHE: Running cache check for IP inst: design_1_axi_smc_1_0
INFO: [IP_Flow 19-6922] IPCACHE: Exporting cached entry fc3abbb9046d14bf to dir: c:/Users/Jason.Wyche/source/repos/ece383_wksp/Software_Controlled_Datapath/Software_Controlled_Datapath.gen/sources_1/bd/design_1/ip/design_1_axi_smc_1_0
INFO: [IP_Flow 19-6928] IPCACHE: copied cached file c:/Users/Jason.Wyche/source/repos/ece383_wksp/Software_Controlled_Datapath/Software_Controlled_Datapath.cache/ip/2024.2/f/c/fc3abbb9046d14bf/design_1_axi_smc_1_0.dcp to c:/Users/Jason.Wyche/source/repos/ece383_wksp/Software_Controlled_Datapath/Software_Controlled_Datapath.gen/sources_1/bd/design_1/ip/design_1_axi_smc_1_0/design_1_axi_smc_1_0.dcp.
INFO: [IP_Flow 19-6926] IPCACHE: added file to list for BOM: c:/Users/Jason.Wyche/source/repos/ece383_wksp/Software_Controlled_Datapath/Software_Controlled_Datapath.gen/sources_1/bd/design_1/ip/design_1_axi_smc_1_0/design_1_axi_smc_1_0.dcp
INFO: [IP_Flow 19-6928] IPCACHE: copied cached file c:/Users/Jason.Wyche/source/repos/ece383_wksp/Software_Controlled_Datapath/Software_Controlled_Datapath.cache/ip/2024.2/f/c/fc3abbb9046d14bf/design_1_axi_smc_1_0_sim_netlist.v to c:/Users/Jason.Wyche/source/repos/ece383_wksp/Software_Controlled_Datapath/Software_Controlled_Datapath.gen/sources_1/bd/design_1/ip/design_1_axi_smc_1_0/design_1_axi_smc_1_0_sim_netlist.v.
INFO: [IP_Flow 19-6926] IPCACHE: added file to list for BOM: c:/Users/Jason.Wyche/source/repos/ece383_wksp/Software_Controlled_Datapath/Software_Controlled_Datapath.gen/sources_1/bd/design_1/ip/design_1_axi_smc_1_0/design_1_axi_smc_1_0_sim_netlist.v
INFO: [IP_Flow 19-6928] IPCACHE: copied cached file c:/Users/Jason.Wyche/source/repos/ece383_wksp/Software_Controlled_Datapath/Software_Controlled_Datapath.cache/ip/2024.2/f/c/fc3abbb9046d14bf/design_1_axi_smc_1_0_sim_netlist.vhdl to c:/Users/Jason.Wyche/source/repos/ece383_wksp/Software_Controlled_Datapath/Software_Controlled_Datapath.gen/sources_1/bd/design_1/ip/design_1_axi_smc_1_0/design_1_axi_smc_1_0_sim_netlist.vhdl.
INFO: [IP_Flow 19-6926] IPCACHE: added file to list for BOM: c:/Users/Jason.Wyche/source/repos/ece383_wksp/Software_Controlled_Datapath/Software_Controlled_Datapath.gen/sources_1/bd/design_1/ip/design_1_axi_smc_1_0/design_1_axi_smc_1_0_sim_netlist.vhdl
INFO: [IP_Flow 19-6928] IPCACHE: copied cached file c:/Users/Jason.Wyche/source/repos/ece383_wksp/Software_Controlled_Datapath/Software_Controlled_Datapath.cache/ip/2024.2/f/c/fc3abbb9046d14bf/design_1_axi_smc_1_0_stub.v to c:/Users/Jason.Wyche/source/repos/ece383_wksp/Software_Controlled_Datapath/Software_Controlled_Datapath.gen/sources_1/bd/design_1/ip/design_1_axi_smc_1_0/design_1_axi_smc_1_0_stub.v.
INFO: [IP_Flow 19-6926] IPCACHE: added file to list for BOM: c:/Users/Jason.Wyche/source/repos/ece383_wksp/Software_Controlled_Datapath/Software_Controlled_Datapath.gen/sources_1/bd/design_1/ip/design_1_axi_smc_1_0/design_1_axi_smc_1_0_stub.v
INFO: [IP_Flow 19-6928] IPCACHE: copied cached file c:/Users/Jason.Wyche/source/repos/ece383_wksp/Software_Controlled_Datapath/Software_Controlled_Datapath.cache/ip/2024.2/f/c/fc3abbb9046d14bf/design_1_axi_smc_1_0_stub.vhdl to c:/Users/Jason.Wyche/source/repos/ece383_wksp/Software_Controlled_Datapath/Software_Controlled_Datapath.gen/sources_1/bd/design_1/ip/design_1_axi_smc_1_0/design_1_axi_smc_1_0_stub.vhdl.
INFO: [IP_Flow 19-6926] IPCACHE: added file to list for BOM: c:/Users/Jason.Wyche/source/repos/ece383_wksp/Software_Controlled_Datapath/Software_Controlled_Datapath.gen/sources_1/bd/design_1/ip/design_1_axi_smc_1_0/design_1_axi_smc_1_0_stub.vhdl
INFO: [IP_Flow 19-4993] Using cached IP synthesis design for IP design_1_axi_smc_1_0, cache-ID = fc3abbb9046d14bf; cache size = 31.940 MB.
INFO: [IP_Flow 19-6924] IPCACHE: Running cache check for IP inst: design_1_microblaze_0_0
config_ip_cache: Time (s): cpu = 00:00:02 ; elapsed = 00:00:06 . Memory (MB): peak = 1942.727 ; gain = 12.828
[Sat Mar 14 01:05:49 2026] Launched design_1_microblaze_0_0_synth_1, design_1_axi_smc_0_synth_1, design_1_OScope_2Channel_IP_0_0_synth_1, synth_1...
Run output will be captured here:
design_1_microblaze_0_0_synth_1: C:/Users/Jason.Wyche/source/repos/ece383_wksp/Software_Controlled_Datapath/Software_Controlled_Datapath.runs/design_1_microblaze_0_0_synth_1/runme.log
design_1_axi_smc_0_synth_1: C:/Users/Jason.Wyche/source/repos/ece383_wksp/Software_Controlled_Datapath/Software_Controlled_Datapath.runs/design_1_axi_smc_0_synth_1/runme.log
design_1_OScope_2Channel_IP_0_0_synth_1: C:/Users/Jason.Wyche/source/repos/ece383_wksp/Software_Controlled_Datapath/Software_Controlled_Datapath.runs/design_1_OScope_2Channel_IP_0_0_synth_1/runme.log
synth_1: C:/Users/Jason.Wyche/source/repos/ece383_wksp/Software_Controlled_Datapath/Software_Controlled_Datapath.runs/synth_1/runme.log
[Sat Mar 14 01:05:49 2026] Launched impl_1...
Run output will be captured here: C:/Users/Jason.Wyche/source/repos/ece383_wksp/Software_Controlled_Datapath/Software_Controlled_Datapath.runs/impl_1/runme.log
launch_runs: Time (s): cpu = 00:00:09 ; elapsed = 00:00:36 . Memory (MB): peak = 1942.727 ; gain = 289.262
reset_run synth_1
reset_run design_1_OScope_2Channel_IP_0_0_synth_1
launch_runs impl_1 -to_step write_bitstream -jobs 6
INFO: [IP_Flow 19-6924] IPCACHE: Running cache check for IP inst: design_1_OScope_2Channel_IP_0_0
[Sat Mar 14 01:28:47 2026] Launched design_1_OScope_2Channel_IP_0_0_synth_1, synth_1...
Run output will be captured here:
design_1_OScope_2Channel_IP_0_0_synth_1: C:/Users/Jason.Wyche/source/repos/ece383_wksp/Software_Controlled_Datapath/Software_Controlled_Datapath.runs/design_1_OScope_2Channel_IP_0_0_synth_1/runme.log
synth_1: C:/Users/Jason.Wyche/source/repos/ece383_wksp/Software_Controlled_Datapath/Software_Controlled_Datapath.runs/synth_1/runme.log
[Sat Mar 14 01:28:47 2026] Launched impl_1...
Run output will be captured here: C:/Users/Jason.Wyche/source/repos/ece383_wksp/Software_Controlled_Datapath/Software_Controlled_Datapath.runs/impl_1/runme.log
update_ip_catalog -rebuild -scan_changes
INFO: [IP_Flow 19-234] Refreshing IP repositories
INFO: [IP_Flow 19-1700] Loaded user IP repository 'c:/Users/Jason.Wyche/source/repos/ece383_wksp/ip_repo/OScope_2Channel_IP_1_0'.
report_ip_status -name ip_status
upgrade_ip -vlnv xilinx.com:user:OScope_2Channel_IP:1.0 [get_ips  design_1_OScope_2Channel_IP_0_0] -log ip_upgrade.log
Upgrading 'C:/Users/Jason.Wyche/source/repos/ece383_wksp/Software_Controlled_Datapath/Software_Controlled_Datapath.srcs/sources_1/bd/design_1/design_1.bd'
INFO: [IP_Flow 19-3422] Upgraded design_1_OScope_2Channel_IP_0_0 (OScope_2Channel_IP_v1.0 1.0) from revision 11 to revision 12
Wrote  : <C:\Users\Jason.Wyche\source\repos\ece383_wksp\Software_Controlled_Datapath\Software_Controlled_Datapath.srcs\sources_1\bd\design_1\design_1.bd> 
Wrote  : <C:/Users/Jason.Wyche/source/repos/ece383_wksp/Software_Controlled_Datapath/Software_Controlled_Datapath.srcs/sources_1/bd/design_1/ui/bd_1f5defd0.ui> 
INFO: [Coretcl 2-1525] Wrote upgrade log to 'C:/Users/Jason.Wyche/source/repos/ece383_wksp/Software_Controlled_Datapath/ip_upgrade.log'.
export_ip_user_files -of_objects [get_ips design_1_OScope_2Channel_IP_0_0] -no_script -sync -force -quiet
generate_target all [get_files  C:/Users/Jason.Wyche/source/repos/ece383_wksp/Software_Controlled_Datapath/Software_Controlled_Datapath.srcs/sources_1/bd/design_1/design_1.bd]
INFO: [BD 5-943] Reserving offset range <0x4060_0000 [ 64K ]> from slave interface '/axi_smc/S00_AXI' to master interface '/axi_smc/M00_AXI'. This will be used by smartconnect on path for routing.
INFO: [BD 5-943] Reserving offset range <0x44A0_0000 [ 64K ]> from slave interface '/axi_smc/S00_AXI' to master interface '/axi_smc/M01_AXI'. This will be used by smartconnect on path for routing.
INFO: [xilinx.com:ip:smartconnect:1.0-1] design_1_axi_smc_0: SmartConnect design_1_axi_smc_0 is in Low-Area Mode.
INFO: [BD 5-943] Reserving offset range <0x8000_0000 [ 512M ]> from slave interface '/axi_smc_1/S00_AXI' to master interface '/axi_smc_1/M00_AXI'. This will be used by smartconnect on path for routing.
INFO: [BD 5-943] Reserving offset range <0x8000_0000 [ 512M ]> from slave interface '/axi_smc_1/S01_AXI' to master interface '/axi_smc_1/M00_AXI'. This will be used by smartconnect on path for routing.
INFO: [xilinx.com:ip:smartconnect:1.0-1] design_1_axi_smc_1_0: SmartConnect design_1_axi_smc_1_0 is in High-performance Mode.
WARNING: [filemgmt 56-443] The ECC Algorithm string is empty. Setting the Memory Map to default ECC value to ECC_NONE.
WARNING: [filemgmt 56-443] The ECC Algorithm string is empty. Setting the Memory Map to default ECC value to ECC_NONE.
INFO: [xilinx.com:ip:microblaze:11.0-16] /microblaze_0: Setting D-cache cacheable area base address C_DCACHE_BASEADDR to 0x80000000 and high address C_DCACHE_HIGHADDR to 0x9FFFFFFF.
INFO: [xilinx.com:ip:microblaze:11.0-16] /microblaze_0: Setting I-cache cacheable area base address C_ICACHE_BASEADDR to 0x80000000 and high address C_ICACHE_HIGHADDR to 0x9FFFFFFF.
INFO: [xilinx.com:ip:microblaze:11.0-9] /microblaze_0: Setting C_BASE_VECTORS to 0x00000000.
INFO: [xilinx.com:ip:clk_wiz:6.0-1] /clk_wiz_1 clk_wiz propagate
Wrote  : <C:\Users\Jason.Wyche\source\repos\ece383_wksp\Software_Controlled_Datapath\Software_Controlled_Datapath.srcs\sources_1\bd\design_1\design_1.bd> 
VHDL Output written to : c:/Users/Jason.Wyche/source/repos/ece383_wksp/Software_Controlled_Datapath/Software_Controlled_Datapath.gen/sources_1/bd/design_1/synth/design_1.vhd
VHDL Output written to : c:/Users/Jason.Wyche/source/repos/ece383_wksp/Software_Controlled_Datapath/Software_Controlled_Datapath.gen/sources_1/bd/design_1/sim/design_1.vhd
VHDL Output written to : c:/Users/Jason.Wyche/source/repos/ece383_wksp/Software_Controlled_Datapath/Software_Controlled_Datapath.gen/sources_1/bd/design_1/hdl/design_1_wrapper.vhd
WARNING: [IP_Flow 19-5160] IP 'bd_afc3_one_0' detected simulation language mismatch. Simulation type 'rtl' does not support 'VHDL' outputs (see project's "simulator_language" property), delivering 'Verilog' outputs instead.
Exporting to file c:/Users/Jason.Wyche/source/repos/ece383_wksp/Software_Controlled_Datapath/Software_Controlled_Datapath.gen/sources_1/bd/design_1/ip/design_1_axi_smc_0/bd_0/hw_handoff/design_1_axi_smc_0.hwh
Generated Hardware Definition File c:/Users/Jason.Wyche/source/repos/ece383_wksp/Software_Controlled_Datapath/Software_Controlled_Datapath.gen/sources_1/bd/design_1/ip/design_1_axi_smc_0/bd_0/synth/design_1_axi_smc_0.hwdef
INFO: [BD 41-1029] Generation completed for the IP Integrator block axi_smc .
WARNING: [IP_Flow 19-5160] IP 'bd_a878_one_0' detected simulation language mismatch. Simulation type 'rtl' does not support 'VHDL' outputs (see project's "simulator_language" property), delivering 'Verilog' outputs instead.
Exporting to file c:/Users/Jason.Wyche/source/repos/ece383_wksp/Software_Controlled_Datapath/Software_Controlled_Datapath.gen/sources_1/bd/design_1/ip/design_1_axi_smc_1_0/bd_0/hw_handoff/design_1_axi_smc_1_0.hwh
Generated Hardware Definition File c:/Users/Jason.Wyche/source/repos/ece383_wksp/Software_Controlled_Datapath/Software_Controlled_Datapath.gen/sources_1/bd/design_1/ip/design_1_axi_smc_1_0/bd_0/synth/design_1_axi_smc_1_0.hwdef
INFO: [BD 41-1029] Generation completed for the IP Integrator block axi_smc_1 .
INFO: [BD 41-1029] Generation completed for the IP Integrator block OScope_2Channel_IP_0 .
Exporting to file c:/Users/Jason.Wyche/source/repos/ece383_wksp/Software_Controlled_Datapath/Software_Controlled_Datapath.gen/sources_1/bd/design_1/hw_handoff/design_1.hwh
Generated Hardware Definition File c:/Users/Jason.Wyche/source/repos/ece383_wksp/Software_Controlled_Datapath/Software_Controlled_Datapath.gen/sources_1/bd/design_1/synth/design_1.hwdef
generate_target: Time (s): cpu = 00:00:11 ; elapsed = 00:00:41 . Memory (MB): peak = 2007.324 ; gain = 49.621
catch { config_ip_cache -export [get_ips -all design_1_axi_smc_0] }
INFO: [IP_Flow 19-6924] IPCACHE: Running cache check for IP inst: design_1_axi_smc_0
INFO: [IP_Flow 19-6922] IPCACHE: Exporting cached entry d0144ff7c25bdb4c to dir: c:/Users/Jason.Wyche/source/repos/ece383_wksp/Software_Controlled_Datapath/Software_Controlled_Datapath.gen/sources_1/bd/design_1/ip/design_1_axi_smc_0
INFO: [IP_Flow 19-6928] IPCACHE: copied cached file c:/Users/Jason.Wyche/source/repos/ece383_wksp/Software_Controlled_Datapath/Software_Controlled_Datapath.cache/ip/2024.2/d/0/d0144ff7c25bdb4c/design_1_axi_smc_0.dcp to c:/Users/Jason.Wyche/source/repos/ece383_wksp/Software_Controlled_Datapath/Software_Controlled_Datapath.gen/sources_1/bd/design_1/ip/design_1_axi_smc_0/design_1_axi_smc_0.dcp.
INFO: [IP_Flow 19-6926] IPCACHE: added file to list for BOM: c:/Users/Jason.Wyche/source/repos/ece383_wksp/Software_Controlled_Datapath/Software_Controlled_Datapath.gen/sources_1/bd/design_1/ip/design_1_axi_smc_0/design_1_axi_smc_0.dcp
INFO: [IP_Flow 19-6928] IPCACHE: copied cached file c:/Users/Jason.Wyche/source/repos/ece383_wksp/Software_Controlled_Datapath/Software_Controlled_Datapath.cache/ip/2024.2/d/0/d0144ff7c25bdb4c/design_1_axi_smc_0_sim_netlist.v to c:/Users/Jason.Wyche/source/repos/ece383_wksp/Software_Controlled_Datapath/Software_Controlled_Datapath.gen/sources_1/bd/design_1/ip/design_1_axi_smc_0/design_1_axi_smc_0_sim_netlist.v.
INFO: [IP_Flow 19-6926] IPCACHE: added file to list for BOM: c:/Users/Jason.Wyche/source/repos/ece383_wksp/Software_Controlled_Datapath/Software_Controlled_Datapath.gen/sources_1/bd/design_1/ip/design_1_axi_smc_0/design_1_axi_smc_0_sim_netlist.v
INFO: [IP_Flow 19-6928] IPCACHE: copied cached file c:/Users/Jason.Wyche/source/repos/ece383_wksp/Software_Controlled_Datapath/Software_Controlled_Datapath.cache/ip/2024.2/d/0/d0144ff7c25bdb4c/design_1_axi_smc_0_sim_netlist.vhdl to c:/Users/Jason.Wyche/source/repos/ece383_wksp/Software_Controlled_Datapath/Software_Controlled_Datapath.gen/sources_1/bd/design_1/ip/design_1_axi_smc_0/design_1_axi_smc_0_sim_netlist.vhdl.
INFO: [IP_Flow 19-6926] IPCACHE: added file to list for BOM: c:/Users/Jason.Wyche/source/repos/ece383_wksp/Software_Controlled_Datapath/Software_Controlled_Datapath.gen/sources_1/bd/design_1/ip/design_1_axi_smc_0/design_1_axi_smc_0_sim_netlist.vhdl
INFO: [IP_Flow 19-6928] IPCACHE: copied cached file c:/Users/Jason.Wyche/source/repos/ece383_wksp/Software_Controlled_Datapath/Software_Controlled_Datapath.cache/ip/2024.2/d/0/d0144ff7c25bdb4c/design_1_axi_smc_0_stub.v to c:/Users/Jason.Wyche/source/repos/ece383_wksp/Software_Controlled_Datapath/Software_Controlled_Datapath.gen/sources_1/bd/design_1/ip/design_1_axi_smc_0/design_1_axi_smc_0_stub.v.
INFO: [IP_Flow 19-6926] IPCACHE: added file to list for BOM: c:/Users/Jason.Wyche/source/repos/ece383_wksp/Software_Controlled_Datapath/Software_Controlled_Datapath.gen/sources_1/bd/design_1/ip/design_1_axi_smc_0/design_1_axi_smc_0_stub.v
INFO: [IP_Flow 19-6928] IPCACHE: copied cached file c:/Users/Jason.Wyche/source/repos/ece383_wksp/Software_Controlled_Datapath/Software_Controlled_Datapath.cache/ip/2024.2/d/0/d0144ff7c25bdb4c/design_1_axi_smc_0_stub.vhdl to c:/Users/Jason.Wyche/source/repos/ece383_wksp/Software_Controlled_Datapath/Software_Controlled_Datapath.gen/sources_1/bd/design_1/ip/design_1_axi_smc_0/design_1_axi_smc_0_stub.vhdl.
INFO: [IP_Flow 19-6926] IPCACHE: added file to list for BOM: c:/Users/Jason.Wyche/source/repos/ece383_wksp/Software_Controlled_Datapath/Software_Controlled_Datapath.gen/sources_1/bd/design_1/ip/design_1_axi_smc_0/design_1_axi_smc_0_stub.vhdl
INFO: [IP_Flow 19-4993] Using cached IP synthesis design for IP design_1_axi_smc_0, cache-ID = d0144ff7c25bdb4c; cache size = 47.827 MB.
catch { [ delete_ip_run [get_ips -all design_1_axi_smc_0] ] }
catch { config_ip_cache -export [get_ips -all design_1_axi_smc_1_0] }
INFO: [IP_Flow 19-6924] IPCACHE: Running cache check for IP inst: design_1_axi_smc_1_0
INFO: [IP_Flow 19-6922] IPCACHE: Exporting cached entry fc3abbb9046d14bf to dir: c:/Users/Jason.Wyche/source/repos/ece383_wksp/Software_Controlled_Datapath/Software_Controlled_Datapath.gen/sources_1/bd/design_1/ip/design_1_axi_smc_1_0
INFO: [IP_Flow 19-6928] IPCACHE: copied cached file c:/Users/Jason.Wyche/source/repos/ece383_wksp/Software_Controlled_Datapath/Software_Controlled_Datapath.cache/ip/2024.2/f/c/fc3abbb9046d14bf/design_1_axi_smc_1_0.dcp to c:/Users/Jason.Wyche/source/repos/ece383_wksp/Software_Controlled_Datapath/Software_Controlled_Datapath.gen/sources_1/bd/design_1/ip/design_1_axi_smc_1_0/design_1_axi_smc_1_0.dcp.
INFO: [IP_Flow 19-6926] IPCACHE: added file to list for BOM: c:/Users/Jason.Wyche/source/repos/ece383_wksp/Software_Controlled_Datapath/Software_Controlled_Datapath.gen/sources_1/bd/design_1/ip/design_1_axi_smc_1_0/design_1_axi_smc_1_0.dcp
INFO: [IP_Flow 19-6928] IPCACHE: copied cached file c:/Users/Jason.Wyche/source/repos/ece383_wksp/Software_Controlled_Datapath/Software_Controlled_Datapath.cache/ip/2024.2/f/c/fc3abbb9046d14bf/design_1_axi_smc_1_0_sim_netlist.v to c:/Users/Jason.Wyche/source/repos/ece383_wksp/Software_Controlled_Datapath/Software_Controlled_Datapath.gen/sources_1/bd/design_1/ip/design_1_axi_smc_1_0/design_1_axi_smc_1_0_sim_netlist.v.
INFO: [IP_Flow 19-6926] IPCACHE: added file to list for BOM: c:/Users/Jason.Wyche/source/repos/ece383_wksp/Software_Controlled_Datapath/Software_Controlled_Datapath.gen/sources_1/bd/design_1/ip/design_1_axi_smc_1_0/design_1_axi_smc_1_0_sim_netlist.v
INFO: [IP_Flow 19-6928] IPCACHE: copied cached file c:/Users/Jason.Wyche/source/repos/ece383_wksp/Software_Controlled_Datapath/Software_Controlled_Datapath.cache/ip/2024.2/f/c/fc3abbb9046d14bf/design_1_axi_smc_1_0_sim_netlist.vhdl to c:/Users/Jason.Wyche/source/repos/ece383_wksp/Software_Controlled_Datapath/Software_Controlled_Datapath.gen/sources_1/bd/design_1/ip/design_1_axi_smc_1_0/design_1_axi_smc_1_0_sim_netlist.vhdl.
INFO: [IP_Flow 19-6926] IPCACHE: added file to list for BOM: c:/Users/Jason.Wyche/source/repos/ece383_wksp/Software_Controlled_Datapath/Software_Controlled_Datapath.gen/sources_1/bd/design_1/ip/design_1_axi_smc_1_0/design_1_axi_smc_1_0_sim_netlist.vhdl
INFO: [IP_Flow 19-6928] IPCACHE: copied cached file c:/Users/Jason.Wyche/source/repos/ece383_wksp/Software_Controlled_Datapath/Software_Controlled_Datapath.cache/ip/2024.2/f/c/fc3abbb9046d14bf/design_1_axi_smc_1_0_stub.v to c:/Users/Jason.Wyche/source/repos/ece383_wksp/Software_Controlled_Datapath/Software_Controlled_Datapath.gen/sources_1/bd/design_1/ip/design_1_axi_smc_1_0/design_1_axi_smc_1_0_stub.v.
INFO: [IP_Flow 19-6926] IPCACHE: added file to list for BOM: c:/Users/Jason.Wyche/source/repos/ece383_wksp/Software_Controlled_Datapath/Software_Controlled_Datapath.gen/sources_1/bd/design_1/ip/design_1_axi_smc_1_0/design_1_axi_smc_1_0_stub.v
INFO: [IP_Flow 19-6928] IPCACHE: copied cached file c:/Users/Jason.Wyche/source/repos/ece383_wksp/Software_Controlled_Datapath/Software_Controlled_Datapath.cache/ip/2024.2/f/c/fc3abbb9046d14bf/design_1_axi_smc_1_0_stub.vhdl to c:/Users/Jason.Wyche/source/repos/ece383_wksp/Software_Controlled_Datapath/Software_Controlled_Datapath.gen/sources_1/bd/design_1/ip/design_1_axi_smc_1_0/design_1_axi_smc_1_0_stub.vhdl.
INFO: [IP_Flow 19-6926] IPCACHE: added file to list for BOM: c:/Users/Jason.Wyche/source/repos/ece383_wksp/Software_Controlled_Datapath/Software_Controlled_Datapath.gen/sources_1/bd/design_1/ip/design_1_axi_smc_1_0/design_1_axi_smc_1_0_stub.vhdl
INFO: [IP_Flow 19-4993] Using cached IP synthesis design for IP design_1_axi_smc_1_0, cache-ID = fc3abbb9046d14bf; cache size = 47.827 MB.
catch { config_ip_cache -export [get_ips -all design_1_OScope_2Channel_IP_0_0] }
INFO: [IP_Flow 19-6924] IPCACHE: Running cache check for IP inst: design_1_OScope_2Channel_IP_0_0
export_ip_user_files -of_objects [get_files C:/Users/Jason.Wyche/source/repos/ece383_wksp/Software_Controlled_Datapath/Software_Controlled_Datapath.srcs/sources_1/bd/design_1/design_1.bd] -no_script -sync -force -quiet
create_ip_run [get_files -of_objects [get_fileset sources_1] C:/Users/Jason.Wyche/source/repos/ece383_wksp/Software_Controlled_Datapath/Software_Controlled_Datapath.srcs/sources_1/bd/design_1/design_1.bd]
launch_runs design_1_OScope_2Channel_IP_0_0_synth_1 -jobs 6
INFO: [IP_Flow 19-6924] IPCACHE: Running cache check for IP inst: design_1_OScope_2Channel_IP_0_0
[Sat Mar 14 01:35:05 2026] Launched design_1_OScope_2Channel_IP_0_0_synth_1...
Run output will be captured here: C:/Users/Jason.Wyche/source/repos/ece383_wksp/Software_Controlled_Datapath/Software_Controlled_Datapath.runs/design_1_OScope_2Channel_IP_0_0_synth_1/runme.log
export_simulation -lib_map_path [list {modelsim=C:/Users/Jason.Wyche/source/repos/ece383_wksp/Software_Controlled_Datapath/Software_Controlled_Datapath.cache/compile_simlib/modelsim} {questa=C:/Users/Jason.Wyche/source/repos/ece383_wksp/Software_Controlled_Datapath/Software_Controlled_Datapath.cache/compile_simlib/questa} {riviera=C:/Users/Jason.Wyche/source/repos/ece383_wksp/Software_Controlled_Datapath/Software_Controlled_Datapath.cache/compile_simlib/riviera} {activehdl=C:/Users/Jason.Wyche/source/repos/ece383_wksp/Software_Controlled_Datapath/Software_Controlled_Datapath.cache/compile_simlib/activehdl}] -of_objects [get_files C:/Users/Jason.Wyche/source/repos/ece383_wksp/Software_Controlled_Datapath/Software_Controlled_Datapath.srcs/sources_1/bd/design_1/design_1.bd] -directory C:/Users/Jason.Wyche/source/repos/ece383_wksp/Software_Controlled_Datapath/Software_Controlled_Datapath.ip_user_files/sim_scripts -ip_user_files_dir C:/Users/Jason.Wyche/source/repos/ece383_wksp/Software_Controlled_Datapath/Software_Controlled_Datapath.ip_user_files -ipstatic_source_dir C:/Users/Jason.Wyche/source/repos/ece383_wksp/Software_Controlled_Datapath/Software_Controlled_Datapath.ip_user_files/ipstatic -use_ip_compiled_libs -force -quiet
update_ip_catalog -rebuild -scan_changes
INFO: [IP_Flow 19-234] Refreshing IP repositories
INFO: [IP_Flow 19-1700] Loaded user IP repository 'c:/Users/Jason.Wyche/source/repos/ece383_wksp/ip_repo/OScope_2Channel_IP_1_0'.
report_ip_status -name ip_status
upgrade_ip -vlnv xilinx.com:user:OScope_2Channel_IP:1.0 [get_ips  design_1_OScope_2Channel_IP_0_0] -log ip_upgrade.log
Upgrading 'C:/Users/Jason.Wyche/source/repos/ece383_wksp/Software_Controlled_Datapath/Software_Controlled_Datapath.srcs/sources_1/bd/design_1/design_1.bd'
INFO: [IP_Flow 19-3422] Upgraded design_1_OScope_2Channel_IP_0_0 (OScope_2Channel_IP_v1.0 1.0) from revision 12 to revision 14
Wrote  : <C:\Users\Jason.Wyche\source\repos\ece383_wksp\Software_Controlled_Datapath\Software_Controlled_Datapath.srcs\sources_1\bd\design_1\design_1.bd> 
INFO: [Coretcl 2-1525] Wrote upgrade log to 'C:/Users/Jason.Wyche/source/repos/ece383_wksp/Software_Controlled_Datapath/ip_upgrade.log'.
export_ip_user_files -of_objects [get_ips design_1_OScope_2Channel_IP_0_0] -no_script -sync -force -quiet
generate_target all [get_files  C:/Users/Jason.Wyche/source/repos/ece383_wksp/Software_Controlled_Datapath/Software_Controlled_Datapath.srcs/sources_1/bd/design_1/design_1.bd]
INFO: [BD 5-943] Reserving offset range <0x4060_0000 [ 64K ]> from slave interface '/axi_smc/S00_AXI' to master interface '/axi_smc/M00_AXI'. This will be used by smartconnect on path for routing.
INFO: [BD 5-943] Reserving offset range <0x44A0_0000 [ 64K ]> from slave interface '/axi_smc/S00_AXI' to master interface '/axi_smc/M01_AXI'. This will be used by smartconnect on path for routing.
INFO: [xilinx.com:ip:smartconnect:1.0-1] design_1_axi_smc_0: SmartConnect design_1_axi_smc_0 is in Low-Area Mode.
INFO: [BD 5-943] Reserving offset range <0x8000_0000 [ 512M ]> from slave interface '/axi_smc_1/S00_AXI' to master interface '/axi_smc_1/M00_AXI'. This will be used by smartconnect on path for routing.
INFO: [BD 5-943] Reserving offset range <0x8000_0000 [ 512M ]> from slave interface '/axi_smc_1/S01_AXI' to master interface '/axi_smc_1/M00_AXI'. This will be used by smartconnect on path for routing.
INFO: [xilinx.com:ip:smartconnect:1.0-1] design_1_axi_smc_1_0: SmartConnect design_1_axi_smc_1_0 is in High-performance Mode.
WARNING: [filemgmt 56-443] The ECC Algorithm string is empty. Setting the Memory Map to default ECC value to ECC_NONE.
WARNING: [filemgmt 56-443] The ECC Algorithm string is empty. Setting the Memory Map to default ECC value to ECC_NONE.
INFO: [xilinx.com:ip:microblaze:11.0-16] /microblaze_0: Setting D-cache cacheable area base address C_DCACHE_BASEADDR to 0x80000000 and high address C_DCACHE_HIGHADDR to 0x9FFFFFFF.
INFO: [xilinx.com:ip:microblaze:11.0-16] /microblaze_0: Setting I-cache cacheable area base address C_ICACHE_BASEADDR to 0x80000000 and high address C_ICACHE_HIGHADDR to 0x9FFFFFFF.
INFO: [xilinx.com:ip:microblaze:11.0-9] /microblaze_0: Setting C_BASE_VECTORS to 0x00000000.
INFO: [xilinx.com:ip:clk_wiz:6.0-1] /clk_wiz_1 clk_wiz propagate
Wrote  : <C:\Users\Jason.Wyche\source\repos\ece383_wksp\Software_Controlled_Datapath\Software_Controlled_Datapath.srcs\sources_1\bd\design_1\design_1.bd> 
VHDL Output written to : c:/Users/Jason.Wyche/source/repos/ece383_wksp/Software_Controlled_Datapath/Software_Controlled_Datapath.gen/sources_1/bd/design_1/synth/design_1.vhd
VHDL Output written to : c:/Users/Jason.Wyche/source/repos/ece383_wksp/Software_Controlled_Datapath/Software_Controlled_Datapath.gen/sources_1/bd/design_1/sim/design_1.vhd
VHDL Output written to : c:/Users/Jason.Wyche/source/repos/ece383_wksp/Software_Controlled_Datapath/Software_Controlled_Datapath.gen/sources_1/bd/design_1/hdl/design_1_wrapper.vhd
WARNING: [IP_Flow 19-5160] IP 'bd_afc3_one_0' detected simulation language mismatch. Simulation type 'rtl' does not support 'VHDL' outputs (see project's "simulator_language" property), delivering 'Verilog' outputs instead.
Exporting to file c:/Users/Jason.Wyche/source/repos/ece383_wksp/Software_Controlled_Datapath/Software_Controlled_Datapath.gen/sources_1/bd/design_1/ip/design_1_axi_smc_0/bd_0/hw_handoff/design_1_axi_smc_0.hwh
Generated Hardware Definition File c:/Users/Jason.Wyche/source/repos/ece383_wksp/Software_Controlled_Datapath/Software_Controlled_Datapath.gen/sources_1/bd/design_1/ip/design_1_axi_smc_0/bd_0/synth/design_1_axi_smc_0.hwdef
INFO: [BD 41-1029] Generation completed for the IP Integrator block axi_smc .
WARNING: [IP_Flow 19-5160] IP 'bd_a878_one_0' detected simulation language mismatch. Simulation type 'rtl' does not support 'VHDL' outputs (see project's "simulator_language" property), delivering 'Verilog' outputs instead.
Exporting to file c:/Users/Jason.Wyche/source/repos/ece383_wksp/Software_Controlled_Datapath/Software_Controlled_Datapath.gen/sources_1/bd/design_1/ip/design_1_axi_smc_1_0/bd_0/hw_handoff/design_1_axi_smc_1_0.hwh
Generated Hardware Definition File c:/Users/Jason.Wyche/source/repos/ece383_wksp/Software_Controlled_Datapath/Software_Controlled_Datapath.gen/sources_1/bd/design_1/ip/design_1_axi_smc_1_0/bd_0/synth/design_1_axi_smc_1_0.hwdef
INFO: [BD 41-1029] Generation completed for the IP Integrator block axi_smc_1 .
INFO: [BD 41-1029] Generation completed for the IP Integrator block OScope_2Channel_IP_0 .
Exporting to file c:/Users/Jason.Wyche/source/repos/ece383_wksp/Software_Controlled_Datapath/Software_Controlled_Datapath.gen/sources_1/bd/design_1/hw_handoff/design_1.hwh
Generated Hardware Definition File c:/Users/Jason.Wyche/source/repos/ece383_wksp/Software_Controlled_Datapath/Software_Controlled_Datapath.gen/sources_1/bd/design_1/synth/design_1.hwdef
generate_target: Time (s): cpu = 00:00:11 ; elapsed = 00:00:40 . Memory (MB): peak = 2089.336 ; gain = 69.504
catch { config_ip_cache -export [get_ips -all design_1_axi_smc_0] }
INFO: [IP_Flow 19-6924] IPCACHE: Running cache check for IP inst: design_1_axi_smc_0
INFO: [IP_Flow 19-6922] IPCACHE: Exporting cached entry d0144ff7c25bdb4c to dir: c:/Users/Jason.Wyche/source/repos/ece383_wksp/Software_Controlled_Datapath/Software_Controlled_Datapath.gen/sources_1/bd/design_1/ip/design_1_axi_smc_0
INFO: [IP_Flow 19-6928] IPCACHE: copied cached file c:/Users/Jason.Wyche/source/repos/ece383_wksp/Software_Controlled_Datapath/Software_Controlled_Datapath.cache/ip/2024.2/d/0/d0144ff7c25bdb4c/design_1_axi_smc_0.dcp to c:/Users/Jason.Wyche/source/repos/ece383_wksp/Software_Controlled_Datapath/Software_Controlled_Datapath.gen/sources_1/bd/design_1/ip/design_1_axi_smc_0/design_1_axi_smc_0.dcp.
INFO: [IP_Flow 19-6926] IPCACHE: added file to list for BOM: c:/Users/Jason.Wyche/source/repos/ece383_wksp/Software_Controlled_Datapath/Software_Controlled_Datapath.gen/sources_1/bd/design_1/ip/design_1_axi_smc_0/design_1_axi_smc_0.dcp
INFO: [IP_Flow 19-6928] IPCACHE: copied cached file c:/Users/Jason.Wyche/source/repos/ece383_wksp/Software_Controlled_Datapath/Software_Controlled_Datapath.cache/ip/2024.2/d/0/d0144ff7c25bdb4c/design_1_axi_smc_0_sim_netlist.v to c:/Users/Jason.Wyche/source/repos/ece383_wksp/Software_Controlled_Datapath/Software_Controlled_Datapath.gen/sources_1/bd/design_1/ip/design_1_axi_smc_0/design_1_axi_smc_0_sim_netlist.v.
INFO: [IP_Flow 19-6926] IPCACHE: added file to list for BOM: c:/Users/Jason.Wyche/source/repos/ece383_wksp/Software_Controlled_Datapath/Software_Controlled_Datapath.gen/sources_1/bd/design_1/ip/design_1_axi_smc_0/design_1_axi_smc_0_sim_netlist.v
INFO: [IP_Flow 19-6928] IPCACHE: copied cached file c:/Users/Jason.Wyche/source/repos/ece383_wksp/Software_Controlled_Datapath/Software_Controlled_Datapath.cache/ip/2024.2/d/0/d0144ff7c25bdb4c/design_1_axi_smc_0_sim_netlist.vhdl to c:/Users/Jason.Wyche/source/repos/ece383_wksp/Software_Controlled_Datapath/Software_Controlled_Datapath.gen/sources_1/bd/design_1/ip/design_1_axi_smc_0/design_1_axi_smc_0_sim_netlist.vhdl.
INFO: [IP_Flow 19-6926] IPCACHE: added file to list for BOM: c:/Users/Jason.Wyche/source/repos/ece383_wksp/Software_Controlled_Datapath/Software_Controlled_Datapath.gen/sources_1/bd/design_1/ip/design_1_axi_smc_0/design_1_axi_smc_0_sim_netlist.vhdl
INFO: [IP_Flow 19-6928] IPCACHE: copied cached file c:/Users/Jason.Wyche/source/repos/ece383_wksp/Software_Controlled_Datapath/Software_Controlled_Datapath.cache/ip/2024.2/d/0/d0144ff7c25bdb4c/design_1_axi_smc_0_stub.v to c:/Users/Jason.Wyche/source/repos/ece383_wksp/Software_Controlled_Datapath/Software_Controlled_Datapath.gen/sources_1/bd/design_1/ip/design_1_axi_smc_0/design_1_axi_smc_0_stub.v.
INFO: [IP_Flow 19-6926] IPCACHE: added file to list for BOM: c:/Users/Jason.Wyche/source/repos/ece383_wksp/Software_Controlled_Datapath/Software_Controlled_Datapath.gen/sources_1/bd/design_1/ip/design_1_axi_smc_0/design_1_axi_smc_0_stub.v
INFO: [IP_Flow 19-6928] IPCACHE: copied cached file c:/Users/Jason.Wyche/source/repos/ece383_wksp/Software_Controlled_Datapath/Software_Controlled_Datapath.cache/ip/2024.2/d/0/d0144ff7c25bdb4c/design_1_axi_smc_0_stub.vhdl to c:/Users/Jason.Wyche/source/repos/ece383_wksp/Software_Controlled_Datapath/Software_Controlled_Datapath.gen/sources_1/bd/design_1/ip/design_1_axi_smc_0/design_1_axi_smc_0_stub.vhdl.
INFO: [IP_Flow 19-6926] IPCACHE: added file to list for BOM: c:/Users/Jason.Wyche/source/repos/ece383_wksp/Software_Controlled_Datapath/Software_Controlled_Datapath.gen/sources_1/bd/design_1/ip/design_1_axi_smc_0/design_1_axi_smc_0_stub.vhdl
INFO: [IP_Flow 19-4993] Using cached IP synthesis design for IP design_1_axi_smc_0, cache-ID = d0144ff7c25bdb4c; cache size = 47.827 MB.
catch { config_ip_cache -export [get_ips -all design_1_axi_smc_1_0] }
INFO: [IP_Flow 19-6924] IPCACHE: Running cache check for IP inst: design_1_axi_smc_1_0
INFO: [IP_Flow 19-6922] IPCACHE: Exporting cached entry fc3abbb9046d14bf to dir: c:/Users/Jason.Wyche/source/repos/ece383_wksp/Software_Controlled_Datapath/Software_Controlled_Datapath.gen/sources_1/bd/design_1/ip/design_1_axi_smc_1_0
INFO: [IP_Flow 19-6928] IPCACHE: copied cached file c:/Users/Jason.Wyche/source/repos/ece383_wksp/Software_Controlled_Datapath/Software_Controlled_Datapath.cache/ip/2024.2/f/c/fc3abbb9046d14bf/design_1_axi_smc_1_0.dcp to c:/Users/Jason.Wyche/source/repos/ece383_wksp/Software_Controlled_Datapath/Software_Controlled_Datapath.gen/sources_1/bd/design_1/ip/design_1_axi_smc_1_0/design_1_axi_smc_1_0.dcp.
INFO: [IP_Flow 19-6926] IPCACHE: added file to list for BOM: c:/Users/Jason.Wyche/source/repos/ece383_wksp/Software_Controlled_Datapath/Software_Controlled_Datapath.gen/sources_1/bd/design_1/ip/design_1_axi_smc_1_0/design_1_axi_smc_1_0.dcp
INFO: [IP_Flow 19-6928] IPCACHE: copied cached file c:/Users/Jason.Wyche/source/repos/ece383_wksp/Software_Controlled_Datapath/Software_Controlled_Datapath.cache/ip/2024.2/f/c/fc3abbb9046d14bf/design_1_axi_smc_1_0_sim_netlist.v to c:/Users/Jason.Wyche/source/repos/ece383_wksp/Software_Controlled_Datapath/Software_Controlled_Datapath.gen/sources_1/bd/design_1/ip/design_1_axi_smc_1_0/design_1_axi_smc_1_0_sim_netlist.v.
INFO: [IP_Flow 19-6926] IPCACHE: added file to list for BOM: c:/Users/Jason.Wyche/source/repos/ece383_wksp/Software_Controlled_Datapath/Software_Controlled_Datapath.gen/sources_1/bd/design_1/ip/design_1_axi_smc_1_0/design_1_axi_smc_1_0_sim_netlist.v
INFO: [IP_Flow 19-6928] IPCACHE: copied cached file c:/Users/Jason.Wyche/source/repos/ece383_wksp/Software_Controlled_Datapath/Software_Controlled_Datapath.cache/ip/2024.2/f/c/fc3abbb9046d14bf/design_1_axi_smc_1_0_sim_netlist.vhdl to c:/Users/Jason.Wyche/source/repos/ece383_wksp/Software_Controlled_Datapath/Software_Controlled_Datapath.gen/sources_1/bd/design_1/ip/design_1_axi_smc_1_0/design_1_axi_smc_1_0_sim_netlist.vhdl.
INFO: [IP_Flow 19-6926] IPCACHE: added file to list for BOM: c:/Users/Jason.Wyche/source/repos/ece383_wksp/Software_Controlled_Datapath/Software_Controlled_Datapath.gen/sources_1/bd/design_1/ip/design_1_axi_smc_1_0/design_1_axi_smc_1_0_sim_netlist.vhdl
INFO: [IP_Flow 19-6928] IPCACHE: copied cached file c:/Users/Jason.Wyche/source/repos/ece383_wksp/Software_Controlled_Datapath/Software_Controlled_Datapath.cache/ip/2024.2/f/c/fc3abbb9046d14bf/design_1_axi_smc_1_0_stub.v to c:/Users/Jason.Wyche/source/repos/ece383_wksp/Software_Controlled_Datapath/Software_Controlled_Datapath.gen/sources_1/bd/design_1/ip/design_1_axi_smc_1_0/design_1_axi_smc_1_0_stub.v.
INFO: [IP_Flow 19-6926] IPCACHE: added file to list for BOM: c:/Users/Jason.Wyche/source/repos/ece383_wksp/Software_Controlled_Datapath/Software_Controlled_Datapath.gen/sources_1/bd/design_1/ip/design_1_axi_smc_1_0/design_1_axi_smc_1_0_stub.v
INFO: [IP_Flow 19-6928] IPCACHE: copied cached file c:/Users/Jason.Wyche/source/repos/ece383_wksp/Software_Controlled_Datapath/Software_Controlled_Datapath.cache/ip/2024.2/f/c/fc3abbb9046d14bf/design_1_axi_smc_1_0_stub.vhdl to c:/Users/Jason.Wyche/source/repos/ece383_wksp/Software_Controlled_Datapath/Software_Controlled_Datapath.gen/sources_1/bd/design_1/ip/design_1_axi_smc_1_0/design_1_axi_smc_1_0_stub.vhdl.
INFO: [IP_Flow 19-6926] IPCACHE: added file to list for BOM: c:/Users/Jason.Wyche/source/repos/ece383_wksp/Software_Controlled_Datapath/Software_Controlled_Datapath.gen/sources_1/bd/design_1/ip/design_1_axi_smc_1_0/design_1_axi_smc_1_0_stub.vhdl
INFO: [IP_Flow 19-4993] Using cached IP synthesis design for IP design_1_axi_smc_1_0, cache-ID = fc3abbb9046d14bf; cache size = 47.827 MB.
catch { config_ip_cache -export [get_ips -all design_1_OScope_2Channel_IP_0_0] }
INFO: [IP_Flow 19-6924] IPCACHE: Running cache check for IP inst: design_1_OScope_2Channel_IP_0_0
export_ip_user_files -of_objects [get_files C:/Users/Jason.Wyche/source/repos/ece383_wksp/Software_Controlled_Datapath/Software_Controlled_Datapath.srcs/sources_1/bd/design_1/design_1.bd] -no_script -sync -force -quiet
create_ip_run [get_files -of_objects [get_fileset sources_1] C:/Users/Jason.Wyche/source/repos/ece383_wksp/Software_Controlled_Datapath/Software_Controlled_Datapath.srcs/sources_1/bd/design_1/design_1.bd]
launch_runs design_1_OScope_2Channel_IP_0_0_synth_1 -jobs 6
INFO: [IP_Flow 19-6924] IPCACHE: Running cache check for IP inst: design_1_OScope_2Channel_IP_0_0
[Sat Mar 14 01:53:21 2026] Launched design_1_OScope_2Channel_IP_0_0_synth_1...
Run output will be captured here: C:/Users/Jason.Wyche/source/repos/ece383_wksp/Software_Controlled_Datapath/Software_Controlled_Datapath.runs/design_1_OScope_2Channel_IP_0_0_synth_1/runme.log
export_simulation -lib_map_path [list {modelsim=C:/Users/Jason.Wyche/source/repos/ece383_wksp/Software_Controlled_Datapath/Software_Controlled_Datapath.cache/compile_simlib/modelsim} {questa=C:/Users/Jason.Wyche/source/repos/ece383_wksp/Software_Controlled_Datapath/Software_Controlled_Datapath.cache/compile_simlib/questa} {riviera=C:/Users/Jason.Wyche/source/repos/ece383_wksp/Software_Controlled_Datapath/Software_Controlled_Datapath.cache/compile_simlib/riviera} {activehdl=C:/Users/Jason.Wyche/source/repos/ece383_wksp/Software_Controlled_Datapath/Software_Controlled_Datapath.cache/compile_simlib/activehdl}] -of_objects [get_files C:/Users/Jason.Wyche/source/repos/ece383_wksp/Software_Controlled_Datapath/Software_Controlled_Datapath.srcs/sources_1/bd/design_1/design_1.bd] -directory C:/Users/Jason.Wyche/source/repos/ece383_wksp/Software_Controlled_Datapath/Software_Controlled_Datapath.ip_user_files/sim_scripts -ip_user_files_dir C:/Users/Jason.Wyche/source/repos/ece383_wksp/Software_Controlled_Datapath/Software_Controlled_Datapath.ip_user_files -ipstatic_source_dir C:/Users/Jason.Wyche/source/repos/ece383_wksp/Software_Controlled_Datapath/Software_Controlled_Datapath.ip_user_files/ipstatic -use_ip_compiled_libs -force -quiet
make_wrapper -files [get_files C:/Users/Jason.Wyche/source/repos/ece383_wksp/Software_Controlled_Datapath/Software_Controlled_Datapath.srcs/sources_1/bd/design_1/design_1.bd] -top
validate_bd_design -force
INFO: [BD 5-943] Reserving offset range <0x4060_0000 [ 64K ]> from slave interface '/axi_smc/S00_AXI' to master interface '/axi_smc/M00_AXI'. This will be used by smartconnect on path for routing.
INFO: [BD 5-943] Reserving offset range <0x44A0_0000 [ 64K ]> from slave interface '/axi_smc/S00_AXI' to master interface '/axi_smc/M01_AXI'. This will be used by smartconnect on path for routing.
INFO: [xilinx.com:ip:smartconnect:1.0-1] design_1_axi_smc_0: SmartConnect design_1_axi_smc_0 is in Low-Area Mode.
INFO: [BD 5-943] Reserving offset range <0x8000_0000 [ 512M ]> from slave interface '/axi_smc_1/S00_AXI' to master interface '/axi_smc_1/M00_AXI'. This will be used by smartconnect on path for routing.
INFO: [BD 5-943] Reserving offset range <0x8000_0000 [ 512M ]> from slave interface '/axi_smc_1/S01_AXI' to master interface '/axi_smc_1/M00_AXI'. This will be used by smartconnect on path for routing.
INFO: [xilinx.com:ip:smartconnect:1.0-1] design_1_axi_smc_1_0: SmartConnect design_1_axi_smc_1_0 is in High-performance Mode.
WARNING: [filemgmt 56-443] The ECC Algorithm string is empty. Setting the Memory Map to default ECC value to ECC_NONE.
INFO: [xilinx.com:ip:microblaze:11.0-16] /microblaze_0: Setting D-cache cacheable area base address C_DCACHE_BASEADDR to 0x80000000 and high address C_DCACHE_HIGHADDR to 0x9FFFFFFF.
INFO: [xilinx.com:ip:microblaze:11.0-16] /microblaze_0: Setting I-cache cacheable area base address C_ICACHE_BASEADDR to 0x80000000 and high address C_ICACHE_HIGHADDR to 0x9FFFFFFF.
INFO: [xilinx.com:ip:microblaze:11.0-9] /microblaze_0: Setting C_BASE_VECTORS to 0x00000000.
INFO: [xilinx.com:ip:clk_wiz:6.0-1] /clk_wiz_1 clk_wiz propagate
validate_bd_design: Time (s): cpu = 00:00:01 ; elapsed = 00:00:08 . Memory (MB): peak = 2098.309 ; gain = 0.000
make_wrapper -files [get_files C:/Users/Jason.Wyche/source/repos/ece383_wksp/Software_Controlled_Datapath/Software_Controlled_Datapath.srcs/sources_1/bd/design_1/design_1.bd] -top
INFO: [BD 41-1662] The design 'design_1.bd' is already validated. Therefore parameter propagation will not be re-run.
WARNING: [filemgmt 56-443] The ECC Algorithm string is empty. Setting the Memory Map to default ECC value to ECC_NONE.
WARNING: [filemgmt 56-443] The ECC Algorithm string is empty. Setting the Memory Map to default ECC value to ECC_NONE.
Wrote  : <C:\Users\Jason.Wyche\source\repos\ece383_wksp\Software_Controlled_Datapath\Software_Controlled_Datapath.srcs\sources_1\bd\design_1\design_1.bd> 
Wrote  : <C:/Users/Jason.Wyche/source/repos/ece383_wksp/Software_Controlled_Datapath/Software_Controlled_Datapath.srcs/sources_1/bd/design_1/ui/bd_1f5defd0.ui> 
VHDL Output written to : c:/Users/Jason.Wyche/source/repos/ece383_wksp/Software_Controlled_Datapath/Software_Controlled_Datapath.gen/sources_1/bd/design_1/synth/design_1.vhd
VHDL Output written to : c:/Users/Jason.Wyche/source/repos/ece383_wksp/Software_Controlled_Datapath/Software_Controlled_Datapath.gen/sources_1/bd/design_1/sim/design_1.vhd
VHDL Output written to : c:/Users/Jason.Wyche/source/repos/ece383_wksp/Software_Controlled_Datapath/Software_Controlled_Datapath.gen/sources_1/bd/design_1/hdl/design_1_wrapper.vhd
reset_run synth_1
launch_runs impl_1 -to_step write_bitstream -jobs 6
INFO: [BD 41-1662] The design 'design_1.bd' is already validated. Therefore parameter propagation will not be re-run.
WARNING: [filemgmt 56-443] The ECC Algorithm string is empty. Setting the Memory Map to default ECC value to ECC_NONE.
WARNING: [filemgmt 56-443] The ECC Algorithm string is empty. Setting the Memory Map to default ECC value to ECC_NONE.
Wrote  : <C:/Users/Jason.Wyche/source/repos/ece383_wksp/Software_Controlled_Datapath/Software_Controlled_Datapath.srcs/sources_1/bd/design_1/ui/bd_1f5defd0.ui> 
VHDL Output written to : c:/Users/Jason.Wyche/source/repos/ece383_wksp/Software_Controlled_Datapath/Software_Controlled_Datapath.gen/sources_1/bd/design_1/synth/design_1.vhd
VHDL Output written to : c:/Users/Jason.Wyche/source/repos/ece383_wksp/Software_Controlled_Datapath/Software_Controlled_Datapath.gen/sources_1/bd/design_1/sim/design_1.vhd
VHDL Output written to : c:/Users/Jason.Wyche/source/repos/ece383_wksp/Software_Controlled_Datapath/Software_Controlled_Datapath.gen/sources_1/bd/design_1/hdl/design_1_wrapper.vhd
WARNING: [IP_Flow 19-5160] IP 'bd_afc3_one_0' detected simulation language mismatch. Simulation type 'rtl' does not support 'VHDL' outputs (see project's "simulator_language" property), delivering 'Verilog' outputs instead.
Exporting to file c:/Users/Jason.Wyche/source/repos/ece383_wksp/Software_Controlled_Datapath/Software_Controlled_Datapath.gen/sources_1/bd/design_1/ip/design_1_axi_smc_0/bd_0/hw_handoff/design_1_axi_smc_0.hwh
Generated Hardware Definition File c:/Users/Jason.Wyche/source/repos/ece383_wksp/Software_Controlled_Datapath/Software_Controlled_Datapath.gen/sources_1/bd/design_1/ip/design_1_axi_smc_0/bd_0/synth/design_1_axi_smc_0.hwdef
INFO: [BD 41-1029] Generation completed for the IP Integrator block axi_smc .
WARNING: [IP_Flow 19-5160] IP 'bd_a878_one_0' detected simulation language mismatch. Simulation type 'rtl' does not support 'VHDL' outputs (see project's "simulator_language" property), delivering 'Verilog' outputs instead.
Exporting to file c:/Users/Jason.Wyche/source/repos/ece383_wksp/Software_Controlled_Datapath/Software_Controlled_Datapath.gen/sources_1/bd/design_1/ip/design_1_axi_smc_1_0/bd_0/hw_handoff/design_1_axi_smc_1_0.hwh
Generated Hardware Definition File c:/Users/Jason.Wyche/source/repos/ece383_wksp/Software_Controlled_Datapath/Software_Controlled_Datapath.gen/sources_1/bd/design_1/ip/design_1_axi_smc_1_0/bd_0/synth/design_1_axi_smc_1_0.hwdef
INFO: [BD 41-1029] Generation completed for the IP Integrator block axi_smc_1 .
Exporting to file c:/Users/Jason.Wyche/source/repos/ece383_wksp/Software_Controlled_Datapath/Software_Controlled_Datapath.gen/sources_1/bd/design_1/hw_handoff/design_1.hwh
Generated Hardware Definition File c:/Users/Jason.Wyche/source/repos/ece383_wksp/Software_Controlled_Datapath/Software_Controlled_Datapath.gen/sources_1/bd/design_1/synth/design_1.hwdef
INFO: [IP_Flow 19-6930] IPCACHE: runCacheChecks() number of threads = 8
INFO: [IP_Flow 19-6921] IPCACHE: Adding cache check func to thread queue for IP design_1_axi_smc_0
INFO: [IP_Flow 19-6921] IPCACHE: Adding cache check func to thread queue for IP design_1_axi_smc_1_0
INFO: [IP_Flow 19-8020] IPCACHE: runCacheChecks() calling threadPool finishWork()
INFO: [IP_Flow 19-6924] IPCACHE: Running cache check for IP inst: design_1_axi_smc_0
INFO: [IP_Flow 19-6922] IPCACHE: Exporting cached entry d0144ff7c25bdb4c to dir: c:/Users/Jason.Wyche/source/repos/ece383_wksp/Software_Controlled_Datapath/Software_Controlled_Datapath.gen/sources_1/bd/design_1/ip/design_1_axi_smc_0
INFO: [IP_Flow 19-6928] IPCACHE: copied cached file c:/Users/Jason.Wyche/source/repos/ece383_wksp/Software_Controlled_Datapath/Software_Controlled_Datapath.cache/ip/2024.2/d/0/d0144ff7c25bdb4c/design_1_axi_smc_0.dcp to c:/Users/Jason.Wyche/source/repos/ece383_wksp/Software_Controlled_Datapath/Software_Controlled_Datapath.gen/sources_1/bd/design_1/ip/design_1_axi_smc_0/design_1_axi_smc_0.dcp.
INFO: [IP_Flow 19-6926] IPCACHE: added file to list for BOM: c:/Users/Jason.Wyche/source/repos/ece383_wksp/Software_Controlled_Datapath/Software_Controlled_Datapath.gen/sources_1/bd/design_1/ip/design_1_axi_smc_0/design_1_axi_smc_0.dcp
INFO: [IP_Flow 19-6928] IPCACHE: copied cached file c:/Users/Jason.Wyche/source/repos/ece383_wksp/Software_Controlled_Datapath/Software_Controlled_Datapath.cache/ip/2024.2/d/0/d0144ff7c25bdb4c/design_1_axi_smc_0_sim_netlist.v to c:/Users/Jason.Wyche/source/repos/ece383_wksp/Software_Controlled_Datapath/Software_Controlled_Datapath.gen/sources_1/bd/design_1/ip/design_1_axi_smc_0/design_1_axi_smc_0_sim_netlist.v.
INFO: [IP_Flow 19-6926] IPCACHE: added file to list for BOM: c:/Users/Jason.Wyche/source/repos/ece383_wksp/Software_Controlled_Datapath/Software_Controlled_Datapath.gen/sources_1/bd/design_1/ip/design_1_axi_smc_0/design_1_axi_smc_0_sim_netlist.v
INFO: [IP_Flow 19-6928] IPCACHE: copied cached file c:/Users/Jason.Wyche/source/repos/ece383_wksp/Software_Controlled_Datapath/Software_Controlled_Datapath.cache/ip/2024.2/d/0/d0144ff7c25bdb4c/design_1_axi_smc_0_sim_netlist.vhdl to c:/Users/Jason.Wyche/source/repos/ece383_wksp/Software_Controlled_Datapath/Software_Controlled_Datapath.gen/sources_1/bd/design_1/ip/design_1_axi_smc_0/design_1_axi_smc_0_sim_netlist.vhdl.
INFO: [IP_Flow 19-6926] IPCACHE: added file to list for BOM: c:/Users/Jason.Wyche/source/repos/ece383_wksp/Software_Controlled_Datapath/Software_Controlled_Datapath.gen/sources_1/bd/design_1/ip/design_1_axi_smc_0/design_1_axi_smc_0_sim_netlist.vhdl
INFO: [IP_Flow 19-6928] IPCACHE: copied cached file c:/Users/Jason.Wyche/source/repos/ece383_wksp/Software_Controlled_Datapath/Software_Controlled_Datapath.cache/ip/2024.2/d/0/d0144ff7c25bdb4c/design_1_axi_smc_0_stub.v to c:/Users/Jason.Wyche/source/repos/ece383_wksp/Software_Controlled_Datapath/Software_Controlled_Datapath.gen/sources_1/bd/design_1/ip/design_1_axi_smc_0/design_1_axi_smc_0_stub.v.
INFO: [IP_Flow 19-6926] IPCACHE: added file to list for BOM: c:/Users/Jason.Wyche/source/repos/ece383_wksp/Software_Controlled_Datapath/Software_Controlled_Datapath.gen/sources_1/bd/design_1/ip/design_1_axi_smc_0/design_1_axi_smc_0_stub.v
INFO: [IP_Flow 19-6928] IPCACHE: copied cached file c:/Users/Jason.Wyche/source/repos/ece383_wksp/Software_Controlled_Datapath/Software_Controlled_Datapath.cache/ip/2024.2/d/0/d0144ff7c25bdb4c/design_1_axi_smc_0_stub.vhdl to c:/Users/Jason.Wyche/source/repos/ece383_wksp/Software_Controlled_Datapath/Software_Controlled_Datapath.gen/sources_1/bd/design_1/ip/design_1_axi_smc_0/design_1_axi_smc_0_stub.vhdl.
INFO: [IP_Flow 19-6926] IPCACHE: added file to list for BOM: c:/Users/Jason.Wyche/source/repos/ece383_wksp/Software_Controlled_Datapath/Software_Controlled_Datapath.gen/sources_1/bd/design_1/ip/design_1_axi_smc_0/design_1_axi_smc_0_stub.vhdl
INFO: [IP_Flow 19-4993] Using cached IP synthesis design for IP design_1_axi_smc_0, cache-ID = d0144ff7c25bdb4c; cache size = 47.827 MB.
INFO: [IP_Flow 19-6924] IPCACHE: Running cache check for IP inst: design_1_axi_smc_1_0
INFO: [IP_Flow 19-6922] IPCACHE: Exporting cached entry fc3abbb9046d14bf to dir: c:/Users/Jason.Wyche/source/repos/ece383_wksp/Software_Controlled_Datapath/Software_Controlled_Datapath.gen/sources_1/bd/design_1/ip/design_1_axi_smc_1_0
INFO: [IP_Flow 19-6928] IPCACHE: copied cached file c:/Users/Jason.Wyche/source/repos/ece383_wksp/Software_Controlled_Datapath/Software_Controlled_Datapath.cache/ip/2024.2/f/c/fc3abbb9046d14bf/design_1_axi_smc_1_0.dcp to c:/Users/Jason.Wyche/source/repos/ece383_wksp/Software_Controlled_Datapath/Software_Controlled_Datapath.gen/sources_1/bd/design_1/ip/design_1_axi_smc_1_0/design_1_axi_smc_1_0.dcp.
INFO: [IP_Flow 19-6926] IPCACHE: added file to list for BOM: c:/Users/Jason.Wyche/source/repos/ece383_wksp/Software_Controlled_Datapath/Software_Controlled_Datapath.gen/sources_1/bd/design_1/ip/design_1_axi_smc_1_0/design_1_axi_smc_1_0.dcp
INFO: [IP_Flow 19-6928] IPCACHE: copied cached file c:/Users/Jason.Wyche/source/repos/ece383_wksp/Software_Controlled_Datapath/Software_Controlled_Datapath.cache/ip/2024.2/f/c/fc3abbb9046d14bf/design_1_axi_smc_1_0_sim_netlist.v to c:/Users/Jason.Wyche/source/repos/ece383_wksp/Software_Controlled_Datapath/Software_Controlled_Datapath.gen/sources_1/bd/design_1/ip/design_1_axi_smc_1_0/design_1_axi_smc_1_0_sim_netlist.v.
INFO: [IP_Flow 19-6926] IPCACHE: added file to list for BOM: c:/Users/Jason.Wyche/source/repos/ece383_wksp/Software_Controlled_Datapath/Software_Controlled_Datapath.gen/sources_1/bd/design_1/ip/design_1_axi_smc_1_0/design_1_axi_smc_1_0_sim_netlist.v
INFO: [IP_Flow 19-6928] IPCACHE: copied cached file c:/Users/Jason.Wyche/source/repos/ece383_wksp/Software_Controlled_Datapath/Software_Controlled_Datapath.cache/ip/2024.2/f/c/fc3abbb9046d14bf/design_1_axi_smc_1_0_sim_netlist.vhdl to c:/Users/Jason.Wyche/source/repos/ece383_wksp/Software_Controlled_Datapath/Software_Controlled_Datapath.gen/sources_1/bd/design_1/ip/design_1_axi_smc_1_0/design_1_axi_smc_1_0_sim_netlist.vhdl.
INFO: [IP_Flow 19-6926] IPCACHE: added file to list for BOM: c:/Users/Jason.Wyche/source/repos/ece383_wksp/Software_Controlled_Datapath/Software_Controlled_Datapath.gen/sources_1/bd/design_1/ip/design_1_axi_smc_1_0/design_1_axi_smc_1_0_sim_netlist.vhdl
INFO: [IP_Flow 19-6928] IPCACHE: copied cached file c:/Users/Jason.Wyche/source/repos/ece383_wksp/Software_Controlled_Datapath/Software_Controlled_Datapath.cache/ip/2024.2/f/c/fc3abbb9046d14bf/design_1_axi_smc_1_0_stub.v to c:/Users/Jason.Wyche/source/repos/ece383_wksp/Software_Controlled_Datapath/Software_Controlled_Datapath.gen/sources_1/bd/design_1/ip/design_1_axi_smc_1_0/design_1_axi_smc_1_0_stub.v.
INFO: [IP_Flow 19-6926] IPCACHE: added file to list for BOM: c:/Users/Jason.Wyche/source/repos/ece383_wksp/Software_Controlled_Datapath/Software_Controlled_Datapath.gen/sources_1/bd/design_1/ip/design_1_axi_smc_1_0/design_1_axi_smc_1_0_stub.v
INFO: [IP_Flow 19-6928] IPCACHE: copied cached file c:/Users/Jason.Wyche/source/repos/ece383_wksp/Software_Controlled_Datapath/Software_Controlled_Datapath.cache/ip/2024.2/f/c/fc3abbb9046d14bf/design_1_axi_smc_1_0_stub.vhdl to c:/Users/Jason.Wyche/source/repos/ece383_wksp/Software_Controlled_Datapath/Software_Controlled_Datapath.gen/sources_1/bd/design_1/ip/design_1_axi_smc_1_0/design_1_axi_smc_1_0_stub.vhdl.
INFO: [IP_Flow 19-6926] IPCACHE: added file to list for BOM: c:/Users/Jason.Wyche/source/repos/ece383_wksp/Software_Controlled_Datapath/Software_Controlled_Datapath.gen/sources_1/bd/design_1/ip/design_1_axi_smc_1_0/design_1_axi_smc_1_0_stub.vhdl
INFO: [IP_Flow 19-4993] Using cached IP synthesis design for IP design_1_axi_smc_1_0, cache-ID = fc3abbb9046d14bf; cache size = 47.827 MB.
config_ip_cache: Time (s): cpu = 00:00:02 ; elapsed = 00:00:07 . Memory (MB): peak = 2152.156 ; gain = 18.285
[Sat Mar 14 01:56:30 2026] Launched synth_1...
Run output will be captured here: C:/Users/Jason.Wyche/source/repos/ece383_wksp/Software_Controlled_Datapath/Software_Controlled_Datapath.runs/synth_1/runme.log
[Sat Mar 14 01:56:30 2026] Launched impl_1...
Run output will be captured here: C:/Users/Jason.Wyche/source/repos/ece383_wksp/Software_Controlled_Datapath/Software_Controlled_Datapath.runs/impl_1/runme.log
launch_runs: Time (s): cpu = 00:00:05 ; elapsed = 00:00:28 . Memory (MB): peak = 2152.156 ; gain = 46.613
write_hw_platform -fixed -include_bit -force -file C:/Users/Jason.Wyche/source/repos/ece383_wksp/Software_Controlled_Datapath/Software_Controlled_Datapath_wrapper.xsa
INFO: [Project 1-1918] Creating Hardware Platform: C:/Users/Jason.Wyche/source/repos/ece383_wksp/Software_Controlled_Datapath/Software_Controlled_Datapath_wrapper.xsa ...
WARNING: [Project 1-645] Board images not set in Hardware Platform.
INFO: [Project 1-1943] The Hardware Platform can be used for Hardware
INFO: [Project 1-1941] Successfully created Hardware Platform: C:/Users/Jason.Wyche/source/repos/ece383_wksp/Software_Controlled_Datapath/Software_Controlled_Datapath_wrapper.xsa
INFO: [Hsi 55-2053] elapsed time for repository (C:/Xilinx/Vivado/2024.2/data/embeddedsw) loading 4 seconds
write_hw_platform: Time (s): cpu = 00:00:01 ; elapsed = 00:00:05 . Memory (MB): peak = 2302.324 ; gain = 150.168
exit
INFO: [Common 17-206] Exiting Vivado at Sat Mar 14 09:16:27 2026...
