#-----------------------------------------------------------
# Vivado v2024.2 (64-bit)
# SW Build 5239630 on Fri Nov 08 22:35:27 MST 2024
# IP Build 5239520 on Sun Nov 10 16:12:51 MST 2024
# SharedData Build 5239561 on Fri Nov 08 14:39:27 MST 2024
# Start of session at: Mon Mar 16 07:44:26 2026
# Process ID         : 3480
# Current directory  : C:/Users/Jason.Wyche/source/repos/ece383_wksp/Software_Controlled_Datapath
# Command line       : vivado.exe -gui_launcher_event rodinguilauncherevent23764 C:\Users\Jason.Wyche\source\repos\ece383_wksp\Software_Controlled_Datapath\Software_Controlled_Datapath.xpr
# Log file           : C:/Users/Jason.Wyche/source/repos/ece383_wksp/Software_Controlled_Datapath/vivado.log
# Journal file       : C:/Users/Jason.Wyche/source/repos/ece383_wksp/Software_Controlled_Datapath\vivado.jou
# Running On         : WycheSurfacePro
# Platform           : Windows Server 2016 or Windows 10
# Operating System   : 22631
# Processor Detail   : 12th Gen Intel(R) Core(TM) i5-1245U
# CPU Frequency      : 2496 MHz
# CPU Physical cores : 10
# CPU Logical cores  : 12
# Host memory        : 16995 MB
# Swap memory        : 2550 MB
# Total Virtual      : 19545 MB
# Available Virtual  : 8526 MB
#-----------------------------------------------------------
start_gui
open_project C:/Users/Jason.Wyche/source/repos/ece383_wksp/Software_Controlled_Datapath/Software_Controlled_Datapath.xpr
update_compile_order -fileset sources_1
open_bd_design {C:/Users/Jason.Wyche/source/repos/ece383_wksp/Software_Controlled_Datapath/Software_Controlled_Datapath.srcs/sources_1/bd/design_1/design_1.bd}
ipx::edit_ip_in_project -upgrade true -name OScope_2Channel_IP_v1_0_project -directory C:/Users/Jason.Wyche/source/repos/ece383_wksp/Software_Controlled_Datapath/Software_Controlled_Datapath.tmp/OScope_2Channel_IP_v1_0_project c:/Users/Jason.Wyche/source/repos/ece383_wksp/ip_repo/OScope_2Channel_IP_1_0/component.xml
update_compile_order -fileset sources_1
close_project
