#-----------------------------------------------------------
# Vivado v2024.2 (64-bit)
# SW Build 5239630 on Fri Nov 08 22:35:27 MST 2024
# IP Build 5239520 on Sun Nov 10 16:12:51 MST 2024
# SharedData Build 5239561 on Fri Nov 08 14:39:27 MST 2024
# Start of session at: Wed Jan 28 17:18:53 2026
# Process ID         : 3744
# Current directory  : C:/Users/Jason.Wyche/source/repos/ece383_wksp/lab1/VGA_Controller/VGA_Controller.runs/impl_1
# Command line       : vivado.exe -log lab1.vdi -applog -product Vivado -messageDb vivado.pb -mode batch -source lab1.tcl -notrace
# Log file           : C:/Users/Jason.Wyche/source/repos/ece383_wksp/lab1/VGA_Controller/VGA_Controller.runs/impl_1/lab1.vdi
# Journal file       : C:/Users/Jason.Wyche/source/repos/ece383_wksp/lab1/VGA_Controller/VGA_Controller.runs/impl_1\vivado.jou
# Running On         : WycheSurfacePro
# Platform           : Windows Server 2016 or Windows 10
# Operating System   : 22631
# Processor Detail   : 12th Gen Intel(R) Core(TM) i5-1245U
# CPU Frequency      : 2496 MHz
# CPU Physical cores : 10
# CPU Logical cores  : 12
# Host memory        : 16995 MB
# Swap memory        : 2550 MB
# Total Virtual      : 19545 MB
# Available Virtual  : 5525 MB
#-----------------------------------------------------------
source lab1.tcl -notrace
