#-----------------------------------------------------------
# Vivado v2024.2 (64-bit)
# SW Build 5239630 on Fri Nov 08 22:35:27 MST 2024
# IP Build 5239520 on Sun Nov 10 16:12:51 MST 2024
# SharedData Build 5239561 on Fri Nov 08 14:39:27 MST 2024
# Start of session at: Sat Mar 14 13:22:20 2026
# Process ID         : 17124
# Current directory  : C:/Users/Jason.Wyche/source/repos/ece383_wksp/ip_repo
# Command line       : vivado.exe -gui_launcher_event rodinguilauncherevent15952 C:\Users\Jason.Wyche\source\repos\ece383_wksp\ip_repo\edit_OScope_2Channel_IP_v1_0.xpr
# Log file           : C:/Users/Jason.Wyche/source/repos/ece383_wksp/ip_repo/vivado.log
# Journal file       : C:/Users/Jason.Wyche/source/repos/ece383_wksp/ip_repo\vivado.jou
# Running On         : WycheSurfacePro
# Platform           : Windows Server 2016 or Windows 10
# Operating System   : 22631
# Processor Detail   : 12th Gen Intel(R) Core(TM) i5-1245U
# CPU Frequency      : 2496 MHz
# CPU Physical cores : 10
# CPU Logical cores  : 12
# Host memory        : 16995 MB
# Swap memory        : 2550 MB
# Total Virtual      : 19545 MB
# Available Virtual  : 5523 MB
#-----------------------------------------------------------
start_gui
open_project C:/Users/Jason.Wyche/source/repos/ece383_wksp/ip_repo/edit_OScope_2Channel_IP_v1_0.xpr
INFO: [filemgmt 56-3] Default IP Output Path : Could not find the directory 'C:/Users/Jason.Wyche/source/repos/ece383_wksp/ip_repo/edit_OScope_2Channel_IP_v1_0.gen/sources_1'.
Scanning sources...
Finished scanning sources
INFO: [IP_Flow 19-234] Refreshing IP repositories
INFO: [IP_Flow 19-1700] Loaded user IP repository 'c:/Users/Jason.Wyche/source/repos/ece383_wksp/ip_repo/OScope_2Channel_IP_1_0'.
INFO: [IP_Flow 19-2313] Loaded Vivado IP repository 'C:/Xilinx/Vivado/2024.2/data/ip'.
open_project: Time (s): cpu = 00:00:02 ; elapsed = 00:00:08 . Memory (MB): peak = 1112.941 ; gain = 79.250
update_compile_order -fileset sources_1
ipx::open_ipxact_file C:/Users/Jason.Wyche/source/repos/ece383_wksp/ip_repo/OScope_2Channel_IP_1_0/component.xml
WARNING: [IP_Flow 19-3898] File Group 'xilinx_anylanguagesynthesis (Synthesis)': File 'c:/Users/Jason.Wyche/source/repos/ece383_wksp/ip_repo/OScope_2Channel_IP_1_0/src/clk_wiz_1/clk_wiz_1.xci' is not found in the project sources. It will be removed from the packaged IP when the sources are merged. If still required, please add this file to the project and re-package.
WARNING: [IP_Flow 19-3898] File Group 'xilinx_anylanguagesynthesis (Synthesis)': File 'c:/Users/Jason.Wyche/source/repos/ece383_wksp/ip_repo/OScope_2Channel_IP_1_0/src/clk_wiz_0/clk_wiz_0.xci' is not found in the project sources. It will be removed from the packaged IP when the sources are merged. If still required, please add this file to the project and re-package.
WARNING: [IP_Flow 19-3898] File Group 'xilinx_anylanguagebehavioralsimulation (Simulation)': File 'c:/Users/Jason.Wyche/source/repos/ece383_wksp/ip_repo/OScope_2Channel_IP_1_0/src/clk_wiz_1/clk_wiz_1.xci' is not found in the project sources. It will be removed from the packaged IP when the sources are merged. If still required, please add this file to the project and re-package.
WARNING: [IP_Flow 19-3898] File Group 'xilinx_anylanguagebehavioralsimulation (Simulation)': File 'c:/Users/Jason.Wyche/source/repos/ece383_wksp/ip_repo/OScope_2Channel_IP_1_0/src/clk_wiz_0/clk_wiz_0.xci' is not found in the project sources. It will be removed from the packaged IP when the sources are merged. If still required, please add this file to the project and re-package.
WARNING: [IP_Flow 19-5897] The set of required XPM macros has changed from 'XPM_CDC' to ''
set_property core_revision 15 [ipx::current_core]
ipx::create_xgui_files [ipx::current_core]
ipx::update_checksums [ipx::current_core]
ipx::check_integrity [ipx::current_core]
WARNING: [IP_Flow 19-11889] HDL Parameter 'C_S00_AXI_DATA_WIDTH (C S00 AXI DATA WIDTH)': Order is obsolete with XGUI version >= 2.0
WARNING: [IP_Flow 19-11889] HDL Parameter 'C_S00_AXI_ADDR_WIDTH (C S00 AXI ADDR WIDTH)': Order is obsolete with XGUI version >= 2.0
WARNING: [IP_Flow 19-11770] Clock interface 'S00_AXI_CLK' has no FREQ_HZ parameter.
INFO: [IP_Flow 19-2181] Payment is not required for this core.
WARNING: [IP_Flow 19-2187] The Product Guide file is missing.
INFO: [Ipptcl 7-1486] check_integrity: Integrity check passed.
ipx::save_core [ipx::current_core]
update_ip_catalog -rebuild -repo_path c:/Users/Jason.Wyche/source/repos/ece383_wksp/ip_repo/OScope_2Channel_IP_1_0
INFO: [IP_Flow 19-725] Reloaded user IP repository 'c:/Users/Jason.Wyche/source/repos/ece383_wksp/ip_repo/OScope_2Channel_IP_1_0'
WARNING: [filemgmt 56-199] Attempt to get parsing info during refresh. "On-the-fly" syntax checking information may be incorrect. [C:\Users\Jason.Wyche\source\repos\ece383_wksp\ip_repo\OScope_2Channel_IP_1_0\src\lab2_datapath.vhdl:]
WARNING: [filemgmt 56-199] Attempt to get parsing info during refresh. "On-the-fly" syntax checking information may be incorrect. [C:\Users\Jason.Wyche\source\repos\ece383_wksp\ip_repo\OScope_2Channel_IP_1_0\hdl\OScope_2Channel_IP_slave_lite_v1_0_S00_AXI.vhd:]
WARNING: [filemgmt 56-199] Attempt to get parsing info during refresh. "On-the-fly" syntax checking information may be incorrect. [C:\Users\Jason.Wyche\source\repos\ece383_wksp\ip_repo\OScope_2Channel_IP_1_0\hdl\OScope_2Channel_IP_slave_lite_v1_0_S00_AXI.vhd:]
WARNING: [filemgmt 56-199] Attempt to get parsing info during refresh. "On-the-fly" syntax checking information may be incorrect. [C:\Users\Jason.Wyche\source\repos\ece383_wksp\ip_repo\OScope_2Channel_IP_1_0\hdl\OScope_2Channel_IP_slave_lite_v1_0_S00_AXI.vhd:]
ERROR: [Common 17-180] Spawn failed: No error
WARNING: [filemgmt 56-199] Attempt to get parsing info during refresh. "On-the-fly" syntax checking information may be incorrect. [C:\Users\Jason.Wyche\source\repos\ece383_wksp\ip_repo\OScope_2Channel_IP_1_0\src\lab2_datapath.vhdl:]
WARNING: [filemgmt 56-199] Attempt to get parsing info during refresh. "On-the-fly" syntax checking information may be incorrect. [C:\Users\Jason.Wyche\source\repos\ece383_wksp\ip_repo\OScope_2Channel_IP_1_0\hdl\OScope_2Channel_IP_slave_lite_v1_0_S00_AXI.vhd:]
WARNING: [filemgmt 56-199] Attempt to get parsing info during refresh. "On-the-fly" syntax checking information may be incorrect. [C:\Users\Jason.Wyche\source\repos\ece383_wksp\ip_repo\OScope_2Channel_IP_1_0\hdl\OScope_2Channel_IP_slave_lite_v1_0_S00_AXI.vhd:]
WARNING: [filemgmt 56-199] Attempt to get parsing info during refresh. "On-the-fly" syntax checking information may be incorrect. [C:\Users\Jason.Wyche\source\repos\ece383_wksp\ip_repo\OScope_2Channel_IP_1_0\hdl\OScope_2Channel_IP_slave_lite_v1_0_S00_AXI.vhd:]
ERROR: [Common 17-180] Spawn failed: No error
set_property core_revision 16 [ipx::current_core]
ipx::create_xgui_files [ipx::current_core]
ipx::update_checksums [ipx::current_core]
ipx::check_integrity [ipx::current_core]
WARNING: [IP_Flow 19-11889] HDL Parameter 'C_S00_AXI_DATA_WIDTH (C S00 AXI DATA WIDTH)': Order is obsolete with XGUI version >= 2.0
WARNING: [IP_Flow 19-11889] HDL Parameter 'C_S00_AXI_ADDR_WIDTH (C S00 AXI ADDR WIDTH)': Order is obsolete with XGUI version >= 2.0
WARNING: [IP_Flow 19-11770] Clock interface 'S00_AXI_CLK' has no FREQ_HZ parameter.
INFO: [IP_Flow 19-2181] Payment is not required for this core.
WARNING: [IP_Flow 19-2187] The Product Guide file is missing.
INFO: [Ipptcl 7-1486] check_integrity: Integrity check passed.
ipx::save_core [ipx::current_core]
update_ip_catalog -rebuild -repo_path c:/Users/Jason.Wyche/source/repos/ece383_wksp/ip_repo/OScope_2Channel_IP_1_0
INFO: [IP_Flow 19-725] Reloaded user IP repository 'c:/Users/Jason.Wyche/source/repos/ece383_wksp/ip_repo/OScope_2Channel_IP_1_0'
WARNING: [filemgmt 56-199] Attempt to get parsing info during refresh. "On-the-fly" syntax checking information may be incorrect. [C:\Users\Jason.Wyche\source\repos\ece383_wksp\ip_repo\OScope_2Channel_IP_1_0\src\lab2_datapath.vhdl:]
WARNING: [filemgmt 56-199] Attempt to get parsing info during refresh. "On-the-fly" syntax checking information may be incorrect. [C:\Users\Jason.Wyche\source\repos\ece383_wksp\ip_repo\OScope_2Channel_IP_1_0\hdl\OScope_2Channel_IP_slave_lite_v1_0_S00_AXI.vhd:]
WARNING: [filemgmt 56-199] Attempt to get parsing info during refresh. "On-the-fly" syntax checking information may be incorrect. [C:\Users\Jason.Wyche\source\repos\ece383_wksp\ip_repo\OScope_2Channel_IP_1_0\hdl\OScope_2Channel_IP_slave_lite_v1_0_S00_AXI.vhd:]
WARNING: [filemgmt 56-199] Attempt to get parsing info during refresh. "On-the-fly" syntax checking information may be incorrect. [C:\Users\Jason.Wyche\source\repos\ece383_wksp\ip_repo\OScope_2Channel_IP_1_0\hdl\OScope_2Channel_IP_slave_lite_v1_0_S00_AXI.vhd:]
ERROR: [Common 17-180] Spawn failed: No error
WARNING: [filemgmt 56-199] Attempt to get parsing info during refresh. "On-the-fly" syntax checking information may be incorrect. [C:\Users\Jason.Wyche\source\repos\ece383_wksp\ip_repo\OScope_2Channel_IP_1_0\src\lab2_datapath.vhdl:]
WARNING: [filemgmt 56-199] Attempt to get parsing info during refresh. "On-the-fly" syntax checking information may be incorrect. [C:\Users\Jason.Wyche\source\repos\ece383_wksp\ip_repo\OScope_2Channel_IP_1_0\hdl\OScope_2Channel_IP_slave_lite_v1_0_S00_AXI.vhd:]
WARNING: [filemgmt 56-199] Attempt to get parsing info during refresh. "On-the-fly" syntax checking information may be incorrect. [C:\Users\Jason.Wyche\source\repos\ece383_wksp\ip_repo\OScope_2Channel_IP_1_0\hdl\OScope_2Channel_IP_slave_lite_v1_0_S00_AXI.vhd:]
WARNING: [filemgmt 56-199] Attempt to get parsing info during refresh. "On-the-fly" syntax checking information may be incorrect. [C:\Users\Jason.Wyche\source\repos\ece383_wksp\ip_repo\OScope_2Channel_IP_1_0\hdl\OScope_2Channel_IP_slave_lite_v1_0_S00_AXI.vhd:]
ERROR: [Common 17-180] Spawn failed: No error
ipx::merge_project_changes files [ipx::current_core]
WARNING: [IP_Flow 19-4963] clk_wiz_1 has board value specified. The packaged IP will be restricted to usage with board 'digilentinc.com:nexys_video:part0:1.2'
ipx::update_checksums [ipx::current_core]
ipx::save_core [ipx::current_core]
WARNING: [filemgmt 56-199] Attempt to get parsing info during refresh. "On-the-fly" syntax checking information may be incorrect. [C:\Users\Jason.Wyche\source\repos\ece383_wksp\ip_repo\OScope_2Channel_IP_1_0\src\lab2_datapath.vhdl:]
WARNING: [filemgmt 56-199] Attempt to get parsing info during refresh. "On-the-fly" syntax checking information may be incorrect. [C:\Users\Jason.Wyche\source\repos\ece383_wksp\ip_repo\OScope_2Channel_IP_1_0\hdl\OScope_2Channel_IP_slave_lite_v1_0_S00_AXI.vhd:]
WARNING: [filemgmt 56-199] Attempt to get parsing info during refresh. "On-the-fly" syntax checking information may be incorrect. [C:\Users\Jason.Wyche\source\repos\ece383_wksp\ip_repo\OScope_2Channel_IP_1_0\hdl\OScope_2Channel_IP_slave_lite_v1_0_S00_AXI.vhd:]
WARNING: [filemgmt 56-199] Attempt to get parsing info during refresh. "On-the-fly" syntax checking information may be incorrect. [C:\Users\Jason.Wyche\source\repos\ece383_wksp\ip_repo\OScope_2Channel_IP_1_0\hdl\OScope_2Channel_IP_slave_lite_v1_0_S00_AXI.vhd:]
ERROR: [Common 17-180] Spawn failed: No error
set_property core_revision 17 [ipx::current_core]
ipx::create_xgui_files [ipx::current_core]
ipx::update_checksums [ipx::current_core]
ipx::check_integrity [ipx::current_core]
WARNING: [IP_Flow 19-11889] HDL Parameter 'C_S00_AXI_DATA_WIDTH (C S00 AXI DATA WIDTH)': Order is obsolete with XGUI version >= 2.0
WARNING: [IP_Flow 19-11889] HDL Parameter 'C_S00_AXI_ADDR_WIDTH (C S00 AXI ADDR WIDTH)': Order is obsolete with XGUI version >= 2.0
WARNING: [IP_Flow 19-11770] Clock interface 'S00_AXI_CLK' has no FREQ_HZ parameter.
INFO: [IP_Flow 19-2181] Payment is not required for this core.
WARNING: [IP_Flow 19-2187] The Product Guide file is missing.
INFO: [Ipptcl 7-1486] check_integrity: Integrity check passed.
ipx::save_core [ipx::current_core]
update_ip_catalog -rebuild -repo_path c:/Users/Jason.Wyche/source/repos/ece383_wksp/ip_repo/OScope_2Channel_IP_1_0
INFO: [IP_Flow 19-725] Reloaded user IP repository 'c:/Users/Jason.Wyche/source/repos/ece383_wksp/ip_repo/OScope_2Channel_IP_1_0'
WARNING: [filemgmt 56-199] Attempt to get parsing info during refresh. "On-the-fly" syntax checking information may be incorrect. [C:\Users\Jason.Wyche\source\repos\ece383_wksp\ip_repo\OScope_2Channel_IP_1_0\src\lab2_datapath.vhdl:]
WARNING: [filemgmt 56-199] Attempt to get parsing info during refresh. "On-the-fly" syntax checking information may be incorrect. [C:\Users\Jason.Wyche\source\repos\ece383_wksp\ip_repo\OScope_2Channel_IP_1_0\hdl\OScope_2Channel_IP_slave_lite_v1_0_S00_AXI.vhd:]
WARNING: [filemgmt 56-199] Attempt to get parsing info during refresh. "On-the-fly" syntax checking information may be incorrect. [C:\Users\Jason.Wyche\source\repos\ece383_wksp\ip_repo\OScope_2Channel_IP_1_0\hdl\OScope_2Channel_IP_slave_lite_v1_0_S00_AXI.vhd:]
WARNING: [filemgmt 56-199] Attempt to get parsing info during refresh. "On-the-fly" syntax checking information may be incorrect. [C:\Users\Jason.Wyche\source\repos\ece383_wksp\ip_repo\OScope_2Channel_IP_1_0\hdl\OScope_2Channel_IP_slave_lite_v1_0_S00_AXI.vhd:]
ERROR: [Common 17-180] Spawn failed: No error
exit
INFO: [Common 17-206] Exiting Vivado at Sun Mar 15 17:18:04 2026...
