#-----------------------------------------------------------
# Vivado v2024.2 (64-bit)
# SW Build 5239630 on Fri Nov 08 22:35:27 MST 2024
# IP Build 5239520 on Sun Nov 10 16:12:51 MST 2024
# SharedData Build 5239561 on Fri Nov 08 14:39:27 MST 2024
# Start of session at: Sat Mar 14 00:16:01 2026
# Process ID         : 21256
# Current directory  : C:/Users/Jason.Wyche/source/repos/ece383_wksp/ip_repo
# Command line       : vivado.exe -gui_launcher_event rodinguilauncherevent2376 C:\Users\Jason.Wyche\source\repos\ece383_wksp\ip_repo\edit_OScope_2Channel_IP_v1_0.xpr
# Log file           : C:/Users/Jason.Wyche/source/repos/ece383_wksp/ip_repo/vivado.log
# Journal file       : C:/Users/Jason.Wyche/source/repos/ece383_wksp/ip_repo\vivado.jou
# Running On         : WycheSurfacePro
# Platform           : Windows Server 2016 or Windows 10
# Operating System   : 22631
# Processor Detail   : 12th Gen Intel(R) Core(TM) i5-1245U
# CPU Frequency      : 2496 MHz
# CPU Physical cores : 10
# CPU Logical cores  : 12
# Host memory        : 16995 MB
# Swap memory        : 2550 MB
# Total Virtual      : 19545 MB
# Available Virtual  : 7341 MB
#-----------------------------------------------------------
start_gui
open_project C:/Users/Jason.Wyche/source/repos/ece383_wksp/ip_repo/edit_OScope_2Channel_IP_v1_0.xpr
INFO: [filemgmt 56-3] Default IP Output Path : Could not find the directory 'C:/Users/Jason.Wyche/source/repos/ece383_wksp/ip_repo/edit_OScope_2Channel_IP_v1_0.gen/sources_1'.
Scanning sources...
Finished scanning sources
INFO: [IP_Flow 19-234] Refreshing IP repositories
INFO: [IP_Flow 19-1700] Loaded user IP repository 'c:/Users/Jason.Wyche/source/repos/ece383_wksp/ip_repo/OScope_2Channel_IP_1_0'.
INFO: [IP_Flow 19-2313] Loaded Vivado IP repository 'C:/Xilinx/Vivado/2024.2/data/ip'.
update_compile_order -fileset sources_1
ipx::open_ipxact_file C:/Users/Jason.Wyche/source/repos/ece383_wksp/ip_repo/OScope_2Channel_IP_1_0/component.xml
WARNING: [IP_Flow 19-3898] File Group 'xilinx_vhdlsynthesis (VHDL Synthesis)': File 'c:/Users/Jason.Wyche/source/repos/ece383_wksp/ip_repo/OScope_2Channel_IP_1_0/src/clk_wiz_1/clk_wiz_1.xci' is not found in the project sources. It will be removed from the packaged IP when the sources are merged. If still required, please add this file to the project and re-package.
WARNING: [IP_Flow 19-3898] File Group 'xilinx_vhdlsynthesis (VHDL Synthesis)': File 'c:/Users/Jason.Wyche/source/repos/ece383_wksp/ip_repo/OScope_2Channel_IP_1_0/src/clk_wiz_0/clk_wiz_0.xci' is not found in the project sources. It will be removed from the packaged IP when the sources are merged. If still required, please add this file to the project and re-package.
WARNING: [IP_Flow 19-3898] File Group 'xilinx_vhdlbehavioralsimulation (VHDL Simulation)': File 'c:/Users/Jason.Wyche/source/repos/ece383_wksp/ip_repo/OScope_2Channel_IP_1_0/src/clk_wiz_1/clk_wiz_1.xci' is not found in the project sources. It will be removed from the packaged IP when the sources are merged. If still required, please add this file to the project and re-package.
WARNING: [IP_Flow 19-3898] File Group 'xilinx_vhdlbehavioralsimulation (VHDL Simulation)': File 'c:/Users/Jason.Wyche/source/repos/ece383_wksp/ip_repo/OScope_2Channel_IP_1_0/src/clk_wiz_0/clk_wiz_0.xci' is not found in the project sources. It will be removed from the packaged IP when the sources are merged. If still required, please add this file to the project and re-package.
WARNING: [IP_Flow 19-5897] The set of required XPM macros has changed from 'XPM_CDC' to ''
set_property core_revision 7 [ipx::current_core]
ipx::create_xgui_files [ipx::current_core]
ipx::update_checksums [ipx::current_core]
ipx::check_integrity [ipx::current_core]
WARNING: [IP_Flow 19-11889] HDL Parameter 'C_S00_AXI_DATA_WIDTH (C S00 AXI DATA WIDTH)': Order is obsolete with XGUI version >= 2.0
WARNING: [IP_Flow 19-11889] HDL Parameter 'C_S00_AXI_ADDR_WIDTH (C S00 AXI ADDR WIDTH)': Order is obsolete with XGUI version >= 2.0
CRITICAL WARNING: [IP_Flow 19-625] File Group 'xilinx_vhdlsynthesis (VHDL Synthesis)': One or more verilogSource files found added to the pure language VHDL file group: src/audio_init.v,...
CRITICAL WARNING: [IP_Flow 19-626] File Group 'xilinx_vhdlsynthesis (VHDL Synthesis)': verilogSource subcore file "mmcm_pll_drp_func_7s_mmcm.vh" is referenced from the pure language VHDL file group. Please consider changing the file group type to support mixed language sources.
CRITICAL WARNING: [IP_Flow 19-626] File Group 'xilinx_vhdlsynthesis (VHDL Synthesis)': verilogSource subcore file "mmcm_pll_drp_func_7s_pll.vh" is referenced from the pure language VHDL file group. Please consider changing the file group type to support mixed language sources.
CRITICAL WARNING: [IP_Flow 19-626] File Group 'xilinx_vhdlsynthesis (VHDL Synthesis)': verilogSource subcore file "mmcm_pll_drp_func_us_mmcm.vh" is referenced from the pure language VHDL file group. Please consider changing the file group type to support mixed language sources.
CRITICAL WARNING: [IP_Flow 19-626] File Group 'xilinx_vhdlsynthesis (VHDL Synthesis)': verilogSource subcore file "mmcm_pll_drp_func_us_pll.vh" is referenced from the pure language VHDL file group. Please consider changing the file group type to support mixed language sources.
CRITICAL WARNING: [IP_Flow 19-626] File Group 'xilinx_vhdlsynthesis (VHDL Synthesis)': verilogSource subcore file "mmcm_pll_drp_func_us_plus_pll.vh" is referenced from the pure language VHDL file group. Please consider changing the file group type to support mixed language sources.
CRITICAL WARNING: [IP_Flow 19-626] File Group 'xilinx_vhdlsynthesis (VHDL Synthesis)': verilogSource subcore file "mmcm_pll_drp_func_us_plus_mmcm.vh" is referenced from the pure language VHDL file group. Please consider changing the file group type to support mixed language sources.
CRITICAL WARNING: [IP_Flow 19-625] File Group 'xilinx_vhdlbehavioralsimulation (VHDL Simulation)': One or more verilogSource files found added to the pure language VHDL file group: src/audio_init.v,...
CRITICAL WARNING: [IP_Flow 19-626] File Group 'xilinx_vhdlbehavioralsimulation (VHDL Simulation)': verilogSource subcore file "mmcm_pll_drp_func_7s_mmcm.vh" is referenced from the pure language VHDL file group. Please consider changing the file group type to support mixed language sources.
CRITICAL WARNING: [IP_Flow 19-626] File Group 'xilinx_vhdlbehavioralsimulation (VHDL Simulation)': verilogSource subcore file "mmcm_pll_drp_func_7s_pll.vh" is referenced from the pure language VHDL file group. Please consider changing the file group type to support mixed language sources.
CRITICAL WARNING: [IP_Flow 19-626] File Group 'xilinx_vhdlbehavioralsimulation (VHDL Simulation)': verilogSource subcore file "mmcm_pll_drp_func_us_mmcm.vh" is referenced from the pure language VHDL file group. Please consider changing the file group type to support mixed language sources.
CRITICAL WARNING: [IP_Flow 19-626] File Group 'xilinx_vhdlbehavioralsimulation (VHDL Simulation)': verilogSource subcore file "mmcm_pll_drp_func_us_pll.vh" is referenced from the pure language VHDL file group. Please consider changing the file group type to support mixed language sources.
CRITICAL WARNING: [IP_Flow 19-626] File Group 'xilinx_vhdlbehavioralsimulation (VHDL Simulation)': verilogSource subcore file "mmcm_pll_drp_func_us_plus_pll.vh" is referenced from the pure language VHDL file group. Please consider changing the file group type to support mixed language sources.
CRITICAL WARNING: [IP_Flow 19-626] File Group 'xilinx_vhdlbehavioralsimulation (VHDL Simulation)': verilogSource subcore file "mmcm_pll_drp_func_us_plus_mmcm.vh" is referenced from the pure language VHDL file group. Please consider changing the file group type to support mixed language sources.
WARNING: [IP_Flow 19-11770] Clock interface 'S00_AXI_CLK' has no FREQ_HZ parameter.
WARNING: [IP_Flow 19-801] The last file in file group "VHDL Simulation" should be an HDL file: "src/clk_wiz_0/clk_wiz_0.xci".  During generation the IP Flow uses the last file to determine library and other information when generating the top wrapper file.  If possible, please make sure that non-HDL files are located earlier in the list of files for this file group.
INFO: [IP_Flow 19-2181] Payment is not required for this core.
WARNING: [IP_Flow 19-2187] The Product Guide file is missing.
INFO: [Ipptcl 7-1486] check_integrity: Integrity check passed.
ipx::save_core [ipx::current_core]
update_ip_catalog -rebuild -repo_path c:/Users/Jason.Wyche/source/repos/ece383_wksp/ip_repo/OScope_2Channel_IP_1_0
INFO: [IP_Flow 19-725] Reloaded user IP repository 'c:/Users/Jason.Wyche/source/repos/ece383_wksp/ip_repo/OScope_2Channel_IP_1_0'
WARNING: [filemgmt 56-199] Attempt to get parsing info during refresh. "On-the-fly" syntax checking information may be incorrect. [C:\Users\Jason.Wyche\source\repos\ece383_wksp\ip_repo\OScope_2Channel_IP_1_0\hdl\OScope_2Channel_IP.vhd:]
WARNING: [filemgmt 56-199] Attempt to get parsing info during refresh. "On-the-fly" syntax checking information may be incorrect. [C:\Users\Jason.Wyche\source\repos\ece383_wksp\ip_repo\OScope_2Channel_IP_1_0\hdl\OScope_2Channel_IP_slave_lite_v1_0_S00_AXI.vhd:]
WARNING: [filemgmt 56-199] Attempt to get parsing info during refresh. "On-the-fly" syntax checking information may be incorrect. [C:\Users\Jason.Wyche\source\repos\ece383_wksp\ip_repo\OScope_2Channel_IP_1_0\hdl\OScope_2Channel_IP_slave_lite_v1_0_S00_AXI.vhd:]
WARNING: [filemgmt 56-199] Attempt to get parsing info during refresh. "On-the-fly" syntax checking information may be incorrect. [C:\Users\Jason.Wyche\source\repos\ece383_wksp\ip_repo\OScope_2Channel_IP_1_0\hdl\OScope_2Channel_IP_slave_lite_v1_0_S00_AXI.vhd:]
ERROR: [Common 17-180] Spawn failed: No error
set_property simulator_language Mixed [current_project]
WARNING: [filemgmt 56-199] Attempt to get parsing info during refresh. "On-the-fly" syntax checking information may be incorrect. [C:\Users\Jason.Wyche\source\repos\ece383_wksp\ip_repo\OScope_2Channel_IP_1_0\hdl\OScope_2Channel_IP.vhd:]
WARNING: [filemgmt 56-199] Attempt to get parsing info during refresh. "On-the-fly" syntax checking information may be incorrect. [C:\Users\Jason.Wyche\source\repos\ece383_wksp\ip_repo\OScope_2Channel_IP_1_0\hdl\OScope_2Channel_IP_slave_lite_v1_0_S00_AXI.vhd:]
WARNING: [filemgmt 56-199] Attempt to get parsing info during refresh. "On-the-fly" syntax checking information may be incorrect. [C:\Users\Jason.Wyche\source\repos\ece383_wksp\ip_repo\OScope_2Channel_IP_1_0\hdl\OScope_2Channel_IP_slave_lite_v1_0_S00_AXI.vhd:]
WARNING: [filemgmt 56-199] Attempt to get parsing info during refresh. "On-the-fly" syntax checking information may be incorrect. [C:\Users\Jason.Wyche\source\repos\ece383_wksp\ip_repo\OScope_2Channel_IP_1_0\hdl\OScope_2Channel_IP_slave_lite_v1_0_S00_AXI.vhd:]
ERROR: [Common 17-180] Spawn failed: No error
set_property core_revision 8 [ipx::current_core]
ipx::create_xgui_files [ipx::current_core]
ipx::update_checksums [ipx::current_core]
ipx::check_integrity [ipx::current_core]
WARNING: [IP_Flow 19-11889] HDL Parameter 'C_S00_AXI_DATA_WIDTH (C S00 AXI DATA WIDTH)': Order is obsolete with XGUI version >= 2.0
WARNING: [IP_Flow 19-11889] HDL Parameter 'C_S00_AXI_ADDR_WIDTH (C S00 AXI ADDR WIDTH)': Order is obsolete with XGUI version >= 2.0
CRITICAL WARNING: [IP_Flow 19-625] File Group 'xilinx_vhdlsynthesis (VHDL Synthesis)': One or more verilogSource files found added to the pure language VHDL file group: src/audio_init.v,...
CRITICAL WARNING: [IP_Flow 19-626] File Group 'xilinx_vhdlsynthesis (VHDL Synthesis)': verilogSource subcore file "mmcm_pll_drp_func_7s_mmcm.vh" is referenced from the pure language VHDL file group. Please consider changing the file group type to support mixed language sources.
CRITICAL WARNING: [IP_Flow 19-626] File Group 'xilinx_vhdlsynthesis (VHDL Synthesis)': verilogSource subcore file "mmcm_pll_drp_func_7s_pll.vh" is referenced from the pure language VHDL file group. Please consider changing the file group type to support mixed language sources.
CRITICAL WARNING: [IP_Flow 19-626] File Group 'xilinx_vhdlsynthesis (VHDL Synthesis)': verilogSource subcore file "mmcm_pll_drp_func_us_mmcm.vh" is referenced from the pure language VHDL file group. Please consider changing the file group type to support mixed language sources.
CRITICAL WARNING: [IP_Flow 19-626] File Group 'xilinx_vhdlsynthesis (VHDL Synthesis)': verilogSource subcore file "mmcm_pll_drp_func_us_pll.vh" is referenced from the pure language VHDL file group. Please consider changing the file group type to support mixed language sources.
CRITICAL WARNING: [IP_Flow 19-626] File Group 'xilinx_vhdlsynthesis (VHDL Synthesis)': verilogSource subcore file "mmcm_pll_drp_func_us_plus_pll.vh" is referenced from the pure language VHDL file group. Please consider changing the file group type to support mixed language sources.
CRITICAL WARNING: [IP_Flow 19-626] File Group 'xilinx_vhdlsynthesis (VHDL Synthesis)': verilogSource subcore file "mmcm_pll_drp_func_us_plus_mmcm.vh" is referenced from the pure language VHDL file group. Please consider changing the file group type to support mixed language sources.
CRITICAL WARNING: [IP_Flow 19-625] File Group 'xilinx_vhdlbehavioralsimulation (VHDL Simulation)': One or more verilogSource files found added to the pure language VHDL file group: src/audio_init.v,...
CRITICAL WARNING: [IP_Flow 19-626] File Group 'xilinx_vhdlbehavioralsimulation (VHDL Simulation)': verilogSource subcore file "mmcm_pll_drp_func_7s_mmcm.vh" is referenced from the pure language VHDL file group. Please consider changing the file group type to support mixed language sources.
CRITICAL WARNING: [IP_Flow 19-626] File Group 'xilinx_vhdlbehavioralsimulation (VHDL Simulation)': verilogSource subcore file "mmcm_pll_drp_func_7s_pll.vh" is referenced from the pure language VHDL file group. Please consider changing the file group type to support mixed language sources.
CRITICAL WARNING: [IP_Flow 19-626] File Group 'xilinx_vhdlbehavioralsimulation (VHDL Simulation)': verilogSource subcore file "mmcm_pll_drp_func_us_mmcm.vh" is referenced from the pure language VHDL file group. Please consider changing the file group type to support mixed language sources.
CRITICAL WARNING: [IP_Flow 19-626] File Group 'xilinx_vhdlbehavioralsimulation (VHDL Simulation)': verilogSource subcore file "mmcm_pll_drp_func_us_pll.vh" is referenced from the pure language VHDL file group. Please consider changing the file group type to support mixed language sources.
CRITICAL WARNING: [IP_Flow 19-626] File Group 'xilinx_vhdlbehavioralsimulation (VHDL Simulation)': verilogSource subcore file "mmcm_pll_drp_func_us_plus_pll.vh" is referenced from the pure language VHDL file group. Please consider changing the file group type to support mixed language sources.
CRITICAL WARNING: [IP_Flow 19-626] File Group 'xilinx_vhdlbehavioralsimulation (VHDL Simulation)': verilogSource subcore file "mmcm_pll_drp_func_us_plus_mmcm.vh" is referenced from the pure language VHDL file group. Please consider changing the file group type to support mixed language sources.
WARNING: [IP_Flow 19-11770] Clock interface 'S00_AXI_CLK' has no FREQ_HZ parameter.
WARNING: [IP_Flow 19-801] The last file in file group "VHDL Simulation" should be an HDL file: "src/clk_wiz_0/clk_wiz_0.xci".  During generation the IP Flow uses the last file to determine library and other information when generating the top wrapper file.  If possible, please make sure that non-HDL files are located earlier in the list of files for this file group.
INFO: [IP_Flow 19-2181] Payment is not required for this core.
WARNING: [IP_Flow 19-2187] The Product Guide file is missing.
INFO: [Ipptcl 7-1486] check_integrity: Integrity check passed.
ipx::save_core [ipx::current_core]
update_ip_catalog -rebuild -repo_path c:/Users/Jason.Wyche/source/repos/ece383_wksp/ip_repo/OScope_2Channel_IP_1_0
INFO: [IP_Flow 19-725] Reloaded user IP repository 'c:/Users/Jason.Wyche/source/repos/ece383_wksp/ip_repo/OScope_2Channel_IP_1_0'
WARNING: [filemgmt 56-199] Attempt to get parsing info during refresh. "On-the-fly" syntax checking information may be incorrect. [C:\Users\Jason.Wyche\source\repos\ece383_wksp\ip_repo\OScope_2Channel_IP_1_0\hdl\OScope_2Channel_IP.vhd:]
WARNING: [filemgmt 56-199] Attempt to get parsing info during refresh. "On-the-fly" syntax checking information may be incorrect. [C:\Users\Jason.Wyche\source\repos\ece383_wksp\ip_repo\OScope_2Channel_IP_1_0\hdl\OScope_2Channel_IP_slave_lite_v1_0_S00_AXI.vhd:]
WARNING: [filemgmt 56-199] Attempt to get parsing info during refresh. "On-the-fly" syntax checking information may be incorrect. [C:\Users\Jason.Wyche\source\repos\ece383_wksp\ip_repo\OScope_2Channel_IP_1_0\hdl\OScope_2Channel_IP_slave_lite_v1_0_S00_AXI.vhd:]
WARNING: [filemgmt 56-199] Attempt to get parsing info during refresh. "On-the-fly" syntax checking information may be incorrect. [C:\Users\Jason.Wyche\source\repos\ece383_wksp\ip_repo\OScope_2Channel_IP_1_0\hdl\OScope_2Channel_IP_slave_lite_v1_0_S00_AXI.vhd:]
ERROR: [Common 17-180] Spawn failed: No error
ipx::add_file_group -type synthesis {} [ipx::current_core]
set_property is_include true [ipx::get_files hdl/OScope_2Channel_IP_slave_lite_v1_0_S00_AXI.vhd -of_objects [ipx::get_file_groups xilinx_vhdlsynthesis -of_objects [ipx::current_core]]]
set_property is_include false [ipx::get_files hdl/OScope_2Channel_IP_slave_lite_v1_0_S00_AXI.vhd -of_objects [ipx::get_file_groups xilinx_vhdlsynthesis -of_objects [ipx::current_core]]]
ipx::add_file hdl/OScope_2Channel_IP_slave_lite_v1_0_S00_AXI.vhd [ipx::get_file_groups xilinx_anylanguagesynthesis -of_objects [ipx::current_core]]
ipx::add_file hdl/OScope_2Channel_IP.vhd [ipx::get_file_groups xilinx_anylanguagesynthesis -of_objects [ipx::current_core]]
set_property is_include true [ipx::get_files hdl/OScope_2Channel_IP_slave_lite_v1_0_S00_AXI.vhd -of_objects [ipx::get_file_groups xilinx_vhdlsynthesis -of_objects [ipx::current_core]]]
set_property is_include true [ipx::get_files hdl/OScope_2Channel_IP.vhd -of_objects [ipx::get_file_groups xilinx_vhdlsynthesis -of_objects [ipx::current_core]]]
set_property is_include true [ipx::get_files src/clk_wiz_1/clk_wiz_1.xci -of_objects [ipx::get_file_groups xilinx_vhdlsynthesis -of_objects [ipx::current_core]]]
set_property is_include true [ipx::get_files src/audio_init.v -of_objects [ipx::get_file_groups xilinx_vhdlsynthesis -of_objects [ipx::current_core]]]
set_property is_include true [ipx::get_files src/Audio_Codec_Wrapper.vhd -of_objects [ipx::get_file_groups xilinx_vhdlsynthesis -of_objects [ipx::current_core]]]
set_property is_include true [ipx::get_files src/TWICtl.vhd -of_objects [ipx::get_file_groups xilinx_vhdlsynthesis -of_objects [ipx::current_core]]]
set_property is_include true [ipx::get_files src/button_debounce.vhdl -of_objects [ipx::get_file_groups xilinx_vhdlsynthesis -of_objects [ipx::current_core]]]
set_property is_include true [ipx::get_files src/ece383_pkg.vhd -of_objects [ipx::get_file_groups xilinx_vhdlsynthesis -of_objects [ipx::current_core]]]
set_property is_include true [ipx::get_files src/color_mapper.vhd -of_objects [ipx::get_file_groups xilinx_vhdlsynthesis -of_objects [ipx::current_core]]]
set_property is_include true [ipx::get_files src/counter.vhd -of_objects [ipx::get_file_groups xilinx_vhdlsynthesis -of_objects [ipx::current_core]]]
set_property is_include true [ipx::get_files src/dvid.vhdl -of_objects [ipx::get_file_groups xilinx_vhdlsynthesis -of_objects [ipx::current_core]]]
set_property is_include true [ipx::get_files src/flag_register.vhd -of_objects [ipx::get_file_groups xilinx_vhdlsynthesis -of_objects [ipx::current_core]]]
set_property is_include true [ipx::get_files src/i2s_ctl.vhd -of_objects [ipx::get_file_groups xilinx_vhdlsynthesis -of_objects [ipx::current_core]]]
set_property is_include true [ipx::get_files src/numeric_stepper.vhd -of_objects [ipx::get_file_groups xilinx_vhdlsynthesis -of_objects [ipx::current_core]]]
set_property is_include true [ipx::get_files src/lab2_datapath.vhdl -of_objects [ipx::get_file_groups xilinx_vhdlsynthesis -of_objects [ipx::current_core]]]
set_property is_include true [ipx::get_files src/lab2_fsm.vhdl -of_objects [ipx::get_file_groups xilinx_vhdlsynthesis -of_objects [ipx::current_core]]]
set_property is_include true [ipx::get_files src/lec10.vhdl -of_objects [ipx::get_file_groups xilinx_vhdlsynthesis -of_objects [ipx::current_core]]]
set_property is_include true [ipx::get_files src/tdms.vhdl -of_objects [ipx::get_file_groups xilinx_vhdlsynthesis -of_objects [ipx::current_core]]]
set_property is_include true [ipx::get_files src/trigger_detector.vhd -of_objects [ipx::get_file_groups xilinx_vhdlsynthesis -of_objects [ipx::current_core]]]
set_property is_include true [ipx::get_files src/vga.vhd -of_objects [ipx::get_file_groups xilinx_vhdlsynthesis -of_objects [ipx::current_core]]]
set_property is_include true [ipx::get_files src/clk_wiz_0/clk_wiz_0.xci -of_objects [ipx::get_file_groups xilinx_vhdlsynthesis -of_objects [ipx::current_core]]]
set_property is_include true [ipx::get_files src/vga_signal_generator.vhd -of_objects [ipx::get_file_groups xilinx_vhdlsynthesis -of_objects [ipx::current_core]]]
set_property is_include true [ipx::get_files src/video.vhdl -of_objects [ipx::get_file_groups xilinx_vhdlsynthesis -of_objects [ipx::current_core]]]
ipx::add_file_group -type simulation {} [ipx::current_core]
set_property is_include true [ipx::get_files hdl/OScope_2Channel_IP_slave_lite_v1_0_S00_AXI.vhd -of_objects [ipx::get_file_groups xilinx_vhdlbehavioralsimulation -of_objects [ipx::current_core]]]
set_property is_include true [ipx::get_files hdl/OScope_2Channel_IP.vhd -of_objects [ipx::get_file_groups xilinx_vhdlbehavioralsimulation -of_objects [ipx::current_core]]]
set_property is_include true [ipx::get_files src/audio_init.v -of_objects [ipx::get_file_groups xilinx_vhdlbehavioralsimulation -of_objects [ipx::current_core]]]
set_property is_include true [ipx::get_files src/Audio_Codec_Wrapper.vhd -of_objects [ipx::get_file_groups xilinx_vhdlbehavioralsimulation -of_objects [ipx::current_core]]]
set_property is_include true [ipx::get_files src/TWICtl.vhd -of_objects [ipx::get_file_groups xilinx_vhdlbehavioralsimulation -of_objects [ipx::current_core]]]
set_property is_include true [ipx::get_files src/button_debounce.vhdl -of_objects [ipx::get_file_groups xilinx_vhdlbehavioralsimulation -of_objects [ipx::current_core]]]
set_property is_include true [ipx::get_files src/ece383_pkg.vhd -of_objects [ipx::get_file_groups xilinx_vhdlbehavioralsimulation -of_objects [ipx::current_core]]]
set_property is_include true [ipx::get_files src/color_mapper.vhd -of_objects [ipx::get_file_groups xilinx_vhdlbehavioralsimulation -of_objects [ipx::current_core]]]
set_property is_include true [ipx::get_files src/counter.vhd -of_objects [ipx::get_file_groups xilinx_vhdlbehavioralsimulation -of_objects [ipx::current_core]]]
set_property is_include true [ipx::get_files src/dvid.vhdl -of_objects [ipx::get_file_groups xilinx_vhdlbehavioralsimulation -of_objects [ipx::current_core]]]
set_property is_include true [ipx::get_files src/flag_register.vhd -of_objects [ipx::get_file_groups xilinx_vhdlbehavioralsimulation -of_objects [ipx::current_core]]]
set_property is_include true [ipx::get_files src/i2s_ctl.vhd -of_objects [ipx::get_file_groups xilinx_vhdlbehavioralsimulation -of_objects [ipx::current_core]]]
set_property is_include true [ipx::get_files src/numeric_stepper.vhd -of_objects [ipx::get_file_groups xilinx_vhdlbehavioralsimulation -of_objects [ipx::current_core]]]
set_property is_include true [ipx::get_files src/lab2_datapath.vhdl -of_objects [ipx::get_file_groups xilinx_vhdlbehavioralsimulation -of_objects [ipx::current_core]]]
set_property is_include true [ipx::get_files src/lab2_fsm.vhdl -of_objects [ipx::get_file_groups xilinx_vhdlbehavioralsimulation -of_objects [ipx::current_core]]]
set_property is_include true [ipx::get_files src/lec10.vhdl -of_objects [ipx::get_file_groups xilinx_vhdlbehavioralsimulation -of_objects [ipx::current_core]]]
set_property is_include true [ipx::get_files src/tdms.vhdl -of_objects [ipx::get_file_groups xilinx_vhdlbehavioralsimulation -of_objects [ipx::current_core]]]
set_property is_include true [ipx::get_files src/trigger_detector.vhd -of_objects [ipx::get_file_groups xilinx_vhdlbehavioralsimulation -of_objects [ipx::current_core]]]
set_property is_include true [ipx::get_files src/vga.vhd -of_objects [ipx::get_file_groups xilinx_vhdlbehavioralsimulation -of_objects [ipx::current_core]]]
set_property is_include true [ipx::get_files src/vga_signal_generator.vhd -of_objects [ipx::get_file_groups xilinx_vhdlbehavioralsimulation -of_objects [ipx::current_core]]]
set_property is_include true [ipx::get_files src/video.vhdl -of_objects [ipx::get_file_groups xilinx_vhdlbehavioralsimulation -of_objects [ipx::current_core]]]
set_property is_include true [ipx::get_files src/clk_wiz_1/clk_wiz_1.xci -of_objects [ipx::get_file_groups xilinx_vhdlbehavioralsimulation -of_objects [ipx::current_core]]]
set_property is_include true [ipx::get_files src/clk_wiz_0/clk_wiz_0.xci -of_objects [ipx::get_file_groups xilinx_vhdlbehavioralsimulation -of_objects [ipx::current_core]]]
set_property is_include true [ipx::get_files drivers/OScope_2Channel_IP_v1_0/data/OScope_2Channel_IP.mdd -of_objects [ipx::get_file_groups xilinx_softwaredriver -of_objects [ipx::current_core]]]
set_property is_include true [ipx::get_files drivers/OScope_2Channel_IP_v1_0/data/OScope_2Channel_IP.tcl -of_objects [ipx::get_file_groups xilinx_softwaredriver -of_objects [ipx::current_core]]]
set_property is_include true [ipx::get_files drivers/OScope_2Channel_IP_v1_0/src/Makefile -of_objects [ipx::get_file_groups xilinx_softwaredriver -of_objects [ipx::current_core]]]
set_property is_include true [ipx::get_files drivers/OScope_2Channel_IP_v1_0/src/OScope_2Channel_IP.h -of_objects [ipx::get_file_groups xilinx_softwaredriver -of_objects [ipx::current_core]]]
set_property is_include true [ipx::get_files drivers/OScope_2Channel_IP_v1_0/src/OScope_2Channel_IP.c -of_objects [ipx::get_file_groups xilinx_softwaredriver -of_objects [ipx::current_core]]]
set_property is_include true [ipx::get_files drivers/OScope_2Channel_IP_v1_0/src/OScope_2Channel_IP_selftest.c -of_objects [ipx::get_file_groups xilinx_softwaredriver -of_objects [ipx::current_core]]]
set_property is_include true [ipx::get_files xgui/OScope_2Channel_IP_v1_0.tcl -of_objects [ipx::get_file_groups xilinx_xpgui -of_objects [ipx::current_core]]]
set_property is_include true [ipx::get_files bd/bd.tcl -of_objects [ipx::get_file_groups bd_tcl -of_objects [ipx::current_core]]]
set_property is_include false [ipx::get_files hdl/OScope_2Channel_IP_slave_lite_v1_0_S00_AXI.vhd -of_objects [ipx::get_file_groups xilinx_vhdlsynthesis -of_objects [ipx::current_core]]]
set_property is_include false [ipx::get_files hdl/OScope_2Channel_IP.vhd -of_objects [ipx::get_file_groups xilinx_vhdlsynthesis -of_objects [ipx::current_core]]]
set_property is_include false [ipx::get_files src/clk_wiz_1/clk_wiz_1.xci -of_objects [ipx::get_file_groups xilinx_vhdlsynthesis -of_objects [ipx::current_core]]]
set_property is_include false [ipx::get_files src/audio_init.v -of_objects [ipx::get_file_groups xilinx_vhdlsynthesis -of_objects [ipx::current_core]]]
set_property is_include false [ipx::get_files src/Audio_Codec_Wrapper.vhd -of_objects [ipx::get_file_groups xilinx_vhdlsynthesis -of_objects [ipx::current_core]]]
set_property is_include false [ipx::get_files src/TWICtl.vhd -of_objects [ipx::get_file_groups xilinx_vhdlsynthesis -of_objects [ipx::current_core]]]
set_property is_include false [ipx::get_files src/button_debounce.vhdl -of_objects [ipx::get_file_groups xilinx_vhdlsynthesis -of_objects [ipx::current_core]]]
set_property is_include false [ipx::get_files src/ece383_pkg.vhd -of_objects [ipx::get_file_groups xilinx_vhdlsynthesis -of_objects [ipx::current_core]]]
set_property is_include false [ipx::get_files src/color_mapper.vhd -of_objects [ipx::get_file_groups xilinx_vhdlsynthesis -of_objects [ipx::current_core]]]
set_property is_include false [ipx::get_files src/counter.vhd -of_objects [ipx::get_file_groups xilinx_vhdlsynthesis -of_objects [ipx::current_core]]]
set_property is_include false [ipx::get_files src/dvid.vhdl -of_objects [ipx::get_file_groups xilinx_vhdlsynthesis -of_objects [ipx::current_core]]]
set_property is_include false [ipx::get_files src/flag_register.vhd -of_objects [ipx::get_file_groups xilinx_vhdlsynthesis -of_objects [ipx::current_core]]]
set_property is_include false [ipx::get_files src/i2s_ctl.vhd -of_objects [ipx::get_file_groups xilinx_vhdlsynthesis -of_objects [ipx::current_core]]]
set_property is_include false [ipx::get_files src/numeric_stepper.vhd -of_objects [ipx::get_file_groups xilinx_vhdlsynthesis -of_objects [ipx::current_core]]]
set_property is_include false [ipx::get_files src/lab2_datapath.vhdl -of_objects [ipx::get_file_groups xilinx_vhdlsynthesis -of_objects [ipx::current_core]]]
set_property is_include false [ipx::get_files src/lab2_fsm.vhdl -of_objects [ipx::get_file_groups xilinx_vhdlsynthesis -of_objects [ipx::current_core]]]
set_property is_include false [ipx::get_files src/lec10.vhdl -of_objects [ipx::get_file_groups xilinx_vhdlsynthesis -of_objects [ipx::current_core]]]
set_property is_include false [ipx::get_files src/tdms.vhdl -of_objects [ipx::get_file_groups xilinx_vhdlsynthesis -of_objects [ipx::current_core]]]
set_property is_include false [ipx::get_files src/trigger_detector.vhd -of_objects [ipx::get_file_groups xilinx_vhdlsynthesis -of_objects [ipx::current_core]]]
set_property is_include false [ipx::get_files src/vga.vhd -of_objects [ipx::get_file_groups xilinx_vhdlsynthesis -of_objects [ipx::current_core]]]
set_property is_include false [ipx::get_files src/clk_wiz_0/clk_wiz_0.xci -of_objects [ipx::get_file_groups xilinx_vhdlsynthesis -of_objects [ipx::current_core]]]
set_property is_include false [ipx::get_files src/vga_signal_generator.vhd -of_objects [ipx::get_file_groups xilinx_vhdlsynthesis -of_objects [ipx::current_core]]]
set_property is_include false [ipx::get_files src/video.vhdl -of_objects [ipx::get_file_groups xilinx_vhdlsynthesis -of_objects [ipx::current_core]]]
set_property is_include false [ipx::get_files hdl/OScope_2Channel_IP_slave_lite_v1_0_S00_AXI.vhd -of_objects [ipx::get_file_groups xilinx_vhdlbehavioralsimulation -of_objects [ipx::current_core]]]
set_property is_include false [ipx::get_files hdl/OScope_2Channel_IP.vhd -of_objects [ipx::get_file_groups xilinx_vhdlbehavioralsimulation -of_objects [ipx::current_core]]]
set_property is_include false [ipx::get_files src/audio_init.v -of_objects [ipx::get_file_groups xilinx_vhdlbehavioralsimulation -of_objects [ipx::current_core]]]
set_property is_include false [ipx::get_files src/Audio_Codec_Wrapper.vhd -of_objects [ipx::get_file_groups xilinx_vhdlbehavioralsimulation -of_objects [ipx::current_core]]]
set_property is_include false [ipx::get_files src/TWICtl.vhd -of_objects [ipx::get_file_groups xilinx_vhdlbehavioralsimulation -of_objects [ipx::current_core]]]
set_property is_include false [ipx::get_files src/button_debounce.vhdl -of_objects [ipx::get_file_groups xilinx_vhdlbehavioralsimulation -of_objects [ipx::current_core]]]
set_property is_include false [ipx::get_files src/ece383_pkg.vhd -of_objects [ipx::get_file_groups xilinx_vhdlbehavioralsimulation -of_objects [ipx::current_core]]]
set_property is_include false [ipx::get_files src/color_mapper.vhd -of_objects [ipx::get_file_groups xilinx_vhdlbehavioralsimulation -of_objects [ipx::current_core]]]
set_property is_include false [ipx::get_files src/counter.vhd -of_objects [ipx::get_file_groups xilinx_vhdlbehavioralsimulation -of_objects [ipx::current_core]]]
set_property is_include false [ipx::get_files src/dvid.vhdl -of_objects [ipx::get_file_groups xilinx_vhdlbehavioralsimulation -of_objects [ipx::current_core]]]
set_property is_include false [ipx::get_files src/flag_register.vhd -of_objects [ipx::get_file_groups xilinx_vhdlbehavioralsimulation -of_objects [ipx::current_core]]]
set_property is_include false [ipx::get_files src/i2s_ctl.vhd -of_objects [ipx::get_file_groups xilinx_vhdlbehavioralsimulation -of_objects [ipx::current_core]]]
set_property is_include false [ipx::get_files src/numeric_stepper.vhd -of_objects [ipx::get_file_groups xilinx_vhdlbehavioralsimulation -of_objects [ipx::current_core]]]
set_property is_include false [ipx::get_files src/lab2_datapath.vhdl -of_objects [ipx::get_file_groups xilinx_vhdlbehavioralsimulation -of_objects [ipx::current_core]]]
set_property is_include false [ipx::get_files src/lab2_fsm.vhdl -of_objects [ipx::get_file_groups xilinx_vhdlbehavioralsimulation -of_objects [ipx::current_core]]]
set_property is_include false [ipx::get_files src/lec10.vhdl -of_objects [ipx::get_file_groups xilinx_vhdlbehavioralsimulation -of_objects [ipx::current_core]]]
set_property is_include false [ipx::get_files src/tdms.vhdl -of_objects [ipx::get_file_groups xilinx_vhdlbehavioralsimulation -of_objects [ipx::current_core]]]
set_property is_include false [ipx::get_files src/trigger_detector.vhd -of_objects [ipx::get_file_groups xilinx_vhdlbehavioralsimulation -of_objects [ipx::current_core]]]
set_property is_include false [ipx::get_files src/vga.vhd -of_objects [ipx::get_file_groups xilinx_vhdlbehavioralsimulation -of_objects [ipx::current_core]]]
set_property is_include false [ipx::get_files src/vga_signal_generator.vhd -of_objects [ipx::get_file_groups xilinx_vhdlbehavioralsimulation -of_objects [ipx::current_core]]]
set_property is_include false [ipx::get_files src/video.vhdl -of_objects [ipx::get_file_groups xilinx_vhdlbehavioralsimulation -of_objects [ipx::current_core]]]
set_property is_include false [ipx::get_files src/clk_wiz_1/clk_wiz_1.xci -of_objects [ipx::get_file_groups xilinx_vhdlbehavioralsimulation -of_objects [ipx::current_core]]]
set_property is_include false [ipx::get_files src/clk_wiz_0/clk_wiz_0.xci -of_objects [ipx::get_file_groups xilinx_vhdlbehavioralsimulation -of_objects [ipx::current_core]]]
set_property is_include false [ipx::get_files drivers/OScope_2Channel_IP_v1_0/data/OScope_2Channel_IP.mdd -of_objects [ipx::get_file_groups xilinx_softwaredriver -of_objects [ipx::current_core]]]
set_property is_include false [ipx::get_files drivers/OScope_2Channel_IP_v1_0/data/OScope_2Channel_IP.tcl -of_objects [ipx::get_file_groups xilinx_softwaredriver -of_objects [ipx::current_core]]]
set_property is_include false [ipx::get_files drivers/OScope_2Channel_IP_v1_0/src/Makefile -of_objects [ipx::get_file_groups xilinx_softwaredriver -of_objects [ipx::current_core]]]
set_property is_include false [ipx::get_files drivers/OScope_2Channel_IP_v1_0/src/OScope_2Channel_IP.h -of_objects [ipx::get_file_groups xilinx_softwaredriver -of_objects [ipx::current_core]]]
set_property is_include false [ipx::get_files drivers/OScope_2Channel_IP_v1_0/src/OScope_2Channel_IP.c -of_objects [ipx::get_file_groups xilinx_softwaredriver -of_objects [ipx::current_core]]]
set_property is_include false [ipx::get_files drivers/OScope_2Channel_IP_v1_0/src/OScope_2Channel_IP_selftest.c -of_objects [ipx::get_file_groups xilinx_softwaredriver -of_objects [ipx::current_core]]]
set_property is_include false [ipx::get_files xgui/OScope_2Channel_IP_v1_0.tcl -of_objects [ipx::get_file_groups xilinx_xpgui -of_objects [ipx::current_core]]]
set_property is_include false [ipx::get_files bd/bd.tcl -of_objects [ipx::get_file_groups bd_tcl -of_objects [ipx::current_core]]]
ipx::add_file src/clk_wiz_1/clk_wiz_1.xci [ipx::get_file_groups xilinx_anylanguagesynthesis -of_objects [ipx::current_core]]
ipx::add_file src/audio_init.v [ipx::get_file_groups xilinx_anylanguagesynthesis -of_objects [ipx::current_core]]
ipx::add_file src/Audio_Codec_Wrapper.vhd [ipx::get_file_groups xilinx_anylanguagesynthesis -of_objects [ipx::current_core]]
ipx::add_file src/TWICtl.vhd [ipx::get_file_groups xilinx_anylanguagesynthesis -of_objects [ipx::current_core]]
ipx::add_file src/button_debounce.vhdl [ipx::get_file_groups xilinx_anylanguagesynthesis -of_objects [ipx::current_core]]
ipx::add_file src/ece383_pkg.vhd [ipx::get_file_groups xilinx_anylanguagesynthesis -of_objects [ipx::current_core]]
ipx::add_file src/color_mapper.vhd [ipx::get_file_groups xilinx_anylanguagesynthesis -of_objects [ipx::current_core]]
ipx::add_file src/counter.vhd [ipx::get_file_groups xilinx_anylanguagesynthesis -of_objects [ipx::current_core]]
ipx::add_file src/dvid.vhdl [ipx::get_file_groups xilinx_anylanguagesynthesis -of_objects [ipx::current_core]]
ipx::add_file src/flag_register.vhd [ipx::get_file_groups xilinx_anylanguagesynthesis -of_objects [ipx::current_core]]
ipx::add_file src/i2s_ctl.vhd [ipx::get_file_groups xilinx_anylanguagesynthesis -of_objects [ipx::current_core]]
ipx::add_file src/numeric_stepper.vhd [ipx::get_file_groups xilinx_anylanguagesynthesis -of_objects [ipx::current_core]]
ipx::add_file src/lab2_datapath.vhdl [ipx::get_file_groups xilinx_anylanguagesynthesis -of_objects [ipx::current_core]]
ipx::add_file src/lab2_fsm.vhdl [ipx::get_file_groups xilinx_anylanguagesynthesis -of_objects [ipx::current_core]]
ipx::add_file src/lec10.vhdl [ipx::get_file_groups xilinx_anylanguagesynthesis -of_objects [ipx::current_core]]
ipx::add_file src/tdms.vhdl [ipx::get_file_groups xilinx_anylanguagesynthesis -of_objects [ipx::current_core]]
ipx::add_file src/trigger_detector.vhd [ipx::get_file_groups xilinx_anylanguagesynthesis -of_objects [ipx::current_core]]
ipx::add_file src/vga.vhd [ipx::get_file_groups xilinx_anylanguagesynthesis -of_objects [ipx::current_core]]
ipx::add_file src/clk_wiz_0/clk_wiz_0.xci [ipx::get_file_groups xilinx_anylanguagesynthesis -of_objects [ipx::current_core]]
ipx::add_file src/vga_signal_generator.vhd [ipx::get_file_groups xilinx_anylanguagesynthesis -of_objects [ipx::current_core]]
ipx::add_file src/video.vhdl [ipx::get_file_groups xilinx_anylanguagesynthesis -of_objects [ipx::current_core]]
ipx::add_file hdl/OScope_2Channel_IP_slave_lite_v1_0_S00_AXI.vhd [ipx::get_file_groups xilinx_anylanguagebehavioralsimulation -of_objects [ipx::current_core]]
ipx::add_file hdl/OScope_2Channel_IP.vhd [ipx::get_file_groups xilinx_anylanguagebehavioralsimulation -of_objects [ipx::current_core]]
ipx::add_file src/audio_init.v [ipx::get_file_groups xilinx_anylanguagebehavioralsimulation -of_objects [ipx::current_core]]
ipx::add_file src/Audio_Codec_Wrapper.vhd [ipx::get_file_groups xilinx_anylanguagebehavioralsimulation -of_objects [ipx::current_core]]
ipx::add_file src/TWICtl.vhd [ipx::get_file_groups xilinx_anylanguagebehavioralsimulation -of_objects [ipx::current_core]]
ipx::add_file src/button_debounce.vhdl [ipx::get_file_groups xilinx_anylanguagebehavioralsimulation -of_objects [ipx::current_core]]
ipx::add_file src/ece383_pkg.vhd [ipx::get_file_groups xilinx_anylanguagebehavioralsimulation -of_objects [ipx::current_core]]
ipx::add_file src/color_mapper.vhd [ipx::get_file_groups xilinx_anylanguagebehavioralsimulation -of_objects [ipx::current_core]]
ipx::add_file src/counter.vhd [ipx::get_file_groups xilinx_anylanguagebehavioralsimulation -of_objects [ipx::current_core]]
ipx::add_file src/dvid.vhdl [ipx::get_file_groups xilinx_anylanguagebehavioralsimulation -of_objects [ipx::current_core]]
ipx::add_file src/flag_register.vhd [ipx::get_file_groups xilinx_anylanguagebehavioralsimulation -of_objects [ipx::current_core]]
ipx::add_file src/i2s_ctl.vhd [ipx::get_file_groups xilinx_anylanguagebehavioralsimulation -of_objects [ipx::current_core]]
ipx::add_file src/numeric_stepper.vhd [ipx::get_file_groups xilinx_anylanguagebehavioralsimulation -of_objects [ipx::current_core]]
ipx::add_file src/lab2_datapath.vhdl [ipx::get_file_groups xilinx_anylanguagebehavioralsimulation -of_objects [ipx::current_core]]
ipx::add_file src/lab2_fsm.vhdl [ipx::get_file_groups xilinx_anylanguagebehavioralsimulation -of_objects [ipx::current_core]]
ipx::add_file src/lec10.vhdl [ipx::get_file_groups xilinx_anylanguagebehavioralsimulation -of_objects [ipx::current_core]]
ipx::add_file src/tdms.vhdl [ipx::get_file_groups xilinx_anylanguagebehavioralsimulation -of_objects [ipx::current_core]]
ipx::add_file src/trigger_detector.vhd [ipx::get_file_groups xilinx_anylanguagebehavioralsimulation -of_objects [ipx::current_core]]
ipx::add_file src/vga.vhd [ipx::get_file_groups xilinx_anylanguagebehavioralsimulation -of_objects [ipx::current_core]]
ipx::add_file src/vga_signal_generator.vhd [ipx::get_file_groups xilinx_anylanguagebehavioralsimulation -of_objects [ipx::current_core]]
ipx::add_file src/video.vhdl [ipx::get_file_groups xilinx_anylanguagebehavioralsimulation -of_objects [ipx::current_core]]
ipx::add_file src/clk_wiz_1/clk_wiz_1.xci [ipx::get_file_groups xilinx_anylanguagebehavioralsimulation -of_objects [ipx::current_core]]
ipx::add_file src/clk_wiz_0/clk_wiz_0.xci [ipx::get_file_groups xilinx_anylanguagebehavioralsimulation -of_objects [ipx::current_core]]
ipx::remove_file_group xilinx_vhdlsynthesis [ipx::current_core]
ipx::remove_file_group xilinx_vhdlbehavioralsimulation [ipx::current_core]
ipx::update_checksums [ipx::current_core]
ipx::save_core [ipx::current_core]
WARNING: [filemgmt 56-199] Attempt to get parsing info during refresh. "On-the-fly" syntax checking information may be incorrect. [C:\Users\Jason.Wyche\source\repos\ece383_wksp\ip_repo\OScope_2Channel_IP_1_0\hdl\OScope_2Channel_IP.vhd:]
WARNING: [filemgmt 56-199] Attempt to get parsing info during refresh. "On-the-fly" syntax checking information may be incorrect. [C:\Users\Jason.Wyche\source\repos\ece383_wksp\ip_repo\OScope_2Channel_IP_1_0\hdl\OScope_2Channel_IP_slave_lite_v1_0_S00_AXI.vhd:]
WARNING: [filemgmt 56-199] Attempt to get parsing info during refresh. "On-the-fly" syntax checking information may be incorrect. [C:\Users\Jason.Wyche\source\repos\ece383_wksp\ip_repo\OScope_2Channel_IP_1_0\hdl\OScope_2Channel_IP_slave_lite_v1_0_S00_AXI.vhd:]
WARNING: [filemgmt 56-199] Attempt to get parsing info during refresh. "On-the-fly" syntax checking information may be incorrect. [C:\Users\Jason.Wyche\source\repos\ece383_wksp\ip_repo\OScope_2Channel_IP_1_0\hdl\OScope_2Channel_IP_slave_lite_v1_0_S00_AXI.vhd:]
ERROR: [Common 17-180] Spawn failed: No error
set_property core_revision 9 [ipx::current_core]
ipx::create_xgui_files [ipx::current_core]
ipx::update_checksums [ipx::current_core]
ipx::check_integrity [ipx::current_core]
WARNING: [IP_Flow 19-11889] HDL Parameter 'C_S00_AXI_DATA_WIDTH (C S00 AXI DATA WIDTH)': Order is obsolete with XGUI version >= 2.0
WARNING: [IP_Flow 19-11889] HDL Parameter 'C_S00_AXI_ADDR_WIDTH (C S00 AXI ADDR WIDTH)': Order is obsolete with XGUI version >= 2.0
ERROR: [IP_Flow 19-407] File Group 'xilinx_anylanguagesynthesis (Synthesis)': Missing top model name.
ERROR: [IP_Flow 19-407] File Group 'xilinx_anylanguagebehavioralsimulation (Simulation)': Missing top model name.
WARNING: [IP_Flow 19-11770] Clock interface 'S00_AXI_CLK' has no FREQ_HZ parameter.
WARNING: [IP_Flow 19-801] The last file in file group "Simulation" should be an HDL file: "src/clk_wiz_0/clk_wiz_0.xci".  During generation the IP Flow uses the last file to determine library and other information when generating the top wrapper file.  If possible, please make sure that non-HDL files are located earlier in the list of files for this file group.
INFO: [IP_Flow 19-2181] Payment is not required for this core.
WARNING: [IP_Flow 19-2187] The Product Guide file is missing.
ERROR: [Ipptcl 7-1485] check_integrity: Integrity check failed.
ERROR: [Common 17-39] 'ipx::check_integrity' failed due to earlier errors.
ipx::update_checksums [ipx::current_core]
ipx::save_core [ipx::current_core]
WARNING: [filemgmt 56-199] Attempt to get parsing info during refresh. "On-the-fly" syntax checking information may be incorrect. [C:\Users\Jason.Wyche\source\repos\ece383_wksp\ip_repo\OScope_2Channel_IP_1_0\hdl\OScope_2Channel_IP.vhd:]
WARNING: [filemgmt 56-199] Attempt to get parsing info during refresh. "On-the-fly" syntax checking information may be incorrect. [C:\Users\Jason.Wyche\source\repos\ece383_wksp\ip_repo\OScope_2Channel_IP_1_0\hdl\OScope_2Channel_IP_slave_lite_v1_0_S00_AXI.vhd:]
WARNING: [filemgmt 56-199] Attempt to get parsing info during refresh. "On-the-fly" syntax checking information may be incorrect. [C:\Users\Jason.Wyche\source\repos\ece383_wksp\ip_repo\OScope_2Channel_IP_1_0\hdl\OScope_2Channel_IP.vhd:]
WARNING: [filemgmt 56-199] Attempt to get parsing info during refresh. "On-the-fly" syntax checking information may be incorrect. [C:\Users\Jason.Wyche\source\repos\ece383_wksp\ip_repo\OScope_2Channel_IP_1_0\hdl\OScope_2Channel_IP.vhd:]
ERROR: [Common 17-180] Spawn failed: No error
set_property model_name OScope_2Channel_IP [ipx::get_file_groups xilinx_anylanguagesynthesis -of_objects [ipx::current_core]]
set_property model_name OScope_2Channel_IP [ipx::get_file_groups xilinx_anylanguagebehavioralsimulation -of_objects [ipx::current_core]]
set_property core_revision 10 [ipx::current_core]
ipx::create_xgui_files [ipx::current_core]
ipx::update_checksums [ipx::current_core]
ipx::check_integrity [ipx::current_core]
WARNING: [IP_Flow 19-11889] HDL Parameter 'C_S00_AXI_DATA_WIDTH (C S00 AXI DATA WIDTH)': Order is obsolete with XGUI version >= 2.0
WARNING: [IP_Flow 19-11889] HDL Parameter 'C_S00_AXI_ADDR_WIDTH (C S00 AXI ADDR WIDTH)': Order is obsolete with XGUI version >= 2.0
WARNING: [IP_Flow 19-11770] Clock interface 'S00_AXI_CLK' has no FREQ_HZ parameter.
WARNING: [IP_Flow 19-801] The last file in file group "Simulation" should be an HDL file: "src/clk_wiz_0/clk_wiz_0.xci".  During generation the IP Flow uses the last file to determine library and other information when generating the top wrapper file.  If possible, please make sure that non-HDL files are located earlier in the list of files for this file group.
INFO: [IP_Flow 19-2181] Payment is not required for this core.
WARNING: [IP_Flow 19-2187] The Product Guide file is missing.
INFO: [Ipptcl 7-1486] check_integrity: Integrity check passed.
ipx::save_core [ipx::current_core]
update_ip_catalog -rebuild -repo_path c:/Users/Jason.Wyche/source/repos/ece383_wksp/ip_repo/OScope_2Channel_IP_1_0
INFO: [IP_Flow 19-725] Reloaded user IP repository 'c:/Users/Jason.Wyche/source/repos/ece383_wksp/ip_repo/OScope_2Channel_IP_1_0'
WARNING: [filemgmt 56-199] Attempt to get parsing info during refresh. "On-the-fly" syntax checking information may be incorrect. [C:\Users\Jason.Wyche\source\repos\ece383_wksp\ip_repo\OScope_2Channel_IP_1_0\hdl\OScope_2Channel_IP.vhd:]
WARNING: [filemgmt 56-199] Attempt to get parsing info during refresh. "On-the-fly" syntax checking information may be incorrect. [C:\Users\Jason.Wyche\source\repos\ece383_wksp\ip_repo\OScope_2Channel_IP_1_0\hdl\OScope_2Channel_IP_slave_lite_v1_0_S00_AXI.vhd:]
WARNING: [filemgmt 56-199] Attempt to get parsing info during refresh. "On-the-fly" syntax checking information may be incorrect. [C:\Users\Jason.Wyche\source\repos\ece383_wksp\ip_repo\OScope_2Channel_IP_1_0\hdl\OScope_2Channel_IP_slave_lite_v1_0_S00_AXI.vhd:]
WARNING: [filemgmt 56-199] Attempt to get parsing info during refresh. "On-the-fly" syntax checking information may be incorrect. [C:\Users\Jason.Wyche\source\repos\ece383_wksp\ip_repo\OScope_2Channel_IP_1_0\hdl\OScope_2Channel_IP_slave_lite_v1_0_S00_AXI.vhd:]
ERROR: [Common 17-180] Spawn failed: No error
set_property core_revision 11 [ipx::current_core]
ipx::create_xgui_files [ipx::current_core]
ipx::update_checksums [ipx::current_core]
ipx::check_integrity [ipx::current_core]
WARNING: [IP_Flow 19-11889] HDL Parameter 'C_S00_AXI_DATA_WIDTH (C S00 AXI DATA WIDTH)': Order is obsolete with XGUI version >= 2.0
WARNING: [IP_Flow 19-11889] HDL Parameter 'C_S00_AXI_ADDR_WIDTH (C S00 AXI ADDR WIDTH)': Order is obsolete with XGUI version >= 2.0
WARNING: [IP_Flow 19-11770] Clock interface 'S00_AXI_CLK' has no FREQ_HZ parameter.
WARNING: [IP_Flow 19-801] The last file in file group "Simulation" should be an HDL file: "src/clk_wiz_0/clk_wiz_0.xci".  During generation the IP Flow uses the last file to determine library and other information when generating the top wrapper file.  If possible, please make sure that non-HDL files are located earlier in the list of files for this file group.
INFO: [IP_Flow 19-2181] Payment is not required for this core.
WARNING: [IP_Flow 19-2187] The Product Guide file is missing.
INFO: [Ipptcl 7-1486] check_integrity: Integrity check passed.
ipx::save_core [ipx::current_core]
update_ip_catalog -rebuild -repo_path c:/Users/Jason.Wyche/source/repos/ece383_wksp/ip_repo/OScope_2Channel_IP_1_0
INFO: [IP_Flow 19-725] Reloaded user IP repository 'c:/Users/Jason.Wyche/source/repos/ece383_wksp/ip_repo/OScope_2Channel_IP_1_0'
WARNING: [filemgmt 56-199] Attempt to get parsing info during refresh. "On-the-fly" syntax checking information may be incorrect. [C:\Users\Jason.Wyche\source\repos\ece383_wksp\ip_repo\OScope_2Channel_IP_1_0\hdl\OScope_2Channel_IP.vhd:]
WARNING: [filemgmt 56-199] Attempt to get parsing info during refresh. "On-the-fly" syntax checking information may be incorrect. [C:\Users\Jason.Wyche\source\repos\ece383_wksp\ip_repo\OScope_2Channel_IP_1_0\hdl\OScope_2Channel_IP_slave_lite_v1_0_S00_AXI.vhd:]
WARNING: [filemgmt 56-199] Attempt to get parsing info during refresh. "On-the-fly" syntax checking information may be incorrect. [C:\Users\Jason.Wyche\source\repos\ece383_wksp\ip_repo\OScope_2Channel_IP_1_0\hdl\OScope_2Channel_IP_slave_lite_v1_0_S00_AXI.vhd:]
WARNING: [filemgmt 56-199] Attempt to get parsing info during refresh. "On-the-fly" syntax checking information may be incorrect. [C:\Users\Jason.Wyche\source\repos\ece383_wksp\ip_repo\OScope_2Channel_IP_1_0\hdl\OScope_2Channel_IP_slave_lite_v1_0_S00_AXI.vhd:]
ERROR: [Common 17-180] Spawn failed: No error
exit
INFO: [Common 17-206] Exiting Vivado at Sat Mar 14 00:30:04 2026...
