#-----------------------------------------------------------
# Vivado v2024.2 (64-bit)
# SW Build 5239630 on Fri Nov 08 22:35:27 MST 2024
# IP Build 5239520 on Sun Nov 10 16:12:51 MST 2024
# SharedData Build 5239561 on Fri Nov 08 14:39:27 MST 2024
# Start of session at: Wed Mar 18 08:31:42 2026
# Process ID         : 19960
# Current directory  : C:/Users/Jason.Wyche/source/repos/ece383_wksp/ip_repo
# Command line       : vivado.exe -gui_launcher_event rodinguilauncherevent19364 C:\Users\Jason.Wyche\source\repos\ece383_wksp\ip_repo\edit_OScope_2Channel_IP_v1_0.xpr
# Log file           : C:/Users/Jason.Wyche/source/repos/ece383_wksp/ip_repo/vivado.log
# Journal file       : C:/Users/Jason.Wyche/source/repos/ece383_wksp/ip_repo\vivado.jou
# Running On         : WycheSurfacePro
# Platform           : Windows Server 2016 or Windows 10
# Operating System   : 22631
# Processor Detail   : 12th Gen Intel(R) Core(TM) i5-1245U
# CPU Frequency      : 2496 MHz
# CPU Physical cores : 10
# CPU Logical cores  : 12
# Host memory        : 16995 MB
# Swap memory        : 2550 MB
# Total Virtual      : 19545 MB
# Available Virtual  : 4548 MB
#-----------------------------------------------------------
start_gui
open_project C:/Users/Jason.Wyche/source/repos/ece383_wksp/ip_repo/edit_OScope_2Channel_IP_v1_0.xpr
INFO: [filemgmt 56-3] Default IP Output Path : Could not find the directory 'C:/Users/Jason.Wyche/source/repos/ece383_wksp/ip_repo/edit_OScope_2Channel_IP_v1_0.gen/sources_1'.
Scanning sources...
Finished scanning sources
INFO: [IP_Flow 19-234] Refreshing IP repositories
INFO: [IP_Flow 19-1700] Loaded user IP repository 'c:/Users/Jason.Wyche/source/repos/ece383_wksp/ip_repo/OScope_2Channel_IP_1_0'.
INFO: [IP_Flow 19-2313] Loaded Vivado IP repository 'C:/Xilinx/Vivado/2024.2/data/ip'.
WARNING: [IP_Flow 19-3664] IP 'clk_wiz_1' generated file not found 'c:/users/jason.wyche/source/repos/ece383_wksp/software_controlled_datapath/software_controlled_datapath.tmp/oscope_2channel_ip_v1_0_project/OScope_2Channel_IP_v1_0_project.gen/sources_1/ip/clk_wiz_1/mmcm_pll_drp_func_7s_mmcm.vh'. Please regenerate to continue.
WARNING: [IP_Flow 19-3664] IP 'clk_wiz_1' generated file not found 'c:/users/jason.wyche/source/repos/ece383_wksp/software_controlled_datapath/software_controlled_datapath.tmp/oscope_2channel_ip_v1_0_project/OScope_2Channel_IP_v1_0_project.gen/sources_1/ip/clk_wiz_1/mmcm_pll_drp_func_7s_pll.vh'. Please regenerate to continue.
WARNING: [IP_Flow 19-3664] IP 'clk_wiz_1' generated file not found 'c:/users/jason.wyche/source/repos/ece383_wksp/software_controlled_datapath/software_controlled_datapath.tmp/oscope_2channel_ip_v1_0_project/OScope_2Channel_IP_v1_0_project.gen/sources_1/ip/clk_wiz_1/mmcm_pll_drp_func_us_mmcm.vh'. Please regenerate to continue.
WARNING: [IP_Flow 19-3664] IP 'clk_wiz_1' generated file not found 'c:/users/jason.wyche/source/repos/ece383_wksp/software_controlled_datapath/software_controlled_datapath.tmp/oscope_2channel_ip_v1_0_project/OScope_2Channel_IP_v1_0_project.gen/sources_1/ip/clk_wiz_1/mmcm_pll_drp_func_us_pll.vh'. Please regenerate to continue.
WARNING: [IP_Flow 19-3664] IP 'clk_wiz_1' generated file not found 'c:/users/jason.wyche/source/repos/ece383_wksp/software_controlled_datapath/software_controlled_datapath.tmp/oscope_2channel_ip_v1_0_project/OScope_2Channel_IP_v1_0_project.gen/sources_1/ip/clk_wiz_1/mmcm_pll_drp_func_us_plus_pll.vh'. Please regenerate to continue.
WARNING: [IP_Flow 19-3664] IP 'clk_wiz_1' generated file not found 'c:/users/jason.wyche/source/repos/ece383_wksp/software_controlled_datapath/software_controlled_datapath.tmp/oscope_2channel_ip_v1_0_project/OScope_2Channel_IP_v1_0_project.gen/sources_1/ip/clk_wiz_1/mmcm_pll_drp_func_us_plus_mmcm.vh'. Please regenerate to continue.
WARNING: [IP_Flow 19-3664] IP 'clk_wiz_1' generated file not found 'c:/users/jason.wyche/source/repos/ece383_wksp/software_controlled_datapath/software_controlled_datapath.tmp/oscope_2channel_ip_v1_0_project/OScope_2Channel_IP_v1_0_project.gen/sources_1/ip/clk_wiz_1/clk_wiz_1_clk_wiz.v'. Please regenerate to continue.
WARNING: [IP_Flow 19-3664] IP 'clk_wiz_1' generated file not found 'c:/users/jason.wyche/source/repos/ece383_wksp/software_controlled_datapath/software_controlled_datapath.tmp/oscope_2channel_ip_v1_0_project/OScope_2Channel_IP_v1_0_project.gen/sources_1/ip/clk_wiz_1/clk_wiz_1.v'. Please regenerate to continue.
WARNING: [IP_Flow 19-3664] IP 'clk_wiz_1' generated file not found 'c:/users/jason.wyche/source/repos/ece383_wksp/software_controlled_datapath/software_controlled_datapath.tmp/oscope_2channel_ip_v1_0_project/OScope_2Channel_IP_v1_0_project.gen/sources_1/ip/clk_wiz_1/clk_wiz_1.xdc'. Please regenerate to continue.
WARNING: [IP_Flow 19-3664] IP 'clk_wiz_1' generated file not found 'c:/users/jason.wyche/source/repos/ece383_wksp/software_controlled_datapath/software_controlled_datapath.tmp/oscope_2channel_ip_v1_0_project/OScope_2Channel_IP_v1_0_project.gen/sources_1/ip/clk_wiz_1/clk_wiz_1_ooc.xdc'. Please regenerate to continue.
WARNING: [IP_Flow 19-3664] IP 'clk_wiz_1' generated file not found 'c:/users/jason.wyche/source/repos/ece383_wksp/software_controlled_datapath/software_controlled_datapath.tmp/oscope_2channel_ip_v1_0_project/OScope_2Channel_IP_v1_0_project.gen/sources_1/ip/clk_wiz_1/mmcm_pll_drp_func_7s_mmcm.vh'. Please regenerate to continue.
WARNING: [IP_Flow 19-3664] IP 'clk_wiz_1' generated file not found 'c:/users/jason.wyche/source/repos/ece383_wksp/software_controlled_datapath/software_controlled_datapath.tmp/oscope_2channel_ip_v1_0_project/OScope_2Channel_IP_v1_0_project.gen/sources_1/ip/clk_wiz_1/mmcm_pll_drp_func_7s_pll.vh'. Please regenerate to continue.
WARNING: [IP_Flow 19-3664] IP 'clk_wiz_1' generated file not found 'c:/users/jason.wyche/source/repos/ece383_wksp/software_controlled_datapath/software_controlled_datapath.tmp/oscope_2channel_ip_v1_0_project/OScope_2Channel_IP_v1_0_project.gen/sources_1/ip/clk_wiz_1/mmcm_pll_drp_func_us_mmcm.vh'. Please regenerate to continue.
WARNING: [IP_Flow 19-3664] IP 'clk_wiz_1' generated file not found 'c:/users/jason.wyche/source/repos/ece383_wksp/software_controlled_datapath/software_controlled_datapath.tmp/oscope_2channel_ip_v1_0_project/OScope_2Channel_IP_v1_0_project.gen/sources_1/ip/clk_wiz_1/mmcm_pll_drp_func_us_pll.vh'. Please regenerate to continue.
WARNING: [IP_Flow 19-3664] IP 'clk_wiz_1' generated file not found 'c:/users/jason.wyche/source/repos/ece383_wksp/software_controlled_datapath/software_controlled_datapath.tmp/oscope_2channel_ip_v1_0_project/OScope_2Channel_IP_v1_0_project.gen/sources_1/ip/clk_wiz_1/mmcm_pll_drp_func_us_plus_pll.vh'. Please regenerate to continue.
WARNING: [IP_Flow 19-3664] IP 'clk_wiz_1' generated file not found 'c:/users/jason.wyche/source/repos/ece383_wksp/software_controlled_datapath/software_controlled_datapath.tmp/oscope_2channel_ip_v1_0_project/OScope_2Channel_IP_v1_0_project.gen/sources_1/ip/clk_wiz_1/mmcm_pll_drp_func_us_plus_mmcm.vh'. Please regenerate to continue.
WARNING: [IP_Flow 19-3664] IP 'clk_wiz_1' generated file not found 'c:/users/jason.wyche/source/repos/ece383_wksp/software_controlled_datapath/software_controlled_datapath.tmp/oscope_2channel_ip_v1_0_project/OScope_2Channel_IP_v1_0_project.gen/sources_1/ip/clk_wiz_1/clk_wiz_1_clk_wiz.v'. Please regenerate to continue.
WARNING: [IP_Flow 19-3664] IP 'clk_wiz_1' generated file not found 'c:/users/jason.wyche/source/repos/ece383_wksp/software_controlled_datapath/software_controlled_datapath.tmp/oscope_2channel_ip_v1_0_project/OScope_2Channel_IP_v1_0_project.gen/sources_1/ip/clk_wiz_1/clk_wiz_1.v'. Please regenerate to continue.
WARNING: [IP_Flow 19-3664] IP 'clk_wiz_1' generated file not found 'c:/users/jason.wyche/source/repos/ece383_wksp/software_controlled_datapath/software_controlled_datapath.tmp/oscope_2channel_ip_v1_0_project/OScope_2Channel_IP_v1_0_project.gen/sources_1/ip/clk_wiz_1/clk_wiz_1.bmj'. Please regenerate to continue.
WARNING: [IP_Flow 19-3664] IP 'clk_wiz_1' generated file not found 'c:/users/jason.wyche/source/repos/ece383_wksp/software_controlled_datapath/software_controlled_datapath.tmp/oscope_2channel_ip_v1_0_project/OScope_2Channel_IP_v1_0_project.gen/sources_1/ip/clk_wiz_1/clk_wiz_1_bmstub.v'. Please regenerate to continue.
WARNING: [IP_Flow 19-3664] IP 'clk_wiz_1' generated file not found 'c:/users/jason.wyche/source/repos/ece383_wksp/software_controlled_datapath/software_controlled_datapath.tmp/oscope_2channel_ip_v1_0_project/OScope_2Channel_IP_v1_0_project.gen/sources_1/ip/clk_wiz_1/clk_wiz_1_board.xdc'. Please regenerate to continue.
WARNING: [IP_Flow 19-3664] IP 'clk_wiz_1' generated file not found 'c:/users/jason.wyche/source/repos/ece383_wksp/software_controlled_datapath/software_controlled_datapath.tmp/oscope_2channel_ip_v1_0_project/OScope_2Channel_IP_v1_0_project.gen/sources_1/ip/clk_wiz_1/doc/clk_wiz_v6_0_changelog.txt'. Please regenerate to continue.
WARNING: [IP_Flow 19-3664] IP 'clk_wiz_1' generated file not found 'c:/users/jason.wyche/source/repos/ece383_wksp/software_controlled_datapath/software_controlled_datapath.tmp/oscope_2channel_ip_v1_0_project/OScope_2Channel_IP_v1_0_project.gen/sources_1/ip/clk_wiz_1/clk_wiz_1.vho'. Please regenerate to continue.
WARNING: [IP_Flow 19-3664] IP 'clk_wiz_0' generated file not found 'c:/users/jason.wyche/source/repos/ece383_wksp/software_controlled_datapath/software_controlled_datapath.tmp/oscope_2channel_ip_v1_0_project/OScope_2Channel_IP_v1_0_project.gen/sources_1/ip/clk_wiz_0/mmcm_pll_drp_func_7s_mmcm.vh'. Please regenerate to continue.
WARNING: [IP_Flow 19-3664] IP 'clk_wiz_0' generated file not found 'c:/users/jason.wyche/source/repos/ece383_wksp/software_controlled_datapath/software_controlled_datapath.tmp/oscope_2channel_ip_v1_0_project/OScope_2Channel_IP_v1_0_project.gen/sources_1/ip/clk_wiz_0/mmcm_pll_drp_func_7s_pll.vh'. Please regenerate to continue.
WARNING: [IP_Flow 19-3664] IP 'clk_wiz_0' generated file not found 'c:/users/jason.wyche/source/repos/ece383_wksp/software_controlled_datapath/software_controlled_datapath.tmp/oscope_2channel_ip_v1_0_project/OScope_2Channel_IP_v1_0_project.gen/sources_1/ip/clk_wiz_0/mmcm_pll_drp_func_us_mmcm.vh'. Please regenerate to continue.
WARNING: [IP_Flow 19-3664] IP 'clk_wiz_0' generated file not found 'c:/users/jason.wyche/source/repos/ece383_wksp/software_controlled_datapath/software_controlled_datapath.tmp/oscope_2channel_ip_v1_0_project/OScope_2Channel_IP_v1_0_project.gen/sources_1/ip/clk_wiz_0/mmcm_pll_drp_func_us_pll.vh'. Please regenerate to continue.
WARNING: [IP_Flow 19-3664] IP 'clk_wiz_0' generated file not found 'c:/users/jason.wyche/source/repos/ece383_wksp/software_controlled_datapath/software_controlled_datapath.tmp/oscope_2channel_ip_v1_0_project/OScope_2Channel_IP_v1_0_project.gen/sources_1/ip/clk_wiz_0/mmcm_pll_drp_func_us_plus_pll.vh'. Please regenerate to continue.
WARNING: [IP_Flow 19-3664] IP 'clk_wiz_0' generated file not found 'c:/users/jason.wyche/source/repos/ece383_wksp/software_controlled_datapath/software_controlled_datapath.tmp/oscope_2channel_ip_v1_0_project/OScope_2Channel_IP_v1_0_project.gen/sources_1/ip/clk_wiz_0/mmcm_pll_drp_func_us_plus_mmcm.vh'. Please regenerate to continue.
WARNING: [IP_Flow 19-3664] IP 'clk_wiz_0' generated file not found 'c:/users/jason.wyche/source/repos/ece383_wksp/software_controlled_datapath/software_controlled_datapath.tmp/oscope_2channel_ip_v1_0_project/OScope_2Channel_IP_v1_0_project.gen/sources_1/ip/clk_wiz_0/clk_wiz_0_clk_wiz.v'. Please regenerate to continue.
WARNING: [IP_Flow 19-3664] IP 'clk_wiz_0' generated file not found 'c:/users/jason.wyche/source/repos/ece383_wksp/software_controlled_datapath/software_controlled_datapath.tmp/oscope_2channel_ip_v1_0_project/OScope_2Channel_IP_v1_0_project.gen/sources_1/ip/clk_wiz_0/clk_wiz_0.v'. Please regenerate to continue.
WARNING: [IP_Flow 19-3664] IP 'clk_wiz_0' generated file not found 'c:/users/jason.wyche/source/repos/ece383_wksp/software_controlled_datapath/software_controlled_datapath.tmp/oscope_2channel_ip_v1_0_project/OScope_2Channel_IP_v1_0_project.gen/sources_1/ip/clk_wiz_0/clk_wiz_0.xdc'. Please regenerate to continue.
WARNING: [IP_Flow 19-3664] IP 'clk_wiz_0' generated file not found 'c:/users/jason.wyche/source/repos/ece383_wksp/software_controlled_datapath/software_controlled_datapath.tmp/oscope_2channel_ip_v1_0_project/OScope_2Channel_IP_v1_0_project.gen/sources_1/ip/clk_wiz_0/clk_wiz_0_ooc.xdc'. Please regenerate to continue.
WARNING: [IP_Flow 19-3664] IP 'clk_wiz_0' generated file not found 'c:/users/jason.wyche/source/repos/ece383_wksp/software_controlled_datapath/software_controlled_datapath.tmp/oscope_2channel_ip_v1_0_project/OScope_2Channel_IP_v1_0_project.gen/sources_1/ip/clk_wiz_0/mmcm_pll_drp_func_7s_mmcm.vh'. Please regenerate to continue.
WARNING: [IP_Flow 19-3664] IP 'clk_wiz_0' generated file not found 'c:/users/jason.wyche/source/repos/ece383_wksp/software_controlled_datapath/software_controlled_datapath.tmp/oscope_2channel_ip_v1_0_project/OScope_2Channel_IP_v1_0_project.gen/sources_1/ip/clk_wiz_0/mmcm_pll_drp_func_7s_pll.vh'. Please regenerate to continue.
WARNING: [IP_Flow 19-3664] IP 'clk_wiz_0' generated file not found 'c:/users/jason.wyche/source/repos/ece383_wksp/software_controlled_datapath/software_controlled_datapath.tmp/oscope_2channel_ip_v1_0_project/OScope_2Channel_IP_v1_0_project.gen/sources_1/ip/clk_wiz_0/mmcm_pll_drp_func_us_mmcm.vh'. Please regenerate to continue.
WARNING: [IP_Flow 19-3664] IP 'clk_wiz_0' generated file not found 'c:/users/jason.wyche/source/repos/ece383_wksp/software_controlled_datapath/software_controlled_datapath.tmp/oscope_2channel_ip_v1_0_project/OScope_2Channel_IP_v1_0_project.gen/sources_1/ip/clk_wiz_0/mmcm_pll_drp_func_us_pll.vh'. Please regenerate to continue.
WARNING: [IP_Flow 19-3664] IP 'clk_wiz_0' generated file not found 'c:/users/jason.wyche/source/repos/ece383_wksp/software_controlled_datapath/software_controlled_datapath.tmp/oscope_2channel_ip_v1_0_project/OScope_2Channel_IP_v1_0_project.gen/sources_1/ip/clk_wiz_0/mmcm_pll_drp_func_us_plus_pll.vh'. Please regenerate to continue.
WARNING: [IP_Flow 19-3664] IP 'clk_wiz_0' generated file not found 'c:/users/jason.wyche/source/repos/ece383_wksp/software_controlled_datapath/software_controlled_datapath.tmp/oscope_2channel_ip_v1_0_project/OScope_2Channel_IP_v1_0_project.gen/sources_1/ip/clk_wiz_0/mmcm_pll_drp_func_us_plus_mmcm.vh'. Please regenerate to continue.
WARNING: [IP_Flow 19-3664] IP 'clk_wiz_0' generated file not found 'c:/users/jason.wyche/source/repos/ece383_wksp/software_controlled_datapath/software_controlled_datapath.tmp/oscope_2channel_ip_v1_0_project/OScope_2Channel_IP_v1_0_project.gen/sources_1/ip/clk_wiz_0/clk_wiz_0_clk_wiz.v'. Please regenerate to continue.
WARNING: [IP_Flow 19-3664] IP 'clk_wiz_0' generated file not found 'c:/users/jason.wyche/source/repos/ece383_wksp/software_controlled_datapath/software_controlled_datapath.tmp/oscope_2channel_ip_v1_0_project/OScope_2Channel_IP_v1_0_project.gen/sources_1/ip/clk_wiz_0/clk_wiz_0.v'. Please regenerate to continue.
WARNING: [IP_Flow 19-3664] IP 'clk_wiz_0' generated file not found 'c:/users/jason.wyche/source/repos/ece383_wksp/software_controlled_datapath/software_controlled_datapath.tmp/oscope_2channel_ip_v1_0_project/OScope_2Channel_IP_v1_0_project.gen/sources_1/ip/clk_wiz_0/clk_wiz_0.bmj'. Please regenerate to continue.
WARNING: [IP_Flow 19-3664] IP 'clk_wiz_0' generated file not found 'c:/users/jason.wyche/source/repos/ece383_wksp/software_controlled_datapath/software_controlled_datapath.tmp/oscope_2channel_ip_v1_0_project/OScope_2Channel_IP_v1_0_project.gen/sources_1/ip/clk_wiz_0/clk_wiz_0_bmstub.v'. Please regenerate to continue.
WARNING: [IP_Flow 19-3664] IP 'clk_wiz_0' generated file not found 'c:/users/jason.wyche/source/repos/ece383_wksp/software_controlled_datapath/software_controlled_datapath.tmp/oscope_2channel_ip_v1_0_project/OScope_2Channel_IP_v1_0_project.gen/sources_1/ip/clk_wiz_0/clk_wiz_0_board.xdc'. Please regenerate to continue.
WARNING: [IP_Flow 19-3664] IP 'clk_wiz_0' generated file not found 'c:/users/jason.wyche/source/repos/ece383_wksp/software_controlled_datapath/software_controlled_datapath.tmp/oscope_2channel_ip_v1_0_project/OScope_2Channel_IP_v1_0_project.gen/sources_1/ip/clk_wiz_0/doc/clk_wiz_v6_0_changelog.txt'. Please regenerate to continue.
WARNING: [IP_Flow 19-3664] IP 'clk_wiz_0' generated file not found 'c:/users/jason.wyche/source/repos/ece383_wksp/software_controlled_datapath/software_controlled_datapath.tmp/oscope_2channel_ip_v1_0_project/OScope_2Channel_IP_v1_0_project.gen/sources_1/ip/clk_wiz_0/clk_wiz_0.vho'. Please regenerate to continue.
update_compile_order -fileset sources_1
exit
INFO: [Common 17-206] Exiting Vivado at Wed Mar 18 08:50:07 2026...
