#-----------------------------------------------------------
# Vivado v2024.2 (64-bit)
# SW Build 5239630 on Fri Nov 08 22:35:27 MST 2024
# IP Build 5239520 on Sun Nov 10 16:12:51 MST 2024
# SharedData Build 5239561 on Fri Nov 08 14:39:27 MST 2024
# Start of session at: Fri Mar 13 23:07:55 2026
# Process ID         : 10344
# Current directory  : C:/Users/Jason.Wyche/source/repos/ece383_wksp/lab2/Lab2
# Command line       : vivado.exe -gui_launcher_event rodinguilauncherevent7684 C:\Users\Jason.Wyche\source\repos\ece383_wksp\lab2\Lab2\Lab2.xpr
# Log file           : C:/Users/Jason.Wyche/source/repos/ece383_wksp/lab2/Lab2/vivado.log
# Journal file       : C:/Users/Jason.Wyche/source/repos/ece383_wksp/lab2/Lab2\vivado.jou
# Running On         : WycheSurfacePro
# Platform           : Windows Server 2016 or Windows 10
# Operating System   : 22631
# Processor Detail   : 12th Gen Intel(R) Core(TM) i5-1245U
# CPU Frequency      : 2496 MHz
# CPU Physical cores : 10
# CPU Logical cores  : 12
# Host memory        : 16995 MB
# Swap memory        : 2550 MB
# Total Virtual      : 19545 MB
# Available Virtual  : 6236 MB
#-----------------------------------------------------------
start_gui
open_project C:/Users/Jason.Wyche/source/repos/ece383_wksp/lab2/Lab2/Lab2.xpr
Scanning sources...
Finished scanning sources
INFO: [IP_Flow 19-234] Refreshing IP repositories
INFO: [IP_Flow 19-1704] No user IP repositories specified
INFO: [IP_Flow 19-2313] Loaded Vivado IP repository 'C:/Xilinx/Vivado/2024.2/data/ip'.
update_compile_order -fileset sources_1
INFO: [Device 21-403] Loading part xc7a200tsbg484-1
exit
INFO: [Common 17-206] Exiting Vivado at Sat Mar 14 00:15:42 2026...
