#-----------------------------------------------------------
# Vivado v2024.2 (64-bit)
# SW Build 5239630 on Fri Nov 08 22:35:27 MST 2024
# IP Build 5239520 on Sun Nov 10 16:12:51 MST 2024
# SharedData Build 5239561 on Fri Nov 08 14:39:27 MST 2024
# Start of session at: Wed Apr  8 07:55:22 2026
# Process ID         : 14116
# Current directory  : C:/Users/Jason.Wyche/source/repos/ece383_wksp/Lab04_AudioWaveformGenerator
# Command line       : vivado.exe -gui_launcher_event rodinguilauncherevent6728 C:\Users\Jason.Wyche\source\repos\ece383_wksp\Lab04_AudioWaveformGenerator\Lab4.xpr
# Log file           : C:/Users/Jason.Wyche/source/repos/ece383_wksp/Lab04_AudioWaveformGenerator/vivado.log
# Journal file       : C:/Users/Jason.Wyche/source/repos/ece383_wksp/Lab04_AudioWaveformGenerator\vivado.jou
# Running On         : WycheSurfacePro
# Platform           : Windows Server 2016 or Windows 10
# Operating System   : 22631
# Processor Detail   : 12th Gen Intel(R) Core(TM) i5-1245U
# CPU Frequency      : 2496 MHz
# CPU Physical cores : 10
# CPU Logical cores  : 12
# Host memory        : 16995 MB
# Swap memory        : 2550 MB
# Total Virtual      : 19545 MB
# Available Virtual  : 8202 MB
#-----------------------------------------------------------
start_gui
open_project C:/Users/Jason.Wyche/source/repos/ece383_wksp/Lab04_AudioWaveformGenerator/Lab4.xpr
Scanning sources...
Finished scanning sources
INFO: [IP_Flow 19-234] Refreshing IP repositories
INFO: [IP_Flow 19-1704] No user IP repositories specified
INFO: [IP_Flow 19-2313] Loaded Vivado IP repository 'C:/Xilinx/Vivado/2024.2/data/ip'.
open_project: Time (s): cpu = 00:00:02 ; elapsed = 00:00:08 . Memory (MB): peak = 1138.023 ; gain = 95.430
reset_run synth_1
INFO: [Project 1-1161] Replacing file C:/Users/Jason.Wyche/source/repos/ece383_wksp/Lab04_AudioWaveformGenerator/Lab4.srcs/utils_1/imports/synth_1/Lab4.dcp with file C:/Users/Jason.Wyche/source/repos/ece383_wksp/Lab04_AudioWaveformGenerator/Lab4.runs/synth_1/Lab4.dcp
launch_runs impl_1 -to_step write_bitstream -jobs 6
[Wed Apr  8 08:20:33 2026] Launched synth_1...
Run output will be captured here: C:/Users/Jason.Wyche/source/repos/ece383_wksp/Lab04_AudioWaveformGenerator/Lab4.runs/synth_1/runme.log
[Wed Apr  8 08:20:33 2026] Launched impl_1...
Run output will be captured here: C:/Users/Jason.Wyche/source/repos/ece383_wksp/Lab04_AudioWaveformGenerator/Lab4.runs/impl_1/runme.log
open_hw_manager
connect_hw_server -allow_non_jtag
INFO: [Labtools 27-2285] Connecting to hw_server url TCP:localhost:3121
INFO: [Labtools 27-2222] Launching hw_server...
INFO: [Labtools 27-2221] Launch Output:

****** Xilinx hw_server v2024.2
  **** Build date : Oct 29 2024 at 10:25:41
    ** Copyright 1986-2022 Xilinx, Inc. All Rights Reserved.


INFO: [Labtools 27-3415] Connecting to cs_server url TCP:localhost:0
INFO: [Labtools 27-3417] Launching cs_server...
INFO: [Labtools 27-2221] Launch Output:


******** Xilinx cs_server v2024.2.0
  ****** Build date   : Oct 30 2024-12:19:07
    **** Build number : 2024.2.1730312347
      ** Copyright 2017-2022 Xilinx, Inc. All Rights Reserved.
      ** Copyright 2022-2026 Advanced Micro Devices, Inc. All Rights Reserved.



connect_hw_server: Time (s): cpu = 00:00:01 ; elapsed = 00:00:16 . Memory (MB): peak = 1174.383 ; gain = 19.090
open_hw_target
INFO: [Labtoolstcl 44-466] Opening hw_target localhost:3121/xilinx_tcf/Digilent/210276BA0139B
set_property PROGRAM.FILE {C:/Users/Jason.Wyche/source/repos/ece383_wksp/Lab04_AudioWaveformGenerator/Lab4.runs/impl_1/Lab4.bit} [get_hw_devices xc7a200t_0]
current_hw_device [get_hw_devices xc7a200t_0]
refresh_hw_device -update_hw_probes false [lindex [get_hw_devices xc7a200t_0] 0]
INFO: [Labtools 27-1434] Device xc7a200t (JTAG device index = 0) is programmed with a design that has no supported debug core(s) in it.
ERROR: [Labtoolstcl 44-513] HW Target shutdown. Closing target: localhost:3121/xilinx_tcf/Digilent/210276BA0139B
INFO: [Labtoolstcl 44-466] Opening hw_target localhost:3121/xilinx_tcf/Digilent/210276BA0139B
INFO: [Labtools 27-1434] Device xc7a200t (JTAG device index = 0) is programmed with a design that has no supported debug core(s) in it.
WARNING: [Labtoolstcl 44-129] No matching hw_ila_data was found.
set_property PROBES.FILE {} [get_hw_devices xc7a200t_0]
set_property FULL_PROBES.FILE {} [get_hw_devices xc7a200t_0]
set_property PROGRAM.FILE {C:/Users/Jason.Wyche/source/repos/ece383_wksp/Lab04_AudioWaveformGenerator/Lab4.runs/impl_1/Lab4.bit} [get_hw_devices xc7a200t_0]
program_hw_devices [get_hw_devices xc7a200t_0]
INFO: [Labtools 27-3164] End of startup status: HIGH
program_hw_devices: Time (s): cpu = 00:00:01 ; elapsed = 00:00:06 . Memory (MB): peak = 1241.352 ; gain = 0.000
refresh_hw_device [lindex [get_hw_devices xc7a200t_0] 0]
INFO: [Labtools 27-1434] Device xc7a200t (JTAG device index = 0) is programmed with a design that has no supported debug core(s) in it.
ERROR: [Labtoolstcl 44-513] HW Target shutdown. Closing target: localhost:3121/xilinx_tcf/Digilent/210276BA0139B
disconnect_hw_server localhost:3121
connect_hw_server -allow_non_jtag
INFO: [Labtools 27-2285] Connecting to hw_server url TCP:localhost:3121
INFO: [Labtools 27-3415] Connecting to cs_server url TCP:localhost:0
INFO: [Labtools 27-3417] Launching cs_server...
INFO: [Labtools 27-2221] Launch Output:


******** Xilinx cs_server v2024.2.0
  ****** Build date   : Oct 30 2024-12:19:07
    **** Build number : 2024.2.1730312347
      ** Copyright 2017-2022 Xilinx, Inc. All Rights Reserved.
      ** Copyright 2022-2026 Advanced Micro Devices, Inc. All Rights Reserved.



connect_hw_server: Time (s): cpu = 00:00:00 ; elapsed = 00:00:11 . Memory (MB): peak = 1241.352 ; gain = 0.000
open_hw_target
INFO: [Labtoolstcl 44-466] Opening hw_target localhost:3121/xilinx_tcf/Digilent/210276BA0139B
set_property PROGRAM.FILE {C:/Users/Jason.Wyche/source/repos/ece383_wksp/Lab04_AudioWaveformGenerator/Lab4.runs/impl_1/Lab4.bit} [get_hw_devices xc7a200t_0]
current_hw_device [get_hw_devices xc7a200t_0]
refresh_hw_device -update_hw_probes false [lindex [get_hw_devices xc7a200t_0] 0]
INFO: [Labtools 27-1434] Device xc7a200t (JTAG device index = 0) is programmed with a design that has no supported debug core(s) in it.
set_property PROBES.FILE {} [get_hw_devices xc7a200t_0]
set_property FULL_PROBES.FILE {} [get_hw_devices xc7a200t_0]
set_property PROGRAM.FILE {C:/Users/Jason.Wyche/source/repos/ece383_wksp/Lab04_AudioWaveformGenerator/Lab4.runs/impl_1/Lab4.bit} [get_hw_devices xc7a200t_0]
program_hw_devices [get_hw_devices xc7a200t_0]
INFO: [Labtools 27-3164] End of startup status: HIGH
program_hw_devices: Time (s): cpu = 00:00:03 ; elapsed = 00:00:06 . Memory (MB): peak = 1242.840 ; gain = 0.000
refresh_hw_device [lindex [get_hw_devices xc7a200t_0] 0]
INFO: [Labtools 27-1434] Device xc7a200t (JTAG device index = 0) is programmed with a design that has no supported debug core(s) in it.
ERROR: [Labtoolstcl 44-513] HW Target shutdown. Closing target: localhost:3121/xilinx_tcf/Digilent/210276BA0139B
exit
INFO: [Common 17-206] Exiting Vivado at Wed Apr  8 09:24:36 2026...
