08:51:01 **** Incremental Build of configuration Debug for project Microblaze_Intro_vitis ****
make all 
'Building file: ../src/helloworld.c'
'Invoking: MicroBlaze gcc compiler'
mb-gcc -Wall -O0 -g3 -c -fmessage-length=0 -MT"src/helloworld.o" -IC:/Users/Jason.Wyche/source/repos/ece383_wksp/design_1_wrapper/export/design_1_wrapper/sw/design_1_wrapper/standalone_microblaze_0/bspinclude/include -mlittle-endian -mcpu=v11.0 -mxl-soft-mul -Wl,--no-relax -ffunction-sections -fdata-sections -MMD -MP -MF"src/helloworld.d" -MT"src/helloworld.o" -o "src/helloworld.o" "../src/helloworld.c"
'Finished building: ../src/helloworld.c'
' '
'Building target: Microblaze_Intro_vitis.elf'
'Invoking: MicroBlaze gcc linker'
mb-gcc -Wl,-T -Wl,../src/lscript.ld -LC:/Users/Jason.Wyche/source/repos/ece383_wksp/design_1_wrapper/export/design_1_wrapper/sw/design_1_wrapper/standalone_microblaze_0/bsplib/lib -mlittle-endian -mcpu=v11.0 -mxl-soft-mul -Wl,--no-relax -Wl,--gc-sections -o "Microblaze_Intro_vitis.elf"  ./src/helloworld.o ./src/platform.o   -Wl,--start-group,-lxil,-lgcc,-lc,--end-group
'Finished building target: Microblaze_Intro_vitis.elf'
' '
'Invoking: MicroBlaze Print Size'
mb-size Microblaze_Intro_vitis.elf  |tee "Microblaze_Intro_vitis.elf.size"
   text	   data	    bss	    dec	    hex	filename
   2353	     24	   3431	   5808	   16b0	Microblaze_Intro_vitis.elf
'Finished building: Microblaze_Intro_vitis.elf.size'
' '

08:51:03 Build Finished (took 1s.694ms)

