09:15:05 **** Incremental Build of configuration Debug for project Microblaze_Interrupts_Vitis ****
make all 
'Building file: ../src/helloworld.c'
'Invoking: MicroBlaze gcc compiler'
mb-gcc -Wall -O0 -g3 -c -fmessage-length=0 -MT"src/helloworld.o" -IC:/Users/Jason.Wyche/source/repos/ece383_wksp/ice3/Microblaze_Interrupts/design_1_wrapper/export/design_1_wrapper/sw/design_1_wrapper/standalone_microblaze_0/bspinclude/include -mlittle-endian -mcpu=v11.0 -mxl-soft-mul -Wl,--no-relax -ffunction-sections -fdata-sections -MMD -MP -MF"src/helloworld.d" -MT"src/helloworld.o" -o "src/helloworld.o" "../src/helloworld.c"
'Finished building: ../src/helloworld.c'
' '
'Building target: Microblaze_Interrupts_Vitis.elf'
'Invoking: MicroBlaze gcc linker'
mb-gcc -Wl,-T -Wl,../src/lscript.ld -LC:/Users/Jason.Wyche/source/repos/ece383_wksp/ice3/Microblaze_Interrupts/design_1_wrapper/export/design_1_wrapper/sw/design_1_wrapper/standalone_microblaze_0/bsplib/lib -mlittle-endian -mcpu=v11.0 -mxl-soft-mul -Wl,--no-relax -Wl,--gc-sections -o "Microblaze_Interrupts_Vitis.elf"  ./src/helloworld.o ./src/platform.o   -Wl,--start-group,-lxil,-lgcc,-lc,--end-group
'Finished building target: Microblaze_Interrupts_Vitis.elf'
' '
'Invoking: MicroBlaze Print Size'
mb-size Microblaze_Interrupts_Vitis.elf  |tee "Microblaze_Interrupts_Vitis.elf.size"
   text	   data	    bss	    dec	    hex	filename
   7416	     24	   3432	  10872	   2a78	Microblaze_Interrupts_Vitis.elf
'Finished building: Microblaze_Interrupts_Vitis.elf.size'
' '

09:15:07 Build Finished (took 1s.315ms)

